../tensorflow_lite/tensorflow/lite/micro/memory_planner/greedy_memory_planner.cc:63:14:virtual TfLiteStatus tflite::GreedyMemoryPlanner::Init(unsigned char*, int)	8	static
../tensorflow_lite/tensorflow/lite/micro/memory_planner/greedy_memory_planner.cc:89:1:tflite::GreedyMemoryPlanner::~GreedyMemoryPlanner()	0	static
../tensorflow_lite/tensorflow/lite/micro/memory_planner/greedy_memory_planner.cc:111:14:virtual TfLiteStatus tflite::GreedyMemoryPlanner::AddBuffer(tflite::ErrorReporter*, int, int, int, int)	32	static
../tensorflow_lite/tensorflow/lite/micro/memory_planner/greedy_memory_planner.cc:399:5:virtual int tflite::GreedyMemoryPlanner::GetBufferCount()	0	static
../tensorflow_lite/tensorflow/lite/micro/memory_planner/greedy_memory_planner.cc:89:1:virtual tflite::GreedyMemoryPlanner::~GreedyMemoryPlanner()	8	static
../tensorflow_lite/tensorflow/lite/micro/memory_planner/greedy_memory_planner.cc:93:14:virtual TfLiteStatus tflite::GreedyMemoryPlanner::AddBuffer(tflite::ErrorReporter*, int, int, int)	16	static
../tensorflow_lite/tensorflow/lite/micro/memory_planner/greedy_memory_planner.cc:43:6:void tflite::ReverseSortInPlace(int*, int*, int)	20	static
../tensorflow_lite/tensorflow/lite/micro/memory_planner/greedy_memory_planner.cc:61:1:tflite::GreedyMemoryPlanner::GreedyMemoryPlanner()	0	static
../tensorflow_lite/tensorflow/lite/micro/memory_planner/greedy_memory_planner.cc:123:6:bool tflite::GreedyMemoryPlanner::DoesEntryOverlapInTime(const tflite::GreedyMemoryPlanner::ListEntry*, int, int) const	8	static
../tensorflow_lite/tensorflow/lite/micro/memory_planner/greedy_memory_planner.cc:138:1:tflite::GreedyMemoryPlanner::ListEntry* tflite::GreedyMemoryPlanner::NextSimultaneouslyActiveBuffer(const tflite::GreedyMemoryPlanner::ListEntry*, int, int)	16	static
../tensorflow_lite/tensorflow/lite/micro/memory_planner/greedy_memory_planner.cc:166:6:void tflite::GreedyMemoryPlanner::CalculateOffsetsIfNeeded()	56	static
../tensorflow_lite/tensorflow/lite/micro/memory_planner/greedy_memory_planner.cc:316:8:virtual size_t tflite::GreedyMemoryPlanner::GetMaximumMemorySize()	16	static
../tensorflow_lite/tensorflow/lite/micro/memory_planner/greedy_memory_planner.cc:338:6:virtual void tflite::GreedyMemoryPlanner::PrintMemoryPlan()	152	static
../tensorflow_lite/tensorflow/lite/micro/memory_planner/greedy_memory_planner.cc:401:14:virtual TfLiteStatus tflite::GreedyMemoryPlanner::GetOffsetForBuffer(tflite::ErrorReporter*, int, int*)	24	static
../tensorflow_lite/tensorflow/lite/micro/memory_planner/greedy_memory_planner.cc:414:6:bool tflite::GreedyMemoryPlanner::DoAnyBuffersOverlap(tflite::ErrorReporter*)	80	static
