Archive member included to satisfy reference by file (symbol)

../Middlewares/ST/AI/Lib/NetworkRuntime800_CM4_GCC.a(ai_platform.o)
                              ./X-CUBE-AI/App/network.o (ai_buffer_array_item_set_address)
../Middlewares/ST/AI/Lib/NetworkRuntime800_CM4_GCC.a(ai_platform_interface.o)
                              ./X-CUBE-AI/App/network.o (ai_platform_get_weights_map)
../Middlewares/ST/AI/Lib/NetworkRuntime800_CM4_GCC.a(core_mem_manager.o)
                              ../Middlewares/ST/AI/Lib/NetworkRuntime800_CM4_GCC.a(ai_platform_interface.o) (core_mem_alloc)
../Middlewares/ST/AI/Lib/NetworkRuntime800_CM4_GCC.a(core_convert.o)
                              ./X-CUBE-AI/App/network.o (node_convert)
../Middlewares/ST/AI/Lib/NetworkRuntime800_CM4_GCC.a(core_common.o)
                              ../Middlewares/ST/AI/Lib/NetworkRuntime800_CM4_GCC.a(ai_platform_interface.o) (core_init)
../Middlewares/ST/AI/Lib/NetworkRuntime800_CM4_GCC.a(layers_conv2d_stm32_integer.o)
                              ./X-CUBE-AI/App/network.o (forward_dense_integer_SSSA)
../Middlewares/ST/AI/Lib/NetworkRuntime800_CM4_GCC.a(layers_nl_generic_float.o)
                              ./X-CUBE-AI/App/network.o (forward_sm)
../Middlewares/ST/AI/Lib/NetworkRuntime800_CM4_GCC.a(layers_generic_float.o)
                              ./X-CUBE-AI/App/network.o (forward_pad)
../Middlewares/ST/AI/Lib/NetworkRuntime800_CM4_GCC.a(layers_conv2d_sssa8_ch.o)
                              ./X-CUBE-AI/App/network.o (forward_conv2d_deep_sssa8_ch)
../Middlewares/ST/AI/Lib/NetworkRuntime800_CM4_GCC.a(layers.o)
                              ../Middlewares/ST/AI/Lib/NetworkRuntime800_CM4_GCC.a(ai_platform_interface.o) (ai_check_custom_types)
../Middlewares/ST/AI/Lib/NetworkRuntime800_CM4_GCC.a(layers_conv2d_rgb_sssa8_ch.o)
                              ./X-CUBE-AI/App/network.o (forward_conv2d_rgb_sssa8_ch)
../Middlewares/ST/AI/Lib/NetworkRuntime800_CM4_GCC.a(layers_pool_stm32_integer.o)
                              ./X-CUBE-AI/App/network.o (pool_func_mp_array_integer_INT8)
../Middlewares/ST/AI/Lib/NetworkRuntime800_CM4_GCC.a(lite_generic_float.o)
                              ../Middlewares/ST/AI/Lib/NetworkRuntime800_CM4_GCC.a(layers_generic_float.o) (forward_lite_topK_axis_0_if32of32)
../Middlewares/ST/AI/Lib/NetworkRuntime800_CM4_GCC.a(forward_lite_convert.o)
                              ../Middlewares/ST/AI/Lib/NetworkRuntime800_CM4_GCC.a(core_convert.o) (forward_lite_node_convert_is1os8)
../Middlewares/ST/AI/Lib/NetworkRuntime800_CM4_GCC.a(forward_lite_conv2d_sssa8_ch.o)
                              ../Middlewares/ST/AI/Lib/NetworkRuntime800_CM4_GCC.a(layers_conv2d_sssa8_ch.o) (forward_lite_conv2d_dilated_sssa8_ch)
../Middlewares/ST/AI/Lib/NetworkRuntime800_CM4_GCC.a(ai_math_helpers.o)
                              ../Middlewares/ST/AI/Lib/NetworkRuntime800_CM4_GCC.a(layers_nl_generic_float.o) (ai_math_sqrt)
../Middlewares/ST/AI/Lib/NetworkRuntime800_CM4_GCC.a(st_ssua8_convolve_dw.o)
                              ../Middlewares/ST/AI/Lib/NetworkRuntime800_CM4_GCC.a(layers_conv2d_stm32_integer.o) (st_ssua8_conv_dw_Wadapt)
../Middlewares/ST/AI/Lib/NetworkRuntime800_CM4_GCC.a(st_uaua8_ch_convolve.o)
                              ../Middlewares/ST/AI/Lib/NetworkRuntime800_CM4_GCC.a(layers_conv2d_stm32_integer.o) (st_uaua8_ch_convolve_rank1upd)
../Middlewares/ST/AI/Lib/NetworkRuntime800_CM4_GCC.a(st_ssua8_ch_convolve.o)
                              ../Middlewares/ST/AI/Lib/NetworkRuntime800_CM4_GCC.a(layers_conv2d_stm32_integer.o) (st_ssua8_ch_convolve_rank1upd)
../Middlewares/ST/AI/Lib/NetworkRuntime800_CM4_GCC.a(st_uaua8_convolve.o)
                              ../Middlewares/ST/AI/Lib/NetworkRuntime800_CM4_GCC.a(layers_conv2d_stm32_integer.o) (st_uaua8_convolve_rank1upd)
../Middlewares/ST/AI/Lib/NetworkRuntime800_CM4_GCC.a(st_ssua8_convolve.o)
                              ../Middlewares/ST/AI/Lib/NetworkRuntime800_CM4_GCC.a(layers_conv2d_stm32_integer.o) (st_ssua8_convolve_rank1upd)
../Middlewares/ST/AI/Lib/NetworkRuntime800_CM4_GCC.a(st_convolve_reference.o)
                              ../Middlewares/ST/AI/Lib/NetworkRuntime800_CM4_GCC.a(layers_conv2d_stm32_integer.o) (align_factor)
../Middlewares/ST/AI/Lib/NetworkRuntime800_CM4_GCC.a(st_uaua8_ch_convolve_rgb.o)
                              ../Middlewares/ST/AI/Lib/NetworkRuntime800_CM4_GCC.a(layers_conv2d_stm32_integer.o) (st_uaua8_ch_convolve_rgb)
../Middlewares/ST/AI/Lib/NetworkRuntime800_CM4_GCC.a(st_uaua8_ch_convolve_dw.o)
                              ../Middlewares/ST/AI/Lib/NetworkRuntime800_CM4_GCC.a(layers_conv2d_stm32_integer.o) (st_uaua8_ch_conv_dw_Wadapt)
../Middlewares/ST/AI/Lib/NetworkRuntime800_CM4_GCC.a(st_ssua8_ch_convolve_rgb.o)
                              ../Middlewares/ST/AI/Lib/NetworkRuntime800_CM4_GCC.a(layers_conv2d_stm32_integer.o) (st_ssua8_ch_convolve_rgb)
../Middlewares/ST/AI/Lib/NetworkRuntime800_CM4_GCC.a(st_uaua8_convolve_rgb.o)
[...]
Memory Configuration

Name             Origin             Length             Attributes
RAM              0x0000000020000000 0x0000000000018000 xrw
RAM2             0x0000000010000000 0x0000000000008000 xrw
FLASH            0x0000000008000000 0x0000000000100000 xr
*default*        0x0000000000000000 0xffffffffffffffff

Linker script and memory map

LOAD /Applications/STM32CubeIDE.app/Contents/Eclipse/plugins/com.st.stm32cube.ide.mcu.externaltools.gnu-tools-for-stm32.10.3-2021.10.macos64_1.0.100.202210260954/tools/bin/../lib/gcc/arm-none-eabi/10.3.1/thumb/v7e-m+fp/hard/crti.o
LOAD /Applications/STM32CubeIDE.app/Contents/Eclipse/plugins/com.st.stm32cube.ide.mcu.externaltools.gnu-tools-for-stm32.10.3-2021.10.macos64_1.0.100.202210260954/tools/bin/../lib/gcc/arm-none-eabi/10.3.1/thumb/v7e-m+fp/hard/crtbegin.o
LOAD /Applications/STM32CubeIDE.app/Contents/Eclipse/plugins/com.st.stm32cube.ide.mcu.externaltools.gnu-tools-for-stm32.10.3-2021.10.macos64_1.0.100.202210260954/tools/bin/../lib/gcc/arm-none-eabi/10.3.1/../../../../arm-none-eabi/lib/thumb/v7e-m+fp/hard/crt0.o
LOAD ./Core/Src/CycleCounter.o
LOAD ./Core/Src/crc.o
LOAD ./Core/Src/gpio.o
LOAD ./Core/Src/main.o
LOAD ./Core/Src/stm32l4xx_hal_msp.o
LOAD ./Core/Src/stm32l4xx_it.o
LOAD ./Core/Src/sysmem.o
LOAD ./Core/Src/system_stm32l4xx.o
LOAD ./Core/Src/usart.o
LOAD ./Core/Startup/startup_stm32l475vgtx.o
LOAD ./Drivers/STM32L4xx_HAL_Driver/Src/stm32l4xx_hal.o
LOAD ./Drivers/STM32L4xx_HAL_Driver/Src/stm32l4xx_hal_cortex.o
LOAD ./Drivers/STM32L4xx_HAL_Driver/Src/stm32l4xx_hal_crc.o
LOAD ./Drivers/STM32L4xx_HAL_Driver/Src/stm32l4xx_hal_crc_ex.o
LOAD ./Drivers/STM32L4xx_HAL_Driver/Src/stm32l4xx_hal_dma.o
LOAD ./Drivers/STM32L4xx_HAL_Driver/Src/stm32l4xx_hal_dma_ex.o
LOAD ./Drivers/STM32L4xx_HAL_Driver/Src/stm32l4xx_hal_exti.o
LOAD ./Drivers/STM32L4xx_HAL_Driver/Src/stm32l4xx_hal_flash.o
LOAD ./Drivers/STM32L4xx_HAL_Driver/Src/stm32l4xx_hal_flash_ex.o
LOAD ./Drivers/STM32L4xx_HAL_Driver/Src/stm32l4xx_hal_flash_ramfunc.o
LOAD ./Drivers/STM32L4xx_HAL_Driver/Src/stm32l4xx_hal_gpio.o
LOAD ./Drivers/STM32L4xx_HAL_Driver/Src/stm32l4xx_hal_i2c.o
LOAD ./Drivers/STM32L4xx_HAL_Driver/Src/stm32l4xx_hal_i2c_ex.o
LOAD ./Drivers/STM32L4xx_HAL_Driver/Src/stm32l4xx_hal_pwr.o
LOAD ./Drivers/STM32L4xx_HAL_Driver/Src/stm32l4xx_hal_pwr_ex.o
LOAD ./Drivers/STM32L4xx_HAL_Driver/Src/stm32l4xx_hal_rcc.o
LOAD ./Drivers/STM32L4xx_HAL_Driver/Src/stm32l4xx_hal_rcc_ex.o
LOAD ./Drivers/STM32L4xx_HAL_Driver/Src/stm32l4xx_hal_tim.o
LOAD ./Drivers/STM32L4xx_HAL_Driver/Src/stm32l4xx_hal_tim_ex.o
LOAD ./Drivers/STM32L4xx_HAL_Driver/Src/stm32l4xx_hal_uart.o
LOAD ./Drivers/STM32L4xx_HAL_Driver/Src/stm32l4xx_hal_uart_ex.o
LOAD ./X-CUBE-AI/App/app_x-cube-ai.o
LOAD ./X-CUBE-AI/App/network.o
LOAD ./X-CUBE-AI/App/network_data.o
LOAD ./X-CUBE-AI/App/network_data_params.o
LOAD ../Middlewares/ST/AI/Lib/NetworkRuntime800_CM4_GCC.a
START GROUP
LOAD /Applications/STM32CubeIDE.app/Contents/Eclipse/plugins/com.st.stm32cube.ide.mcu.externaltools.gnu-tools-for-stm32.10.3-2021.10.macos64_1.0.100.202210260954/tools/bin/../lib/gcc/arm-none-eabi/10.3.1/../../../../arm-none-eabi/lib/thumb/v7e-m+fp/hard/libstdc++_nano.a
LOAD /Applications/STM32CubeIDE.app/Contents/Eclipse/plugins/com.st.stm32cube.ide.mcu.externaltools.gnu-tools-for-stm32.10.3-2021.10.macos64_1.0.100.202210260954/tools/bin/../lib/gcc/arm-none-eabi/10.3.1/../../../../arm-none-eabi/lib/thumb/v7e-m+fp/hard/libsupc++_nano.a
END GROUP
LOAD /Applications/STM32CubeIDE.app/Contents/Eclipse/plugins/com.st.stm32cube.ide.mcu.externaltools.gnu-tools-for-stm32.10.3-2021.10.macos64_1.0.100.202210260954/tools/bin/../lib/gcc/arm-none-eabi/10.3.1/../../../../arm-none-eabi/lib/thumb/v7e-m+fp/hard/libstdc++_nano.a
LOAD /Applications/STM32CubeIDE.app/Contents/Eclipse/plugins/com.st.stm32cube.ide.mcu.externaltools.gnu-tools-for-stm32.10.3-2021.10.macos64_1.0.100.202210260954/tools/bin/../lib/gcc/arm-none-eabi/10.3.1/../../../../arm-none-eabi/lib/thumb/v7e-m+fp/hard/libm.a
LOAD /Applications/STM32CubeIDE.app/Contents/Eclipse/plugins/com.st.stm32cube.ide.mcu.externaltools.gnu-tools-for-stm32.10.3-2021.10.macos64_1.0.100.202210260954/tools/bin/../lib/gcc/arm-none-eabi/10.3.1/../../../../arm-none-eabi/lib/thumb/v7e-m+fp/hard/libc_nano.a
START GROUP
LOAD /Applications/STM32CubeIDE.app/Contents/Eclipse/plugins/com.st.stm32cube.ide.mcu.externaltools.gnu-tools-for-stm32.10.3-2021.10.macos64_1.0.100.202210260954/tools/bin/../lib/gcc/arm-none-eabi/10.3.1/thumb/v7e-m+fp/hard/libgcc.a
LOAD /Applications/STM32CubeIDE.app/Contents/Eclipse/plugins/com.st.stm32cube.ide.mcu.externaltools.gnu-tools-for-stm32.10.3-2021.10.macos64_1.0.100.202210260954/tools/bin/../lib/gcc/arm-none-eabi/10.3.1/../../../../arm-none-eabi/lib/thumb/v7e-m+fp/hard/libc_nano.a
END GROUP
START GROUP
LOAD /Applications/STM32CubeIDE.app/Contents/Eclipse/plugins/com.st.stm32cube.ide.mcu.externaltools.gnu-tools-for-stm32.10.3-2021.10.macos64_1.0.100.202210260954/tools/bin/../lib/gcc/arm-none-eabi/10.3.1/thumb/v7e-m+fp/hard/libgcc.a
LOAD /Applications/STM32CubeIDE.app/Contents/Eclipse/plugins/com.st.stm32cube.ide.mcu.externaltools.gnu-tools-for-stm32.10.3-2021.10.macos64_1.0.100.202210260954/tools/bin/../lib/gcc/arm-none-eabi/10.3.1/../../../../arm-none-eabi/lib/thumb/v7e-m+fp/hard/libc_nano.a
LOAD /Applications/STM32CubeIDE.app/Contents/Eclipse/plugins/com.st.stm32cube.ide.mcu.externaltools.gnu-tools-for-stm32.10.3-2021.10.macos64_1.0.100.202210260954/tools/bin/../lib/gcc/arm-none-eabi/10.3.1/../../../../arm-none-eabi/lib/thumb/v7e-m+fp/hard/libnosys.a
END GROUP
START GROUP
LOAD /Applications/STM32CubeIDE.app/Contents/Eclipse/plugins/com.st.stm32cube.ide.mcu.externaltools.gnu-tools-for-stm32.10.3-2021.10.macos64_1.0.100.202210260954/tools/bin/../lib/gcc/arm-none-eabi/10.3.1/thumb/v7e-m+fp/hard/libgcc.a
LOAD /Applications/STM32CubeIDE.app/Contents/Eclipse/plugins/com.st.stm32cube.ide.mcu.externaltools.gnu-tools-for-stm32.10.3-2021.10.macos64_1.0.100.202210260954/tools/bin/../lib/gcc/arm-none-eabi/10.3.1/../../../../arm-none-eabi/lib/thumb/v7e-m+fp/hard/libc_nano.a
LOAD /Applications/STM32CubeIDE.app/Contents/Eclipse/plugins/com.st.stm32cube.ide.mcu.externaltools.gnu-tools-for-stm32.10.3-2021.10.macos64_1.0.100.202210260954/tools/bin/../lib/gcc/arm-none-eabi/10.3.1/../../../../arm-none-eabi/lib/thumb/v7e-m+fp/hard/libnosys.a
END GROUP
LOAD /Applications/STM32CubeIDE.app/Contents/Eclipse/plugins/com.st.stm32cube.ide.mcu.externaltools.gnu-tools-for-stm32.10.3-2021.10.macos64_1.0.100.202210260954/tools/bin/../lib/gcc/arm-none-eabi/10.3.1/thumb/v7e-m+fp/hard/crtend.o
LOAD /Applications/STM32CubeIDE.app/Contents/Eclipse/plugins/com.st.stm32cube.ide.mcu.externaltools.gnu-tools-for-stm32.10.3-2021.10.macos64_1.0.100.202210260954/tools/bin/../lib/gcc/arm-none-eabi/10.3.1/thumb/v7e-m+fp/hard/crtn.o
                0x0000000020018000                _estack = (ORIGIN (RAM) + LENGTH (RAM))
                0x0000000000002000                _Min_Heap_Size = 0x2000
                0x0000000000004000                _Min_Stack_Size = 0x4000

.isr_vector     0x0000000008000000      0x188
                0x0000000008000000                . = ALIGN (0x4)
 *(.isr_vector)
 .isr_vector    0x0000000008000000      0x188 ./Core/Startup/startup_stm32l475vgtx.o
                0x0000000008000000                g_pfnVectors
                0x0000000008000188                . = ALIGN (0x4)

.text           0x0000000008000190     0xac64
                0x0000000008000190                . = ALIGN (0x4)
 *(.text)
 .text          0x0000000008000190       0x40 /Applications/STM32CubeIDE.app/Contents/Eclipse/plugins/com.st.stm32cube.ide.mcu.externaltools.gnu-tools-for-stm32.10.3-2021.10.macos64_1.0.100.202210260954/tools/bin/../lib/gcc/arm-none-eabi/10.3.1/thumb/v7e-m+fp/hard/crtbegin.o
 .text          0x00000000080001d0       0xa0 /Applications/STM32CubeIDE.app/Contents/Eclipse/plugins/com.st.stm32cube.ide.mcu.externaltools.gnu-tools-for-stm32.10.3-2021.10.macos64_1.0.100.202210260954/tools/bin/../lib/gcc/arm-none-eabi/10.3.1/../../../../arm-none-eabi/lib/thumb/v7e-m+fp/hard/libc_nano.a(lib_a-memchr.o)
                0x00000000080001d0                memchr
 .text          0x0000000008000270      0x378 /Applications/STM32CubeIDE.app/Contents/Eclipse/plugins/com.st.stm32cube.ide.mcu.externaltools.gnu-tools-for-stm32.10.3-2021.10.macos64_1.0.100.202210260954/tools/bin/../lib/gcc/arm-none-eabi/10.3.1/thumb/v7e-m+fp/hard/libgcc.a(_arm_addsubdf3.o)
                0x0000000008000270                __aeabi_drsub
                0x0000000008000278                __subdf3
                0x0000000008000278                __aeabi_dsub
                0x000000000800027c                __aeabi_dadd
                0x000000000800027c                __adddf3
                0x00000000080004f4                __aeabi_ui2d
                0x00000000080004f4                __floatunsidf
                0x0000000008000514                __floatsidf
                0x0000000008000514                __aeabi_i2d
                0x0000000008000538                __extendsfdf2
                0x0000000008000538                __aeabi_f2d
                0x000000000800057c                __aeabi_ul2d
                0x000000000800057c                __floatundidf
                0x000000000800058c                __aeabi_l2d
                0x000000000800058c                __floatdidf
 .text          0x00000000080005e8      0x424 /Applications/STM32CubeIDE.app/Contents/Eclipse/plugins/com.st.stm32cube.ide.mcu.externaltools.gnu-tools-for-stm32.10.3-2021.10.macos64_1.0.100.202210260954/tools/bin/../lib/gcc/arm-none-eabi/10.3.1/thumb/v7e-m+fp/hard/libgcc.a(_arm_muldivdf3.o)
                0x00000000080005e8                __aeabi_dmul
                0x00000000080005e8                __muldf3
                0x000000000800083c                __aeabi_ddiv
                0x000000000800083c                __divdf3
 .text          0x0000000008000a0c       0x30 /Applications/STM32CubeIDE.app/Contents/Eclipse/plugins/com.st.stm32cube.ide.mcu.externaltools.gnu-tools-for-stm32.10.3-2021.10.macos64_1.0.100.202210260954/tools/bin/../lib/gcc/arm-none-eabi/10.3.1/thumb/v7e-m+fp/hard/libgcc.a(_aeabi_uldivmod.o)
                0x0000000008000a0c                __aeabi_uldivmod
 .text          0x0000000008000a3c       0x28 /Applications/STM32CubeIDE.app/Contents/Eclipse/plugins/com.st.stm32cube.ide.mcu.externaltools.gnu-tools-for-stm32.10.3-2021.10.macos64_1.0.100.202210260954/tools/bin/../lib/gcc/arm-none-eabi/10.3.1/thumb/v7e-m+fp/hard/libgcc.a(_fixsfdi.o)
                0x0000000008000a3c                __aeabi_f2lz
                0x0000000008000a3c                __fixsfdi
 .text          0x0000000008000a64       0x40 /Applications/STM32CubeIDE.app/Contents/Eclipse/plugins/com.st.stm32cube.ide.mcu.externaltools.gnu-tools-for-stm32.10.3-2021.10.macos64_1.0.100.202210260954/tools/bin/../lib/gcc/arm-none-eabi/10.3.1/thumb/v7e-m+fp/hard/libgcc.a(_fixunssfdi.o)
                0x0000000008000a64                __aeabi_f2ulz
                0x0000000008000a64                __fixunssfdi
 .text          0x0000000008000aa4      0x2d0 /Applications/STM32CubeIDE.app/Contents/Eclipse/plugins/com.st.stm32cube.ide.mcu.externaltools.gnu-tools-for-stm32.10.3-2021.10.macos64_1.0.100.202210260954/tools/bin/../lib/gcc/arm-none-eabi/10.3.1/thumb/v7e-m+fp/hard/libgcc.a(_udivmoddi4.o)
                0x0000000008000aa4                __udivmoddi4
 .text          0x0000000008000d74        0x4 /Applications/STM32CubeIDE.app/Contents/Eclipse/plugins/com.st.stm32cube.ide.mcu.externaltools.gnu-tools-for-stm32.10.3-2021.10.macos64_1.0.100.202210260954/tools/bin/../lib/gcc/arm-none-eabi/10.3.1/thumb/v7e-m+fp/hard/libgcc.a(_dvmd_tls.o)
                0x0000000008000d74                __aeabi_ldiv0
                0x0000000008000d74                __aeabi_idiv0
 .text          0x0000000008000d78       0x40 /Applications/STM32CubeIDE.app/Contents/Eclipse/plugins/com.st.stm32cube.ide.mcu.externaltools.gnu-tools-for-stm32.10.3-2021.10.macos64_1.0.100.202210260954/tools/bin/../lib/gcc/arm-none-eabi/10.3.1/thumb/v7e-m+fp/hard/libgcc.a(_arm_fixunsdfsi.o)
                0x0000000008000d78                __fixunsdfsi
                0x0000000008000d78                __aeabi_d2uiz
 *(.text*)
 .text.ResetTimer
                0x0000000008000db8       0x34 ./Core/Src/CycleCounter.o
                0x0000000008000db8                ResetTimer
 .text.StartTimer
                0x0000000008000dec       0x14 ./Core/Src/CycleCounter.o
                0x0000000008000dec                StartTimer
 .text.StopTimer
                0x0000000008000e00       0x10 ./Core/Src/CycleCounter.o
                0x0000000008000e00                StopTimer
 .text.getCycles
                0x0000000008000e10        0xc ./Core/Src/CycleCounter.o
                0x0000000008000e10                getCycles
 .text.MX_CRC_Init
                0x0000000008000e1c       0x2c ./Core/Src/crc.o
                0x0000000008000e1c                MX_CRC_Init
 .text.HAL_CRC_MspInit
                0x0000000008000e48       0x28 ./Core/Src/crc.o
                0x0000000008000e48                HAL_CRC_MspInit
 .text.MX_GPIO_Init
                0x0000000008000e70       0x20 ./Core/Src/gpio.o
                0x0000000008000e70                MX_GPIO_Init
 .text.SystemClock_Config
                0x0000000008000e90       0x76 ./Core/Src/main.o
                0x0000000008000e90                SystemClock_Config
 .text.startup.main
                0x0000000008000f06       0x20 ./Core/Src/main.o
                0x0000000008000f06                main
 .text.Error_Handler
                0x0000000008000f26        0x4 ./Core/Src/main.o
                0x0000000008000f26                Error_Handler
 *fill*         0x0000000008000f2a        0x2 
 .text.HAL_MspInit
                0x0000000008000f2c       0x30 ./Core/Src/stm32l4xx_hal_msp.o
                0x0000000008000f2c                HAL_MspInit
 .text.NMI_Handler
                0x0000000008000f5c        0x2 ./Core/Src/stm32l4xx_it.o
                0x0000000008000f5c                NMI_Handler
 .text.HardFault_Handler
                0x0000000008000f5e        0x2 ./Core/Src/stm32l4xx_it.o
                0x0000000008000f5e                HardFault_Handler
 .text.MemManage_Handler
                0x0000000008000f60        0x2 ./Core/Src/stm32l4xx_it.o
                0x0000000008000f60                MemManage_Handler
 .text.BusFault_Handler
                0x0000000008000f62        0x2 ./Core/Src/stm32l4xx_it.o
                0x0000000008000f62                BusFault_Handler
 .text.UsageFault_Handler
                0x0000000008000f64        0x2 ./Core/Src/stm32l4xx_it.o
                0x0000000008000f64                UsageFault_Handler
 .text.SVC_Handler
                0x0000000008000f66        0x2 ./Core/Src/stm32l4xx_it.o
                0x0000000008000f66                SVC_Handler
 .text.DebugMon_Handler
                0x0000000008000f68        0x2 ./Core/Src/stm32l4xx_it.o
                0x0000000008000f68                DebugMon_Handler
 .text.PendSV_Handler
                0x0000000008000f6a        0x2 ./Core/Src/stm32l4xx_it.o
                0x0000000008000f6a                PendSV_Handler
 .text.SysTick_Handler
                0x0000000008000f6c        0x4 ./Core/Src/stm32l4xx_it.o
                0x0000000008000f6c                SysTick_Handler
 .text._sbrk    0x0000000008000f70       0x40 ./Core/Src/sysmem.o
                0x0000000008000f70                _sbrk
 .text.SystemInit
                0x0000000008000fb0       0x14 ./Core/Src/system_stm32l4xx.o
                0x0000000008000fb0                SystemInit
 .text.MX_USART1_UART_Init
                0x0000000008000fc4       0x3c ./Core/Src/usart.o
                0x0000000008000fc4                MX_USART1_UART_Init
 .text.HAL_UART_MspInit
                0x0000000008001000       0x84 ./Core/Src/usart.o
                0x0000000008001000                HAL_UART_MspInit
 .text.Reset_Handler
                0x0000000008001084       0x50 ./Core/Startup/startup_stm32l475vgtx.o
                0x0000000008001084                Reset_Handler
 .text.Default_Handler
                0x00000000080010d4        0x2 ./Core/Startup/startup_stm32l475vgtx.o
                0x00000000080010d4                TIM1_BRK_TIM15_IRQHandler
                0x00000000080010d4                EXTI2_IRQHandler
                0x00000000080010d4                TIM8_TRG_COM_IRQHandler
                0x00000000080010d4                TIM8_CC_IRQHandler
                0x00000000080010d4                TIM1_CC_IRQHandler
                0x00000000080010d4                TSC_IRQHandler
                0x00000000080010d4                TAMP_STAMP_IRQHandler
                0x00000000080010d4                EXTI3_IRQHandler
                0x00000000080010d4                LPTIM2_IRQHandler
                0x00000000080010d4                DFSDM1_FLT1_IRQHandler
                0x00000000080010d4                I2C3_ER_IRQHandler
                0x00000000080010d4                DFSDM1_FLT2_IRQHandler
                0x00000000080010d4                EXTI0_IRQHandler
                0x00000000080010d4                I2C2_EV_IRQHandler
                0x00000000080010d4                CAN1_RX0_IRQHandler
                0x00000000080010d4                FPU_IRQHandler
                0x00000000080010d4                TIM1_UP_TIM16_IRQHandler
                0x00000000080010d4                ADC1_2_IRQHandler
                0x00000000080010d4                SPI1_IRQHandler
                0x00000000080010d4                TIM6_DAC_IRQHandler
                0x00000000080010d4                TIM8_UP_IRQHandler
                0x00000000080010d4                DMA2_Channel2_IRQHandler
                0x00000000080010d4                DMA1_Channel4_IRQHandler
                0x00000000080010d4                SAI2_IRQHandler
                0x00000000080010d4                DFSDM1_FLT3_IRQHandler
                0x00000000080010d4                USART3_IRQHandler
                0x00000000080010d4                DMA1_Channel7_IRQHandler
                0x00000000080010d4                CAN1_RX1_IRQHandler
                0x00000000080010d4                UART5_IRQHandler
                0x00000000080010d4                ADC3_IRQHandler
                0x00000000080010d4                TIM4_IRQHandler
                0x00000000080010d4                DMA2_Channel1_IRQHandler
                0x00000000080010d4                QUADSPI_IRQHandler
                0x00000000080010d4                I2C1_EV_IRQHandler
                0x00000000080010d4                DMA1_Channel6_IRQHandler
                0x00000000080010d4                UART4_IRQHandler
                0x00000000080010d4                DMA2_Channel4_IRQHandler
                0x00000000080010d4                TIM3_IRQHandler
                0x00000000080010d4                RCC_IRQHandler
                0x00000000080010d4                DMA1_Channel1_IRQHandler
                0x00000000080010d4                Default_Handler
                0x00000000080010d4                DMA2_Channel7_IRQHandler
                0x00000000080010d4                EXTI15_10_IRQHandler
                0x00000000080010d4                TIM7_IRQHandler
                0x00000000080010d4                SDMMC1_IRQHandler
                0x00000000080010d4                TIM5_IRQHandler
                0x00000000080010d4                I2C3_EV_IRQHandler
                0x00000000080010d4                EXTI9_5_IRQHandler
                0x00000000080010d4                RTC_WKUP_IRQHandler
                0x00000000080010d4                PVD_PVM_IRQHandler
                0x00000000080010d4                SPI2_IRQHandler
                0x00000000080010d4                CAN1_TX_IRQHandler
                0x00000000080010d4                DMA2_Channel5_IRQHandler
                0x00000000080010d4                DMA1_Channel5_IRQHandler
                0x00000000080010d4                EXTI4_IRQHandler
                0x00000000080010d4                RNG_IRQHandler
                0x00000000080010d4                TIM1_TRG_COM_TIM17_IRQHandler
                0x00000000080010d4                DMA1_Channel3_IRQHandler
                0x00000000080010d4                COMP_IRQHandler
                0x00000000080010d4                WWDG_IRQHandler
                0x00000000080010d4                LPUART1_IRQHandler
                0x00000000080010d4                DMA2_Channel6_IRQHandler
                0x00000000080010d4                TIM2_IRQHandler
                0x00000000080010d4                EXTI1_IRQHandler
                0x00000000080010d4                USART2_IRQHandler
                0x00000000080010d4                DFSDM1_FLT0_IRQHandler
                0x00000000080010d4                I2C2_ER_IRQHandler
                0x00000000080010d4                DMA1_Channel2_IRQHandler
                0x00000000080010d4                TIM8_BRK_IRQHandler
                0x00000000080010d4                CAN1_SCE_IRQHandler
                0x00000000080010d4                FLASH_IRQHandler
                0x00000000080010d4                USART1_IRQHandler
                0x00000000080010d4                OTG_FS_IRQHandler
                0x00000000080010d4                SPI3_IRQHandler
                0x00000000080010d4                I2C1_ER_IRQHandler
                0x00000000080010d4                FMC_IRQHandler
                0x00000000080010d4                SWPMI1_IRQHandler
                0x00000000080010d4                LPTIM1_IRQHandler
                0x00000000080010d4                SAI1_IRQHandler
                0x00000000080010d4                DMA2_Channel3_IRQHandler
                0x00000000080010d4                RTC_Alarm_IRQHandler
 *fill*         0x00000000080010d6        0x2 
 .text.HAL_InitTick
                0x00000000080010d8       0x4c ./Drivers/STM32L4xx_HAL_Driver/Src/stm32l4xx_hal.o
                0x00000000080010d8                HAL_InitTick
 .text.HAL_Init
                0x0000000008001124       0x1e ./Drivers/STM32L4xx_HAL_Driver/Src/stm32l4xx_hal.o
                0x0000000008001124                HAL_Init
 *fill*         0x0000000008001142        0x2 
 .text.HAL_IncTick
                0x0000000008001144       0x18 ./Drivers/STM32L4xx_HAL_Driver/Src/stm32l4xx_hal.o
                0x0000000008001144                HAL_IncTick
 .text.HAL_GetTick
                0x000000000800115c        0xc ./Drivers/STM32L4xx_HAL_Driver/Src/stm32l4xx_hal.o
                0x000000000800115c                HAL_GetTick
 .text.HAL_Delay
                0x0000000008001168       0x28 ./Drivers/STM32L4xx_HAL_Driver/Src/stm32l4xx_hal.o
                0x0000000008001168                HAL_Delay
 .text.HAL_NVIC_SetPriorityGrouping
                0x0000000008001190       0x24 ./Drivers/STM32L4xx_HAL_Driver/Src/stm32l4xx_hal_cortex.o
                0x0000000008001190                HAL_NVIC_SetPriorityGrouping
 .text.HAL_NVIC_SetPriority
                0x00000000080011b4       0x64 ./Drivers/STM32L4xx_HAL_Driver/Src/stm32l4xx_hal_cortex.o
                0x00000000080011b4                HAL_NVIC_SetPriority
 .text.HAL_SYSTICK_Config
                0x0000000008001218       0x28 ./Drivers/STM32L4xx_HAL_Driver/Src/stm32l4xx_hal_cortex.o
                0x0000000008001218                HAL_SYSTICK_Config
 .text.HAL_CRC_Init
                0x0000000008001240       0x74 ./Drivers/STM32L4xx_HAL_Driver/Src/stm32l4xx_hal_crc.o
                0x0000000008001240                HAL_CRC_Init
 .text.HAL_CRCEx_Polynomial_Set
                0x00000000080012b4       0x48 ./Drivers/STM32L4xx_HAL_Driver/Src/stm32l4xx_hal_crc_ex.o
                0x00000000080012b4                HAL_CRCEx_Polynomial_Set
 .text.HAL_GPIO_Init
                0x00000000080012fc      0x1bc ./Drivers/STM32L4xx_HAL_Driver/Src/stm32l4xx_hal_gpio.o
                0x00000000080012fc                HAL_GPIO_Init
 .text.HAL_PWREx_GetVoltageRange
                0x00000000080014b8       0x10 ./Drivers/STM32L4xx_HAL_Driver/Src/stm32l4xx_hal_pwr_ex.o
                0x00000000080014b8                HAL_PWREx_GetVoltageRange
 .text.HAL_PWREx_ControlVoltageScaling
                0x00000000080014c8       0x6c ./Drivers/STM32L4xx_HAL_Driver/Src/stm32l4xx_hal_pwr_ex.o
                0x00000000080014c8                HAL_PWREx_ControlVoltageScaling
 .text.RCC_SetFlashLatencyFromMSIRange
                0x0000000008001534       0x84 ./Drivers/STM32L4xx_HAL_Driver/Src/stm32l4xx_hal_rcc.o
 .text.HAL_RCC_GetSysClockFreq
                0x00000000080015b8       0x9c ./Drivers/STM32L4xx_HAL_Driver/Src/stm32l4xx_hal_rcc.o
                0x00000000080015b8                HAL_RCC_GetSysClockFreq
 .text.HAL_RCC_OscConfig
                0x0000000008001654      0x500 ./Drivers/STM32L4xx_HAL_Driver/Src/stm32l4xx_hal_rcc.o
                0x0000000008001654                HAL_RCC_OscConfig
 .text.HAL_RCC_ClockConfig
                0x0000000008001b54      0x154 ./Drivers/STM32L4xx_HAL_Driver/Src/stm32l4xx_hal_rcc.o
                0x0000000008001b54                HAL_RCC_ClockConfig
 .text.HAL_RCC_GetPCLK1Freq
                0x0000000008001ca8       0x24 ./Drivers/STM32L4xx_HAL_Driver/Src/stm32l4xx_hal_rcc.o
                0x0000000008001ca8                HAL_RCC_GetPCLK1Freq
 .text.HAL_RCC_GetPCLK2Freq
                0x0000000008001ccc       0x24 ./Drivers/STM32L4xx_HAL_Driver/Src/stm32l4xx_hal_rcc.o
                0x0000000008001ccc                HAL_RCC_GetPCLK2Freq
 .text.RCCEx_PLLSAI1_Config
                0x0000000008001cf0      0x114 ./Drivers/STM32L4xx_HAL_Driver/Src/stm32l4xx_hal_rcc_ex.o
 .text.RCCEx_PLLSAI2_Config
                0x0000000008001e04       0xf8 ./Drivers/STM32L4xx_HAL_Driver/Src/stm32l4xx_hal_rcc_ex.o
 .text.HAL_RCCEx_PeriphCLKConfig
                0x0000000008001efc      0x3d8 ./Drivers/STM32L4xx_HAL_Driver/Src/stm32l4xx_hal_rcc_ex.o
                0x0000000008001efc                HAL_RCCEx_PeriphCLKConfig
 .text.UART_SetConfig
                0x00000000080022d4      0x284 ./Drivers/STM32L4xx_HAL_Driver/Src/stm32l4xx_hal_uart.o
                0x00000000080022d4                UART_SetConfig
 .text.UART_AdvFeatureConfig
                0x0000000008002558       0xa8 ./Drivers/STM32L4xx_HAL_Driver/Src/stm32l4xx_hal_uart.o
                0x0000000008002558                UART_AdvFeatureConfig
 .text.UART_WaitOnFlagUntilTimeout
                0x0000000008002600       0xbc ./Drivers/STM32L4xx_HAL_Driver/Src/stm32l4xx_hal_uart.o
                0x0000000008002600                UART_WaitOnFlagUntilTimeout
 .text.HAL_UART_Transmit
                0x00000000080026bc       0xb4 ./Drivers/STM32L4xx_HAL_Driver/Src/stm32l4xx_hal_uart.o
                0x00000000080026bc                HAL_UART_Transmit
 .text.HAL_UART_Receive
                0x0000000008002770       0xec ./Drivers/STM32L4xx_HAL_Driver/Src/stm32l4xx_hal_uart.o
                0x0000000008002770                HAL_UART_Receive
 .text.UART_CheckIdleState
                0x000000000800285c       0x66 ./Drivers/STM32L4xx_HAL_Driver/Src/stm32l4xx_hal_uart.o
                0x000000000800285c                UART_CheckIdleState
 .text.HAL_UART_Init
                0x00000000080028c2       0x5c ./Drivers/STM32L4xx_HAL_Driver/Src/stm32l4xx_hal_uart.o
                0x00000000080028c2                HAL_UART_Init
 *fill*         0x000000000800291e        0x2 
 .text.acquire_and_process_data
                0x0000000008002920       0x48 ./X-CUBE-AI/App/app_x-cube-ai.o
                0x0000000008002920                acquire_and_process_data
 .text.post_process
                0x0000000008002968       0x20 ./X-CUBE-AI/App/app_x-cube-ai.o
                0x0000000008002968                post_process
 .text.MX_X_CUBE_AI_Init
                0x0000000008002988       0x78 ./X-CUBE-AI/App/app_x-cube-ai.o
                0x0000000008002988                MX_X_CUBE_AI_Init
 .text.MX_X_CUBE_AI_Process
                0x0000000008002a00       0xc4 ./X-CUBE-AI/App/app_x-cube-ai.o
                0x0000000008002a00                MX_X_CUBE_AI_Process
 .text.ai_network_get_error
                0x0000000008002ac4        0x4 ./X-CUBE-AI/App/network.o
                0x0000000008002ac4                ai_network_get_error
 .text.ai_network_create
                0x0000000008002ac8       0x1c ./X-CUBE-AI/App/network.o
                0x0000000008002ac8                ai_network_create
 .text.ai_network_inputs_get
                0x0000000008002ae4       0x14 ./X-CUBE-AI/App/network.o
                0x0000000008002ae4                ai_network_inputs_get
 .text.ai_network_outputs_get
                0x0000000008002af8       0x14 ./X-CUBE-AI/App/network.o
                0x0000000008002af8                ai_network_outputs_get
 .text.ai_network_init
                0x0000000008002b0c      0x2a0 ./X-CUBE-AI/App/network.o
                0x0000000008002b0c                ai_network_init
 .text.ai_network_create_and_init
                0x0000000008002dac       0x8e ./X-CUBE-AI/App/network.o
                0x0000000008002dac                ai_network_create_and_init
 .text.ai_network_run
                0x0000000008002e3a        0x4 ./X-CUBE-AI/App/network.o
                0x0000000008002e3a                ai_network_run
 *fill*         0x0000000008002e3e        0x2 
 .text.ai_network_data_params_get
                0x0000000008002e40       0x30 ./X-CUBE-AI/App/network_data.o
                0x0000000008002e40                ai_network_data_params_get
 .text.ai_buffer_get_size
                0x0000000008002e70       0x68 ../Middlewares/ST/AI/Lib/NetworkRuntime800_CM4_GCC.a(ai_platform.o)
                0x0000000008002e70                ai_buffer_get_size
 .text.ai_buffer_array_sane
                0x0000000008002ed8       0x14 ../Middlewares/ST/AI/Lib/NetworkRuntime800_CM4_GCC.a(ai_platform.o)
                0x0000000008002ed8                ai_buffer_array_sane
 .text.ai_buffer_array_item_set_address
                0x0000000008002eec       0x20 ../Middlewares/ST/AI/Lib/NetworkRuntime800_CM4_GCC.a(ai_platform.o)
                0x0000000008002eec                ai_buffer_array_item_set_address
 .text._ai_platform_acquire_crc
                0x0000000008002f0c        0x4 ../Middlewares/ST/AI/Lib/NetworkRuntime800_CM4_GCC.a(ai_platform_interface.o)
                0x0000000008002f0c                _ai_platform_acquire_crc
 .text._ai_platform_release_crc
                0x0000000008002f10        0x4 ../Middlewares/ST/AI/Lib/NetworkRuntime800_CM4_GCC.a(ai_platform_interface.o)
                0x0000000008002f10                _ai_platform_release_crc
 .text.ai_platform_get_weights_map
                0x0000000008002f14       0xa8 ../Middlewares/ST/AI/Lib/NetworkRuntime800_CM4_GCC.a(ai_platform_interface.o)
                0x0000000008002f14                ai_platform_get_weights_map
 .text.ai_platform_get_activations_map
                0x0000000008002fbc       0xa8 ../Middlewares/ST/AI/Lib/NetworkRuntime800_CM4_GCC.a(ai_platform_interface.o)
                0x0000000008002fbc                ai_platform_get_activations_map
 .text.ai_platform_bind_network_params
                0x0000000008003064       0x44 ../Middlewares/ST/AI/Lib/NetworkRuntime800_CM4_GCC.a(ai_platform_interface.o)
                0x0000000008003064                ai_platform_bind_network_params
 .text.ai_platform_network_get_error
                0x00000000080030a8       0xdc ../Middlewares/ST/AI/Lib/NetworkRuntime800_CM4_GCC.a(ai_platform_interface.o)
                0x00000000080030a8                ai_platform_network_get_error
 .text.ai_platform_network_set_error
                0x0000000008003184        0xc ../Middlewares/ST/AI/Lib/NetworkRuntime800_CM4_GCC.a(ai_platform_interface.o)
                0x0000000008003184                ai_platform_network_set_error
 .text.ai_platform_inputs_get
                0x0000000008003190      0x1ac ../Middlewares/ST/AI/Lib/NetworkRuntime800_CM4_GCC.a(ai_platform_interface.o)
                0x0000000008003190                ai_platform_inputs_get
 .text.ai_platform_outputs_get
                0x000000000800333c      0x1a0 ../Middlewares/ST/AI/Lib/NetworkRuntime800_CM4_GCC.a(ai_platform_interface.o)
                0x000000000800333c                ai_platform_outputs_get
 .text.ai_platform_network_create
                0x00000000080034dc      0x1ac ../Middlewares/ST/AI/Lib/NetworkRuntime800_CM4_GCC.a(ai_platform_interface.o)
                0x00000000080034dc                ai_platform_network_create
 .text.ai_platform_network_init
                0x0000000008003688      0x1dc ../Middlewares/ST/AI/Lib/NetworkRuntime800_CM4_GCC.a(ai_platform_interface.o)
                0x0000000008003688                ai_platform_network_init
 .text.ai_platform_network_post_init
                0x0000000008003864      0x110 ../Middlewares/ST/AI/Lib/NetworkRuntime800_CM4_GCC.a(ai_platform_interface.o)
                0x0000000008003864                ai_platform_network_post_init
 .text.ai_platform_network_process
                0x0000000008003974      0x50c ../Middlewares/ST/AI/Lib/NetworkRuntime800_CM4_GCC.a(ai_platform_interface.o)
                0x0000000008003974                ai_platform_network_process
 .text.node_convert
                0x0000000008003e80      0x29c ../Middlewares/ST/AI/Lib/NetworkRuntime800_CM4_GCC.a(core_convert.o)
                0x0000000008003e80                node_convert
 .text.node_convert_integer
                0x000000000800411c      0x228 ../Middlewares/ST/AI/Lib/NetworkRuntime800_CM4_GCC.a(core_convert.o)
                0x000000000800411c                node_convert_integer
 .text.core_init
                0x0000000008004344        0x4 ../Middlewares/ST/AI/Lib/NetworkRuntime800_CM4_GCC.a(core_common.o)
                0x0000000008004344                core_init
 .text.core_get_error
                0x0000000008004348        0xc ../Middlewares/ST/AI/Lib/NetworkRuntime800_CM4_GCC.a(core_common.o)
                0x0000000008004348                core_get_error
 .text.core_set_error
                0x0000000008004354       0x18 ../Middlewares/ST/AI/Lib/NetworkRuntime800_CM4_GCC.a(core_common.o)
                0x0000000008004354                core_set_error
 .text.forward_dense_integer_SSSA
                0x000000000800436c      0x2f4 ../Middlewares/ST/AI/Lib/NetworkRuntime800_CM4_GCC.a(layers_conv2d_stm32_integer.o)
                0x000000000800436c                forward_dense_integer_SSSA
 .text.forward_sm
                0x0000000008004660      0x11c ../Middlewares/ST/AI/Lib/NetworkRuntime800_CM4_GCC.a(layers_nl_generic_float.o)
                0x0000000008004660                forward_sm
 .text.forward_pad
                0x000000000800477c      0x3f8 ../Middlewares/ST/AI/Lib/NetworkRuntime800_CM4_GCC.a(layers_generic_float.o)
                0x000000000800477c                forward_pad
 .text.func_dummy
                0x0000000008004b74        0x4 ../Middlewares/ST/AI/Lib/NetworkRuntime800_CM4_GCC.a(layers_conv2d_sssa8_ch.o)
 .text.forward_conv2d_deep_sssa8_ch
                0x0000000008004b78      0x2b0 ../Middlewares/ST/AI/Lib/NetworkRuntime800_CM4_GCC.a(layers_conv2d_sssa8_ch.o)
                0x0000000008004b78                forward_conv2d_deep_sssa8_ch
 .text.forward_conv2d_deep_sssa8_ch_nl_pool
                0x0000000008004e28      0x51c ../Middlewares/ST/AI/Lib/NetworkRuntime800_CM4_GCC.a(layers_conv2d_sssa8_ch.o)
                0x0000000008004e28                forward_conv2d_deep_sssa8_ch_nl_pool
 .text.ai_check_custom_types
                0x0000000008005344       0x54 ../Middlewares/ST/AI/Lib/NetworkRuntime800_CM4_GCC.a(layers.o)
                0x0000000008005344                ai_check_custom_types
 .text.ai_layers_init_all
                0x0000000008005398       0x1c ../Middlewares/ST/AI/Lib/NetworkRuntime800_CM4_GCC.a(layers.o)
                0x0000000008005398                ai_layers_init_all
 .text.ai_layers_post_init_all
                0x00000000080053b4       0x28 ../Middlewares/ST/AI/Lib/NetworkRuntime800_CM4_GCC.a(layers.o)
                0x00000000080053b4                ai_layers_post_init_all
 .text.ai_layers_forward_all
                0x00000000080053dc       0x94 ../Middlewares/ST/AI/Lib/NetworkRuntime800_CM4_GCC.a(layers.o)
                0x00000000080053dc                ai_layers_forward_all
 .text.func_dummy
                0x0000000008005470        0x4 ../Middlewares/ST/AI/Lib/NetworkRuntime800_CM4_GCC.a(layers_conv2d_rgb_sssa8_ch.o)
 .text.forward_conv2d_rgb_sssa8_ch
                0x0000000008005474      0x224 ../Middlewares/ST/AI/Lib/NetworkRuntime800_CM4_GCC.a(layers_conv2d_rgb_sssa8_ch.o)
                0x0000000008005474                forward_conv2d_rgb_sssa8_ch
 .text.pool_func_mp_array_integer_INT8
                0x0000000008005698      0x1a0 ../Middlewares/ST/AI/Lib/NetworkRuntime800_CM4_GCC.a(layers_pool_stm32_integer.o)
                0x0000000008005698                pool_func_mp_array_integer_INT8
 .text.forward_lite_node_convert_integer_iu8ou8
                0x0000000008005838       0x54 ../Middlewares/ST/AI/Lib/NetworkRuntime800_CM4_GCC.a(forward_lite_convert.o)
                0x0000000008005838                forward_lite_node_convert_integer_iu8ou8
 .text.forward_lite_node_convert_integer_iu8os8
                0x000000000800588c       0x80 ../Middlewares/ST/AI/Lib/NetworkRuntime800_CM4_GCC.a(forward_lite_convert.o)
                0x000000000800588c                forward_lite_node_convert_integer_iu8os8
 .text.forward_lite_node_convert_integer_iu8os8_fast
                0x000000000800590c       0x70 ../Middlewares/ST/AI/Lib/NetworkRuntime800_CM4_GCC.a(forward_lite_convert.o)
                0x000000000800590c                forward_lite_node_convert_integer_iu8os8_fast
 .text.forward_lite_node_convert_integer_is8ou8
                0x000000000800597c       0x54 ../Middlewares/ST/AI/Lib/NetworkRuntime800_CM4_GCC.a(forward_lite_convert.o)
                0x000000000800597c                forward_lite_node_convert_integer_is8ou8
 .text.forward_lite_node_convert_integer_is8ou8_fast
                0x00000000080059d0       0x68 ../Middlewares/ST/AI/Lib/NetworkRuntime800_CM4_GCC.a(forward_lite_convert.o)
                0x00000000080059d0                forward_lite_node_convert_integer_is8ou8_fast
 .text.forward_lite_conv2d_deep_sssa8_ch
                0x0000000008005a38      0x18c ../Middlewares/ST/AI/Lib/NetworkRuntime800_CM4_GCC.a(forward_lite_conv2d_sssa8_ch.o)
                0x0000000008005a38                forward_lite_conv2d_deep_sssa8_ch
 .text.forward_lite_conv2d_rgb_sssa8_ch
                0x0000000008005bc4      0x520 ../Middlewares/ST/AI/Lib/NetworkRuntime800_CM4_GCC.a(forward_lite_conv2d_sssa8_ch.o)
                0x0000000008005bc4                forward_lite_conv2d_rgb_sssa8_ch
 .text.align_factor
                0x00000000080060e4       0xa8 ../Middlewares/ST/AI/Lib/NetworkRuntime800_CM4_GCC.a(st_convolve_reference.o)
                0x00000000080060e4                align_factor
 .text.align_factor_ch
                0x000000000800618c       0xcc ../Middlewares/ST/AI/Lib/NetworkRuntime800_CM4_GCC.a(st_convolve_reference.o)
                0x000000000800618c                align_factor_ch
 .text.st_sssa8_ch_convolve_rank1upd
                0x0000000008006258      0x11c ../Middlewares/ST/AI/Lib/NetworkRuntime800_CM4_GCC.a(st_sssa8_ch_convolve.o)
                0x0000000008006258                st_sssa8_ch_convolve_rank1upd
 .text.st_sssa8_fully_connected
                0x0000000008006374      0x5f4 ../Middlewares/ST/AI/Lib/NetworkRuntime800_CM4_GCC.a(st_sssa8_dense.o)
                0x0000000008006374                st_sssa8_fully_connected
 .text.ai_padding_opt_init
                0x0000000008006968       0xb0 ../Middlewares/ST/AI/Lib/NetworkRuntime800_CM4_GCC.a(st_padding_opt.o)
                0x0000000008006968                ai_padding_opt_init
 .text.ai_padding_opt_phase1
                0x0000000008006a18       0x34 ../Middlewares/ST/AI/Lib/NetworkRuntime800_CM4_GCC.a(st_padding_opt.o)
                0x0000000008006a18                ai_padding_opt_phase1
 .text.st_int8_to16_dual
                0x0000000008006a4c      0x1d4 ../Middlewares/ST/AI/Lib/NetworkRuntime800_CM4_GCC.a(st_int8_to16_no_shift.o)
                0x0000000008006a4c                st_int8_to16_dual
 .text.weights_2channels_prefetch
                0x0000000008006c20      0x1d4 ../Middlewares/ST/AI/Lib/NetworkRuntime800_CM4_GCC.a(st_sssa8_ch_nn_mat_mult_nt_t.o)
                0x0000000008006c20                weights_2channels_prefetch
 .text.st_sssa8_ch_fullW_prefetch
                0x0000000008006df4       0x80 ../Middlewares/ST/AI/Lib/NetworkRuntime800_CM4_GCC.a(st_sssa8_ch_nn_mat_mult_nt_t.o)
                0x0000000008006df4                st_sssa8_ch_fullW_prefetch
 .text.st_sssa8_ch_nn_mat_mult_conv2d_nt_t
                0x0000000008006e74      0xbc4 ../Middlewares/ST/AI/Lib/NetworkRuntime800_CM4_GCC.a(st_sssa8_ch_nn_mat_mult_nt_t.o)
                0x0000000008006e74                st_sssa8_ch_nn_mat_mult_conv2d_nt_t
 .text.st_int8_fill
                0x0000000008007a38       0xc4 ../Middlewares/ST/AI/Lib/NetworkRuntime800_CM4_GCC.a(st_int8_fill.o)
                0x0000000008007a38                st_int8_fill
 .text.st_int8_copy
                0x0000000008007afc       0xf0 ../Middlewares/ST/AI/Lib/NetworkRuntime800_CM4_GCC.a(st_int8_fill.o)
                0x0000000008007afc                st_int8_copy
 .text.st_int8_reordered_no_shift_zero
                0x0000000008007bec       0x6c ../Middlewares/ST/AI/Lib/NetworkRuntime800_CM4_GCC.a(st_int8_reordered_no_shift.o)
                0x0000000008007bec                st_int8_reordered_no_shift_zero
 .text.st_sssa8_ch_nn_mat_mult_kernel_opt
                0x0000000008007c58      0x63c ../Middlewares/ST/AI/Lib/NetworkRuntime800_CM4_GCC.a(st_sssa8_ch_nn_mat_mult_kernel_opt.o)
                0x0000000008007c58                st_sssa8_ch_nn_mat_mult_kernel_opt
 .text.st_sssa8_ch_nn_mat_mult_kernel_single_opt
                0x0000000008008294      0x418 ../Middlewares/ST/AI/Lib/NetworkRuntime800_CM4_GCC.a(st_sssa8_ch_nn_mat_mult_kernel_opt.o)
                0x0000000008008294                st_sssa8_ch_nn_mat_mult_kernel_single_opt
 .text.st_int8_maxpool
                0x00000000080086ac      0x5c0 ../Middlewares/ST/AI/Lib/NetworkRuntime800_CM4_GCC.a(st_int8_pool.o)
                0x00000000080086ac                st_int8_maxpool
 .text.arm_float_to_q15
                0x0000000008008c6c      0x18c ../Middlewares/ST/AI/Lib/NetworkRuntime800_CM4_GCC.a(arm_float_to_q15.o)
                0x0000000008008c6c                arm_float_to_q15
 .text.arm_float_to_q7
                0x0000000008008df8      0x1bc ../Middlewares/ST/AI/Lib/NetworkRuntime800_CM4_GCC.a(arm_float_to_q7.o)
                0x0000000008008df8                arm_float_to_q7
 .text.arm_q15_to_float
                0x0000000008008fb4       0xcc ../Middlewares/ST/AI/Lib/NetworkRuntime800_CM4_GCC.a(arm_q15_to_float.o)
                0x0000000008008fb4                arm_q15_to_float
 .text.arm_q7_to_float
                0x0000000008009080       0xcc ../Middlewares/ST/AI/Lib/NetworkRuntime800_CM4_GCC.a(arm_q7_to_float.o)
                0x0000000008009080                arm_q7_to_float
 .text.ai_version_get
                0x000000000800914c        0xc ../Middlewares/ST/AI/Lib/NetworkRuntime800_CM4_GCC.a(ai_datatypes_internal.o)
                0x000000000800914c                ai_version_get
 .text.get_tensor_byte_size
                0x0000000008009158       0x30 ../Middlewares/ST/AI/Lib/NetworkRuntime800_CM4_GCC.a(ai_datatypes_internal.o)
                0x0000000008009158                get_tensor_byte_size
 .text.ai_array_to_buffer_fmt
                0x0000000008009188       0xd8 ../Middlewares/ST/AI/Lib/NetworkRuntime800_CM4_GCC.a(ai_datatypes_format.o)
                0x0000000008009188                ai_array_to_buffer_fmt
 .text.ai_array_get_byte_size
                0x0000000008009260       0x50 ../Middlewares/ST/AI/Lib/NetworkRuntime800_CM4_GCC.a(ai_datatypes_format.o)
                0x0000000008009260                ai_array_get_byte_size
 .text.ai_array_get_data_byte_size
                0x00000000080092b0       0x24 ../Middlewares/ST/AI/Lib/NetworkRuntime800_CM4_GCC.a(ai_datatypes_format.o)
                0x00000000080092b0                ai_array_get_data_byte_size
 .text.core_tensor_clone
                0x00000000080092d4       0x64 ../Middlewares/ST/AI/Lib/NetworkRuntime800_CM4_GCC.a(core_utils.o)
                0x00000000080092d4                core_tensor_clone
 .text.core_array_clone
                0x0000000008009338        0xc ../Middlewares/ST/AI/Lib/NetworkRuntime800_CM4_GCC.a(core_utils.o)
                0x0000000008009338                core_array_clone
 .text.fabsf    0x0000000008009344        0xe /Applications/STM32CubeIDE.app/Contents/Eclipse/plugins/com.st.stm32cube.ide.mcu.externaltools.gnu-tools-for-stm32.10.3-2021.10.macos64_1.0.100.202210260954/tools/bin/../lib/gcc/arm-none-eabi/10.3.1/../../../../arm-none-eabi/lib/thumb/v7e-m+fp/hard/libm.a(lib_a-sf_fabs.o)
                0x0000000008009344                fabsf
 *fill*         0x0000000008009352        0x2 
 .text.expf     0x0000000008009354       0x6c /Applications/STM32CubeIDE.app/Contents/Eclipse/plugins/com.st.stm32cube.ide.mcu.externaltools.gnu-tools-for-stm32.10.3-2021.10.macos64_1.0.100.202210260954/tools/bin/../lib/gcc/arm-none-eabi/10.3.1/../../../../arm-none-eabi/lib/thumb/v7e-m+fp/hard/libm.a(lib_a-wf_exp.o)
                0x0000000008009354                expf
 .text.powf     0x00000000080093c0       0xae /Applications/STM32CubeIDE.app/Contents/Eclipse/plugins/com.st.stm32cube.ide.mcu.externaltools.gnu-tools-for-stm32.10.3-2021.10.macos64_1.0.100.202210260954/tools/bin/../lib/gcc/arm-none-eabi/10.3.1/../../../../arm-none-eabi/lib/thumb/v7e-m+fp/hard/libm.a(lib_a-wf_pow.o)
                0x00000000080093c0                powf
 *fill*         0x000000000800946e        0x2 
 .text.__ieee754_expf
                0x0000000008009470      0x19c /Applications/STM32CubeIDE.app/Contents/Eclipse/plugins/com.st.stm32cube.ide.mcu.externaltools.gnu-tools-for-stm32.10.3-2021.10.macos64_1.0.100.202210260954/tools/bin/../lib/gcc/arm-none-eabi/10.3.1/../../../../arm-none-eabi/lib/thumb/v7e-m+fp/hard/libm.a(lib_a-ef_exp.o)
                0x0000000008009470                __ieee754_expf
 .text.__ieee754_powf
                0x000000000800960c      0x59c /Applications/STM32CubeIDE.app/Contents/Eclipse/plugins/com.st.stm32cube.ide.mcu.externaltools.gnu-tools-for-stm32.10.3-2021.10.macos64_1.0.100.202210260954/tools/bin/../lib/gcc/arm-none-eabi/10.3.1/../../../../arm-none-eabi/lib/thumb/v7e-m+fp/hard/libm.a(lib_a-ef_pow.o)
                0x000000000800960c                __ieee754_powf
 .text.__ieee754_sqrtf
                0x0000000008009ba8        0x6 /Applications/STM32CubeIDE.app/Contents/Eclipse/plugins/com.st.stm32cube.ide.mcu.externaltools.gnu-tools-for-stm32.10.3-2021.10.macos64_1.0.100.202210260954/tools/bin/../lib/gcc/arm-none-eabi/10.3.1/../../../../arm-none-eabi/lib/thumb/v7e-m+fp/hard/libm.a(lib_a-ef_sqrt.o)
                0x0000000008009ba8                __ieee754_sqrtf
 .text.with_errnof
                0x0000000008009bae       0x16 /Applications/STM32CubeIDE.app/Contents/Eclipse/plugins/com.st.stm32cube.ide.mcu.externaltools.gnu-tools-for-stm32.10.3-2021.10.macos64_1.0.100.202210260954/tools/bin/../lib/gcc/arm-none-eabi/10.3.1/../../../../arm-none-eabi/lib/thumb/v7e-m+fp/hard/libm.a(lib_a-math_errf.o)
 .text.xflowf   0x0000000008009bc4       0x16 /Applications/STM32CubeIDE.app/Contents/Eclipse/plugins/com.st.stm32cube.ide.mcu.externaltools.gnu-tools-for-stm32.10.3-2021.10.macos64_1.0.100.202210260954/tools/bin/../lib/gcc/arm-none-eabi/10.3.1/../../../../arm-none-eabi/lib/thumb/v7e-m+fp/hard/libm.a(lib_a-math_errf.o)
 *fill*         0x0000000008009bda        0x2 
 .text.__math_uflowf
                0x0000000008009bdc        0xc /Applications/STM32CubeIDE.app/Contents/Eclipse/plugins/com.st.stm32cube.ide.mcu.externaltools.gnu-tools-for-stm32.10.3-2021.10.macos64_1.0.100.202210260954/tools/bin/../lib/gcc/arm-none-eabi/10.3.1/../../../../arm-none-eabi/lib/thumb/v7e-m+fp/hard/libm.a(lib_a-math_errf.o)
                0x0000000008009bdc                __math_uflowf
 .text.__math_oflowf
                0x0000000008009be8        0xc /Applications/STM32CubeIDE.app/Contents/Eclipse/plugins/com.st.stm32cube.ide.mcu.externaltools.gnu-tools-for-stm32.10.3-2021.10.macos64_1.0.100.202210260954/tools/bin/../lib/gcc/arm-none-eabi/10.3.1/../../../../arm-none-eabi/lib/thumb/v7e-m+fp/hard/libm.a(lib_a-math_errf.o)
                0x0000000008009be8                __math_oflowf
 .text.finitef  0x0000000008009bf4       0x1a /Applications/STM32CubeIDE.app/Contents/Eclipse/plugins/com.st.stm32cube.ide.mcu.externaltools.gnu-tools-for-stm32.10.3-2021.10.macos64_1.0.100.202210260954/tools/bin/../lib/gcc/arm-none-eabi/10.3.1/../../../../arm-none-eabi/lib/thumb/v7e-m+fp/hard/libm.a(lib_a-sf_finite.o)
                0x0000000008009bf4                finitef
 *fill*         0x0000000008009c0e        0x2 
 .text.scalbnf  0x0000000008009c10       0xe4 /Applications/STM32CubeIDE.app/Contents/Eclipse/plugins/com.st.stm32cube.ide.mcu.externaltools.gnu-tools-for-stm32.10.3-2021.10.macos64_1.0.100.202210260954/tools/bin/../lib/gcc/arm-none-eabi/10.3.1/../../../../arm-none-eabi/lib/thumb/v7e-m+fp/hard/libm.a(lib_a-sf_scalbn.o)
                0x0000000008009c10                scalbnf
 .text.__errno  0x0000000008009cf4        0xc /Applications/STM32CubeIDE.app/Contents/Eclipse/plugins/com.st.stm32cube.ide.mcu.externaltools.gnu-tools-for-stm32.10.3-2021.10.macos64_1.0.100.202210260954/tools/bin/../lib/gcc/arm-none-eabi/10.3.1/../../../../arm-none-eabi/lib/thumb/v7e-m+fp/hard/libc_nano.a(lib_a-errno.o)
                0x0000000008009cf4                __errno
 .text.__libc_init_array
                0x0000000008009d00       0x48 /Applications/STM32CubeIDE.app/Contents/Eclipse/plugins/com.st.stm32cube.ide.mcu.externaltools.gnu-tools-for-stm32.10.3-2021.10.macos64_1.0.100.202210260954/tools/bin/../lib/gcc/arm-none-eabi/10.3.1/../../../../arm-none-eabi/lib/thumb/v7e-m+fp/hard/libc_nano.a(lib_a-init.o)
                0x0000000008009d00                __libc_init_array
 .text.memcpy   0x0000000008009d48       0x1c /Applications/STM32CubeIDE.app/Contents/Eclipse/plugins/com.st.stm32cube.ide.mcu.externaltools.gnu-tools-for-stm32.10.3-2021.10.macos64_1.0.100.202210260954/tools/bin/../lib/gcc/arm-none-eabi/10.3.1/../../../../arm-none-eabi/lib/thumb/v7e-m+fp/hard/libc_nano.a(lib_a-memcpy-stub.o)
                0x0000000008009d48                memcpy
 .text.memset   0x0000000008009d64       0x10 /Applications/STM32CubeIDE.app/Contents/Eclipse/plugins/com.st.stm32cube.ide.mcu.externaltools.gnu-tools-for-stm32.10.3-2021.10.macos64_1.0.100.202210260954/tools/bin/../lib/gcc/arm-none-eabi/10.3.1/../../../../arm-none-eabi/lib/thumb/v7e-m+fp/hard/libc_nano.a(lib_a-memset.o)
                0x0000000008009d64                memset
 .text._free_r  0x0000000008009d74       0x98 /Applications/STM32CubeIDE.app/Contents/Eclipse/plugins/com.st.stm32cube.ide.mcu.externaltools.gnu-tools-for-stm32.10.3-2021.10.macos64_1.0.100.202210260954/tools/bin/../lib/gcc/arm-none-eabi/10.3.1/../../../../arm-none-eabi/lib/thumb/v7e-m+fp/hard/libc_nano.a(lib_a-nano-freer.o)
                0x0000000008009d74                _free_r
 .text.sbrk_aligned
                0x0000000008009e0c       0x40 /Applications/STM32CubeIDE.app/Contents/Eclipse/plugins/com.st.stm32cube.ide.mcu.externaltools.gnu-tools-for-stm32.10.3-2021.10.macos64_1.0.100.202210260954/tools/bin/../lib/gcc/arm-none-eabi/10.3.1/../../../../arm-none-eabi/lib/thumb/v7e-m+fp/hard/libc_nano.a(lib_a-nano-mallocr.o)
 .text._malloc_r
                0x0000000008009e4c       0xe8 /Applications/STM32CubeIDE.app/Contents/Eclipse/plugins/com.st.stm32cube.ide.mcu.externaltools.gnu-tools-for-stm32.10.3-2021.10.macos64_1.0.100.202210260954/tools/bin/../lib/gcc/arm-none-eabi/10.3.1/../../../../arm-none-eabi/lib/thumb/v7e-m+fp/hard/libc_nano.a(lib_a-nano-mallocr.o)
                0x0000000008009e4c                _malloc_r
 .text.printf   0x0000000008009f34       0x30 /Applications/STM32CubeIDE.app/Contents/Eclipse/plugins/com.st.stm32cube.ide.mcu.externaltools.gnu-tools-for-stm32.10.3-2021.10.macos64_1.0.100.202210260954/tools/bin/../lib/gcc/arm-none-eabi/10.3.1/../../../../arm-none-eabi/lib/thumb/v7e-m+fp/hard/libc_nano.a(lib_a-printf.o)
                0x0000000008009f34                printf
                0x0000000008009f34                iprintf
 .text._puts_r  0x0000000008009f64       0xdc /Applications/STM32CubeIDE.app/Contents/Eclipse/plugins/com.st.stm32cube.ide.mcu.externaltools.gnu-tools-for-stm32.10.3-2021.10.macos64_1.0.100.202210260954/tools/bin/../lib/gcc/arm-none-eabi/10.3.1/../../../../arm-none-eabi/lib/thumb/v7e-m+fp/hard/libc_nano.a(lib_a-puts.o)
                0x0000000008009f64                _puts_r
 .text.puts     0x000000000800a040       0x10 /Applications/STM32CubeIDE.app/Contents/Eclipse/plugins/com.st.stm32cube.ide.mcu.externaltools.gnu-tools-for-stm32.10.3-2021.10.macos64_1.0.100.202210260954/tools/bin/../lib/gcc/arm-none-eabi/10.3.1/../../../../arm-none-eabi/lib/thumb/v7e-m+fp/hard/libc_nano.a(lib_a-puts.o)
                0x000000000800a040                puts
 .text._sbrk_r  0x000000000800a050       0x20 /Applications/STM32CubeIDE.app/Contents/Eclipse/plugins/com.st.stm32cube.ide.mcu.externaltools.gnu-tools-for-stm32.10.3-2021.10.macos64_1.0.100.202210260954/tools/bin/../lib/gcc/arm-none-eabi/10.3.1/../../../../arm-none-eabi/lib/thumb/v7e-m+fp/hard/libc_nano.a(lib_a-sbrkr.o)
                0x000000000800a050                _sbrk_r
 .text.__swbuf_r
                0x000000000800a070       0xa4 /Applications/STM32CubeIDE.app/Contents/Eclipse/plugins/com.st.stm32cube.ide.mcu.externaltools.gnu-tools-for-stm32.10.3-2021.10.macos64_1.0.100.202210260954/tools/bin/../lib/gcc/arm-none-eabi/10.3.1/../../../../arm-none-eabi/lib/thumb/v7e-m+fp/hard/libc_nano.a(lib_a-wbuf.o)
                0x000000000800a070                __swbuf_r
 .text.__swsetup_r
                0x000000000800a114       0xdc /Applications/STM32CubeIDE.app/Contents/Eclipse/plugins/com.st.stm32cube.ide.mcu.externaltools.gnu-tools-for-stm32.10.3-2021.10.macos64_1.0.100.202210260954/tools/bin/../lib/gcc/arm-none-eabi/10.3.1/../../../../arm-none-eabi/lib/thumb/v7e-m+fp/hard/libc_nano.a(lib_a-wsetup.o)
                0x000000000800a114                __swsetup_r
 .text.__sflush_r
                0x000000000800a1f0      0x10c /Applications/STM32CubeIDE.app/Contents/Eclipse/plugins/com.st.stm32cube.ide.mcu.externaltools.gnu-tools-for-stm32.10.3-2021.10.macos64_1.0.100.202210260954/tools/bin/../lib/gcc/arm-none-eabi/10.3.1/../../../../arm-none-eabi/lib/thumb/v7e-m+fp/hard/libc_nano.a(lib_a-fflush.o)
                0x000000000800a1f0                __sflush_r
 .text._fflush_r
                0x000000000800a2fc       0x78 /Applications/STM32CubeIDE.app/Contents/Eclipse/plugins/com.st.stm32cube.ide.mcu.externaltools.gnu-tools-for-stm32.10.3-2021.10.macos64_1.0.100.202210260954/tools/bin/../lib/gcc/arm-none-eabi/10.3.1/../../../../arm-none-eabi/lib/thumb/v7e-m+fp/hard/libc_nano.a(lib_a-fflush.o)
                0x000000000800a2fc                _fflush_r
 .text.std      0x000000000800a374       0x48 /Applications/STM32CubeIDE.app/Contents/Eclipse/plugins/com.st.stm32cube.ide.mcu.externaltools.gnu-tools-for-stm32.10.3-2021.10.macos64_1.0.100.202210260954/tools/bin/../lib/gcc/arm-none-eabi/10.3.1/../../../../arm-none-eabi/lib/thumb/v7e-m+fp/hard/libc_nano.a(lib_a-findfp.o)
 .text._cleanup_r
                0x000000000800a3bc        0xc /Applications/STM32CubeIDE.app/Contents/Eclipse/plugins/com.st.stm32cube.ide.mcu.externaltools.gnu-tools-for-stm32.10.3-2021.10.macos64_1.0.100.202210260954/tools/bin/../lib/gcc/arm-none-eabi/10.3.1/../../../../arm-none-eabi/lib/thumb/v7e-m+fp/hard/libc_nano.a(lib_a-findfp.o)
                0x000000000800a3bc                _cleanup_r
 .text.__sfmoreglue
                0x000000000800a3c8       0x2c /Applications/STM32CubeIDE.app/Contents/Eclipse/plugins/com.st.stm32cube.ide.mcu.externaltools.gnu-tools-for-stm32.10.3-2021.10.macos64_1.0.100.202210260954/tools/bin/../lib/gcc/arm-none-eabi/10.3.1/../../../../arm-none-eabi/lib/thumb/v7e-m+fp/hard/libc_nano.a(lib_a-findfp.o)
                0x000000000800a3c8                __sfmoreglue
 .text.__sfp_lock_acquire
                0x000000000800a3f4        0xc /Applications/STM32CubeIDE.app/Contents/Eclipse/plugins/com.st.stm32cube.ide.mcu.externaltools.gnu-tools-for-stm32.10.3-2021.10.macos64_1.0.100.202210260954/tools/bin/../lib/gcc/arm-none-eabi/10.3.1/../../../../arm-none-eabi/lib/thumb/v7e-m+fp/hard/libc_nano.a(lib_a-findfp.o)
                0x000000000800a3f4                __sfp_lock_acquire
 .text.__sfp_lock_release
                0x000000000800a400        0xc /Applications/STM32CubeIDE.app/Contents/Eclipse/plugins/com.st.stm32cube.ide.mcu.externaltools.gnu-tools-for-stm32.10.3-2021.10.macos64_1.0.100.202210260954/tools/bin/../lib/gcc/arm-none-eabi/10.3.1/../../../../arm-none-eabi/lib/thumb/v7e-m+fp/hard/libc_nano.a(lib_a-findfp.o)
                0x000000000800a400                __sfp_lock_release
 .text.__sinit_lock_acquire
                0x000000000800a40c        0xc /Applications/STM32CubeIDE.app/Contents/Eclipse/plugins/com.st.stm32cube.ide.mcu.externaltools.gnu-tools-for-stm32.10.3-2021.10.macos64_1.0.100.202210260954/tools/bin/../lib/gcc/arm-none-eabi/10.3.1/../../../../arm-none-eabi/lib/thumb/v7e-m+fp/hard/libc_nano.a(lib_a-findfp.o)
                0x000000000800a40c                __sinit_lock_acquire
 .text.__sinit_lock_release
                0x000000000800a418        0xc /Applications/STM32CubeIDE.app/Contents/Eclipse/plugins/com.st.stm32cube.ide.mcu.externaltools.gnu-tools-for-stm32.10.3-2021.10.macos64_1.0.100.202210260954/tools/bin/../lib/gcc/arm-none-eabi/10.3.1/../../../../arm-none-eabi/lib/thumb/v7e-m+fp/hard/libc_nano.a(lib_a-findfp.o)
                0x000000000800a418                __sinit_lock_release
 .text.__sinit  0x000000000800a424       0x70 /Applications/STM32CubeIDE.app/Contents/Eclipse/plugins/com.st.stm32cube.ide.mcu.externaltools.gnu-tools-for-stm32.10.3-2021.10.macos64_1.0.100.202210260954/tools/bin/../lib/gcc/arm-none-eabi/10.3.1/../../../../arm-none-eabi/lib/thumb/v7e-m+fp/hard/libc_nano.a(lib_a-findfp.o)
                0x000000000800a424                __sinit
 .text.__sfp    0x000000000800a494       0x8c /Applications/STM32CubeIDE.app/Contents/Eclipse/plugins/com.st.stm32cube.ide.mcu.externaltools.gnu-tools-for-stm32.10.3-2021.10.macos64_1.0.100.202210260954/tools/bin/../lib/gcc/arm-none-eabi/10.3.1/../../../../arm-none-eabi/lib/thumb/v7e-m+fp/hard/libc_nano.a(lib_a-findfp.o)
                0x000000000800a494                __sfp
 .text._fwalk_reent
                0x000000000800a520       0x3e /Applications/STM32CubeIDE.app/Contents/Eclipse/plugins/com.st.stm32cube.ide.mcu.externaltools.gnu-tools-for-stm32.10.3-2021.10.macos64_1.0.100.202210260954/tools/bin/../lib/gcc/arm-none-eabi/10.3.1/../../../../arm-none-eabi/lib/thumb/v7e-m+fp/hard/libc_nano.a(lib_a-fwalk.o)
                0x000000000800a520                _fwalk_reent
 .text.__retarget_lock_init_recursive
                0x000000000800a55e        0x2 /Applications/STM32CubeIDE.app/Contents/Eclipse/plugins/com.st.stm32cube.ide.mcu.externaltools.gnu-tools-for-stm32.10.3-2021.10.macos64_1.0.100.202210260954/tools/bin/../lib/gcc/arm-none-eabi/10.3.1/../../../../arm-none-eabi/lib/thumb/v7e-m+fp/hard/libc_nano.a(lib_a-lock.o)
                0x000000000800a55e                __retarget_lock_init_recursive
 .text.__retarget_lock_acquire_recursive
                0x000000000800a560        0x2 /Applications/STM32CubeIDE.app/Contents/Eclipse/plugins/com.st.stm32cube.ide.mcu.externaltools.gnu-tools-for-stm32.10.3-2021.10.macos64_1.0.100.202210260954/tools/bin/../lib/gcc/arm-none-eabi/10.3.1/../../../../arm-none-eabi/lib/thumb/v7e-m+fp/hard/libc_nano.a(lib_a-lock.o)
                0x000000000800a560                __retarget_lock_acquire_recursive
 .text.__retarget_lock_release_recursive
                0x000000000800a562        0x2 /Applications/STM32CubeIDE.app/Contents/Eclipse/plugins/com.st.stm32cube.ide.mcu.externaltools.gnu-tools-for-stm32.10.3-2021.10.macos64_1.0.100.202210260954/tools/bin/../lib/gcc/arm-none-eabi/10.3.1/../../../../arm-none-eabi/lib/thumb/v7e-m+fp/hard/libc_nano.a(lib_a-lock.o)
                0x000000000800a562                __retarget_lock_release_recursive
 .text.__swhatbuf_r
                0x000000000800a564       0x4a /Applications/STM32CubeIDE.app/Contents/Eclipse/plugins/com.st.stm32cube.ide.mcu.externaltools.gnu-tools-for-stm32.10.3-2021.10.macos64_1.0.100.202210260954/tools/bin/../lib/gcc/arm-none-eabi/10.3.1/../../../../arm-none-eabi/lib/thumb/v7e-m+fp/hard/libc_nano.a(lib_a-makebuf.o)
                0x000000000800a564                __swhatbuf_r
 *fill*         0x000000000800a5ae        0x2 
 .text.__smakebuf_r
                0x000000000800a5b0       0x80 /Applications/STM32CubeIDE.app/Contents/Eclipse/plugins/com.st.stm32cube.ide.mcu.externaltools.gnu-tools-for-stm32.10.3-2021.10.macos64_1.0.100.202210260954/tools/bin/../lib/gcc/arm-none-eabi/10.3.1/../../../../arm-none-eabi/lib/thumb/v7e-m+fp/hard/libc_nano.a(lib_a-makebuf.o)
                0x000000000800a5b0                __smakebuf_r
 .text.__malloc_lock
                0x000000000800a630        0xc /Applications/STM32CubeIDE.app/Contents/Eclipse/plugins/com.st.stm32cube.ide.mcu.externaltools.gnu-tools-for-stm32.10.3-2021.10.macos64_1.0.100.202210260954/tools/bin/../lib/gcc/arm-none-eabi/10.3.1/../../../../arm-none-eabi/lib/thumb/v7e-m+fp/hard/libc_nano.a(lib_a-mlock.o)
                0x000000000800a630                __malloc_lock
 .text.__malloc_unlock
                0x000000000800a63c        0xc /Applications/STM32CubeIDE.app/Contents/Eclipse/plugins/com.st.stm32cube.ide.mcu.externaltools.gnu-tools-for-stm32.10.3-2021.10.macos64_1.0.100.202210260954/tools/bin/../lib/gcc/arm-none-eabi/10.3.1/../../../../arm-none-eabi/lib/thumb/v7e-m+fp/hard/libc_nano.a(lib_a-mlock.o)
                0x000000000800a63c                __malloc_unlock
 .text.__sfputc_r
                0x000000000800a648       0x2e /Applications/STM32CubeIDE.app/Contents/Eclipse/plugins/com.st.stm32cube.ide.mcu.externaltools.gnu-tools-for-stm32.10.3-2021.10.macos64_1.0.100.202210260954/tools/bin/../lib/gcc/arm-none-eabi/10.3.1/../../../../arm-none-eabi/lib/thumb/v7e-m+fp/hard/libc_nano.a(lib_a-nano-vfprintf.o)
 .text.__sfputs_r
                0x000000000800a676       0x24 /Applications/STM32CubeIDE.app/Contents/Eclipse/plugins/com.st.stm32cube.ide.mcu.externaltools.gnu-tools-for-stm32.10.3-2021.10.macos64_1.0.100.202210260954/tools/bin/../lib/gcc/arm-none-eabi/10.3.1/../../../../arm-none-eabi/lib/thumb/v7e-m+fp/hard/libc_nano.a(lib_a-nano-vfprintf.o)
                0x000000000800a676                __sfputs_r
 *fill*         0x000000000800a69a        0x2 
 .text._vfprintf_r
                0x000000000800a69c      0x260 /Applications/STM32CubeIDE.app/Contents/Eclipse/plugins/com.st.stm32cube.ide.mcu.externaltools.gnu-tools-for-stm32.10.3-2021.10.macos64_1.0.100.202210260954/tools/bin/../lib/gcc/arm-none-eabi/10.3.1/../../../../arm-none-eabi/lib/thumb/v7e-m+fp/hard/libc_nano.a(lib_a-nano-vfprintf.o)
                0x000000000800a69c                _vfiprintf_r
                0x000000000800a69c                _vfprintf_r
 .text._printf_common
                0x000000000800a8fc       0xda /Applications/STM32CubeIDE.app/Contents/Eclipse/plugins/com.st.stm32cube.ide.mcu.externaltools.gnu-tools-for-stm32.10.3-2021.10.macos64_1.0.100.202210260954/tools/bin/../lib/gcc/arm-none-eabi/10.3.1/../../../../arm-none-eabi/lib/thumb/v7e-m+fp/hard/libc_nano.a(lib_a-nano-vfprintf_i.o)
                0x000000000800a8fc                _printf_common
 *fill*         0x000000000800a9d6        0x2 
 .text._printf_i
                0x000000000800a9d8      0x24c /Applications/STM32CubeIDE.app/Contents/Eclipse/plugins/com.st.stm32cube.ide.mcu.externaltools.gnu-tools-for-stm32.10.3-2021.10.macos64_1.0.100.202210260954/tools/bin/../lib/gcc/arm-none-eabi/10.3.1/../../../../arm-none-eabi/lib/thumb/v7e-m+fp/hard/libc_nano.a(lib_a-nano-vfprintf_i.o)
                0x000000000800a9d8                _printf_i
 .text.__sread  0x000000000800ac24       0x22 /Applications/STM32CubeIDE.app/Contents/Eclipse/plugins/com.st.stm32cube.ide.mcu.externaltools.gnu-tools-for-stm32.10.3-2021.10.macos64_1.0.100.202210260954/tools/bin/../lib/gcc/arm-none-eabi/10.3.1/../../../../arm-none-eabi/lib/thumb/v7e-m+fp/hard/libc_nano.a(lib_a-stdio.o)
                0x000000000800ac24                __sread
 .text.__swrite
                0x000000000800ac46       0x38 /Applications/STM32CubeIDE.app/Contents/Eclipse/plugins/com.st.stm32cube.ide.mcu.externaltools.gnu-tools-for-stm32.10.3-2021.10.macos64_1.0.100.202210260954/tools/bin/../lib/gcc/arm-none-eabi/10.3.1/../../../../arm-none-eabi/lib/thumb/v7e-m+fp/hard/libc_nano.a(lib_a-stdio.o)
                0x000000000800ac46                __swrite
 .text.__sseek  0x000000000800ac7e       0x24 /Applications/STM32CubeIDE.app/Contents/Eclipse/plugins/com.st.stm32cube.ide.mcu.externaltools.gnu-tools-for-stm32.10.3-2021.10.macos64_1.0.100.202210260954/tools/bin/../lib/gcc/arm-none-eabi/10.3.1/../../../../arm-none-eabi/lib/thumb/v7e-m+fp/hard/libc_nano.a(lib_a-stdio.o)
                0x000000000800ac7e                __sseek
 .text.__sclose
                0x000000000800aca2        0x8 /Applications/STM32CubeIDE.app/Contents/Eclipse/plugins/com.st.stm32cube.ide.mcu.externaltools.gnu-tools-for-stm32.10.3-2021.10.macos64_1.0.100.202210260954/tools/bin/../lib/gcc/arm-none-eabi/10.3.1/../../../../arm-none-eabi/lib/thumb/v7e-m+fp/hard/libc_nano.a(lib_a-stdio.o)
                0x000000000800aca2                __sclose
 *fill*         0x000000000800acaa        0x2 
 .text._write_r
                0x000000000800acac       0x24 /Applications/STM32CubeIDE.app/Contents/Eclipse/plugins/com.st.stm32cube.ide.mcu.externaltools.gnu-tools-for-stm32.10.3-2021.10.macos64_1.0.100.202210260954/tools/bin/../lib/gcc/arm-none-eabi/10.3.1/../../../../arm-none-eabi/lib/thumb/v7e-m+fp/hard/libc_nano.a(lib_a-writer.o)
                0x000000000800acac                _write_r
 .text._close_r
                0x000000000800acd0       0x20 /Applications/STM32CubeIDE.app/Contents/Eclipse/plugins/com.st.stm32cube.ide.mcu.externaltools.gnu-tools-for-stm32.10.3-2021.10.macos64_1.0.100.202210260954/tools/bin/../lib/gcc/arm-none-eabi/10.3.1/../../../../arm-none-eabi/lib/thumb/v7e-m+fp/hard/libc_nano.a(lib_a-closer.o)
                0x000000000800acd0                _close_r
 .text._fstat_r
                0x000000000800acf0       0x24 /Applications/STM32CubeIDE.app/Contents/Eclipse/plugins/com.st.stm32cube.ide.mcu.externaltools.gnu-tools-for-stm32.10.3-2021.10.macos64_1.0.100.202210260954/tools/bin/../lib/gcc/arm-none-eabi/10.3.1/../../../../arm-none-eabi/lib/thumb/v7e-m+fp/hard/libc_nano.a(lib_a-fstatr.o)
                0x000000000800acf0                _fstat_r
 .text._isatty_r
                0x000000000800ad14       0x20 /Applications/STM32CubeIDE.app/Contents/Eclipse/plugins/com.st.stm32cube.ide.mcu.externaltools.gnu-tools-for-stm32.10.3-2021.10.macos64_1.0.100.202210260954/tools/bin/../lib/gcc/arm-none-eabi/10.3.1/../../../../arm-none-eabi/lib/thumb/v7e-m+fp/hard/libc_nano.a(lib_a-isattyr.o)
                0x000000000800ad14                _isatty_r
 .text._lseek_r
                0x000000000800ad34       0x24 /Applications/STM32CubeIDE.app/Contents/Eclipse/plugins/com.st.stm32cube.ide.mcu.externaltools.gnu-tools-for-stm32.10.3-2021.10.macos64_1.0.100.202210260954/tools/bin/../lib/gcc/arm-none-eabi/10.3.1/../../../../arm-none-eabi/lib/thumb/v7e-m+fp/hard/libc_nano.a(lib_a-lseekr.o)
                0x000000000800ad34                _lseek_r
 .text._read_r  0x000000000800ad58       0x24 /Applications/STM32CubeIDE.app/Contents/Eclipse/plugins/com.st.stm32cube.ide.mcu.externaltools.gnu-tools-for-stm32.10.3-2021.10.macos64_1.0.100.202210260954/tools/bin/../lib/gcc/arm-none-eabi/10.3.1/../../../../arm-none-eabi/lib/thumb/v7e-m+fp/hard/libc_nano.a(lib_a-readr.o)
                0x000000000800ad58                _read_r
 .text._close   0x000000000800ad7c       0x10 /Applications/STM32CubeIDE.app/Contents/Eclipse/plugins/com.st.stm32cube.ide.mcu.externaltools.gnu-tools-for-stm32.10.3-2021.10.macos64_1.0.100.202210260954/tools/bin/../lib/gcc/arm-none-eabi/10.3.1/../../../../arm-none-eabi/lib/thumb/v7e-m+fp/hard/libnosys.a(close.o)
                0x000000000800ad7c                _close
 .text._fstat   0x000000000800ad8c       0x10 /Applications/STM32CubeIDE.app/Contents/Eclipse/plugins/com.st.stm32cube.ide.mcu.externaltools.gnu-tools-for-stm32.10.3-2021.10.macos64_1.0.100.202210260954/tools/bin/../lib/gcc/arm-none-eabi/10.3.1/../../../../arm-none-eabi/lib/thumb/v7e-m+fp/hard/libnosys.a(fstat.o)
                0x000000000800ad8c                _fstat
 .text._isatty  0x000000000800ad9c       0x10 /Applications/STM32CubeIDE.app/Contents/Eclipse/plugins/com.st.stm32cube.ide.mcu.externaltools.gnu-tools-for-stm32.10.3-2021.10.macos64_1.0.100.202210260954/tools/bin/../lib/gcc/arm-none-eabi/10.3.1/../../../../arm-none-eabi/lib/thumb/v7e-m+fp/hard/libnosys.a(isatty.o)
                0x000000000800ad9c                _isatty
 .text._lseek   0x000000000800adac       0x10 /Applications/STM32CubeIDE.app/Contents/Eclipse/plugins/com.st.stm32cube.ide.mcu.externaltools.gnu-tools-for-stm32.10.3-2021.10.macos64_1.0.100.202210260954/tools/bin/../lib/gcc/arm-none-eabi/10.3.1/../../../../arm-none-eabi/lib/thumb/v7e-m+fp/hard/libnosys.a(lseek.o)
                0x000000000800adac                _lseek
 .text._read    0x000000000800adbc       0x10 /Applications/STM32CubeIDE.app/Contents/Eclipse/plugins/com.st.stm32cube.ide.mcu.externaltools.gnu-tools-for-stm32.10.3-2021.10.macos64_1.0.100.202210260954/tools/bin/../lib/gcc/arm-none-eabi/10.3.1/../../../../arm-none-eabi/lib/thumb/v7e-m+fp/hard/libnosys.a(read.o)
                0x000000000800adbc                _read
 .text._write   0x000000000800adcc       0x10 /Applications/STM32CubeIDE.app/Contents/Eclipse/plugins/com.st.stm32cube.ide.mcu.externaltools.gnu-tools-for-stm32.10.3-2021.10.macos64_1.0.100.202210260954/tools/bin/../lib/gcc/arm-none-eabi/10.3.1/../../../../arm-none-eabi/lib/thumb/v7e-m+fp/hard/libnosys.a(write.o)
                0x000000000800adcc                _write
 *(.glue_7)
 .glue_7        0x000000000800addc        0x0 linker stubs
 *(.glue_7t)
 .glue_7t       0x000000000800addc        0x0 linker stubs
 *(.eh_frame)
 .eh_frame      0x000000000800addc        0x0 /Applications/STM32CubeIDE.app/Contents/Eclipse/plugins/com.st.stm32cube.ide.mcu.externaltools.gnu-tools-for-stm32.10.3-2021.10.macos64_1.0.100.202210260954/tools/bin/../lib/gcc/arm-none-eabi/10.3.1/thumb/v7e-m+fp/hard/crtbegin.o
 *(.init)
 .init          0x000000000800addc        0x4 /Applications/STM32CubeIDE.app/Contents/Eclipse/plugins/com.st.stm32cube.ide.mcu.externaltools.gnu-tools-for-stm32.10.3-2021.10.macos64_1.0.100.202210260954/tools/bin/../lib/gcc/arm-none-eabi/10.3.1/thumb/v7e-m+fp/hard/crti.o
                0x000000000800addc                _init
 .init          0x000000000800ade0        0x8 /Applications/STM32CubeIDE.app/Contents/Eclipse/plugins/com.st.stm32cube.ide.mcu.externaltools.gnu-tools-for-stm32.10.3-2021.10.macos64_1.0.100.202210260954/tools/bin/../lib/gcc/arm-none-eabi/10.3.1/thumb/v7e-m+fp/hard/crtn.o
 *(.fini)
 .fini          0x000000000800ade8        0x4 /Applications/STM32CubeIDE.app/Contents/Eclipse/plugins/com.st.stm32cube.ide.mcu.externaltools.gnu-tools-for-stm32.10.3-2021.10.macos64_1.0.100.202210260954/tools/bin/../lib/gcc/arm-none-eabi/10.3.1/thumb/v7e-m+fp/hard/crti.o
                0x000000000800ade8                _fini
 .fini          0x000000000800adec        0x8 /Applications/STM32CubeIDE.app/Contents/Eclipse/plugins/com.st.stm32cube.ide.mcu.externaltools.gnu-tools-for-stm32.10.3-2021.10.macos64_1.0.100.202210260954/tools/bin/../lib/gcc/arm-none-eabi/10.3.1/thumb/v7e-m+fp/hard/crtn.o
                0x000000000800adf4                . = ALIGN (0x4)
                0x000000000800adf4                _etext = .

.vfp11_veneer   0x000000000800adf4        0x0
 .vfp11_veneer  0x000000000800adf4        0x0 linker stubs

.v4_bx          0x000000000800adf4        0x0
 .v4_bx         0x000000000800adf4        0x0 linker stubs

.iplt           0x000000000800adf4        0x0
 .iplt          0x000000000800adf4        0x0 /Applications/STM32CubeIDE.app/Contents/Eclipse/plugins/com.st.stm32cube.ide.mcu.externaltools.gnu-tools-for-stm32.10.3-2021.10.macos64_1.0.100.202210260954/tools/bin/../lib/gcc/arm-none-eabi/10.3.1/thumb/v7e-m+fp/hard/crtbegin.o

.rodata         0x000000000800ae00     0x6c00
                0x000000000800ae00                . = ALIGN (0x4)
 *(.rodata)
 .rodata        0x000000000800ae00       0x10 ./X-CUBE-AI/App/network_data.o
 *(.rodata*)
 .rodata.AHBPrescTable
                0x000000000800ae10       0x10 ./Core/Src/system_stm32l4xx.o
                0x000000000800ae10                AHBPrescTable
 .rodata.APBPrescTable
                0x000000000800ae20        0x8 ./Core/Src/system_stm32l4xx.o
                0x000000000800ae20                APBPrescTable
 .rodata.MSIRangeTable
                0x000000000800ae28       0x30 ./Core/Src/system_stm32l4xx.o
                0x000000000800ae28                MSIRangeTable
 .rodata.CSWTCH.53
                0x000000000800ae58        0x3 ./Drivers/STM32L4xx_HAL_Driver/Src/stm32l4xx_hal_uart.o
 .rodata.CSWTCH.54
                0x000000000800ae5b        0xd ./Drivers/STM32L4xx_HAL_Driver/Src/stm32l4xx_hal_uart.o
 .rodata.MX_X_CUBE_AI_Init.str1.1
                0x000000000800ae68       0x6a ./X-CUBE-AI/App/app_x-cube-ai.o
 .rodata.MX_X_CUBE_AI_Process.str1.1
                0x000000000800aed2       0x3e ./X-CUBE-AI/App/app_x-cube-ai.o
 .rodata.__compound_literal.0
                0x000000000800af10        0x4 ./X-CUBE-AI/App/network.o
 .rodata.__compound_literal.1
                0x000000000800af14        0x1 ./X-CUBE-AI/App/network.o
 .rodata.__compound_literal.10
                0x000000000800af15        0x1 ./X-CUBE-AI/App/network.o
 *fill*         0x000000000800af16        0x2 
 .rodata.__compound_literal.11
                0x000000000800af18        0x8 ./X-CUBE-AI/App/network.o
 .rodata.__compound_literal.12
                0x000000000800af20        0x4 ./X-CUBE-AI/App/network.o
 .rodata.__compound_literal.13
                0x000000000800af24        0x1 ./X-CUBE-AI/App/network.o
 *fill*         0x000000000800af25        0x3 
 .rodata.__compound_literal.14
                0x000000000800af28        0x8 ./X-CUBE-AI/App/network.o
 .rodata.__compound_literal.15
                0x000000000800af30        0x4 ./X-CUBE-AI/App/network.o
 .rodata.__compound_literal.16
                0x000000000800af34        0x1 ./X-CUBE-AI/App/network.o
 *fill*         0x000000000800af35        0x3 
 .rodata.__compound_literal.17
                0x000000000800af38        0x8 ./X-CUBE-AI/App/network.o
 .rodata.__compound_literal.18
                0x000000000800af40       0x40 ./X-CUBE-AI/App/network.o
 .rodata.__compound_literal.19
                0x000000000800af80       0x10 ./X-CUBE-AI/App/network.o
 .rodata.__compound_literal.2
                0x000000000800af90        0x8 ./X-CUBE-AI/App/network.o
 .rodata.__compound_literal.20
                0x000000000800af98        0x8 ./X-CUBE-AI/App/network.o
 .rodata.__compound_literal.21
                0x000000000800afa0       0x40 ./X-CUBE-AI/App/network.o
 .rodata.__compound_literal.22
                0x000000000800afe0       0x10 ./X-CUBE-AI/App/network.o
 .rodata.__compound_literal.23
                0x000000000800aff0        0x8 ./X-CUBE-AI/App/network.o
 .rodata.__compound_literal.24
                0x000000000800aff8       0x80 ./X-CUBE-AI/App/network.o
 .rodata.__compound_literal.25
                0x000000000800b078       0x20 ./X-CUBE-AI/App/network.o
 .rodata.__compound_literal.26
                0x000000000800b098        0x8 ./X-CUBE-AI/App/network.o
 .rodata.__compound_literal.27
                0x000000000800b0a0       0x80 ./X-CUBE-AI/App/network.o
 .rodata.__compound_literal.28
                0x000000000800b120       0x20 ./X-CUBE-AI/App/network.o
 .rodata.__compound_literal.29
                0x000000000800b140        0x8 ./X-CUBE-AI/App/network.o
 .rodata.__compound_literal.3
                0x000000000800b148        0x4 ./X-CUBE-AI/App/network.o
 .rodata.__compound_literal.30
                0x000000000800b14c        0x4 ./X-CUBE-AI/App/network.o
 .rodata.__compound_literal.31
                0x000000000800b150        0x1 ./X-CUBE-AI/App/network.o
 *fill*         0x000000000800b151        0x3 
 .rodata.__compound_literal.32
                0x000000000800b154        0x8 ./X-CUBE-AI/App/network.o
 .rodata.__compound_literal.33
                0x000000000800b15c        0x4 ./X-CUBE-AI/App/network.o
 .rodata.__compound_literal.34
                0x000000000800b160        0x1 ./X-CUBE-AI/App/network.o
 *fill*         0x000000000800b161        0x3 
 .rodata.__compound_literal.35
                0x000000000800b164        0x8 ./X-CUBE-AI/App/network.o
 .rodata.__compound_literal.36
                0x000000000800b16c        0x4 ./X-CUBE-AI/App/network.o
 .rodata.__compound_literal.37
                0x000000000800b170        0x1 ./X-CUBE-AI/App/network.o
 *fill*         0x000000000800b171        0x3 
 .rodata.__compound_literal.38
                0x000000000800b174        0x8 ./X-CUBE-AI/App/network.o
 .rodata.__compound_literal.39
                0x000000000800b17c        0x4 ./X-CUBE-AI/App/network.o
 .rodata.__compound_literal.4
                0x000000000800b180        0x1 ./X-CUBE-AI/App/network.o
 .rodata.__compound_literal.40
                0x000000000800b181        0x1 ./X-CUBE-AI/App/network.o
 *fill*         0x000000000800b182        0x2 
 .rodata.__compound_literal.41
                0x000000000800b184        0x8 ./X-CUBE-AI/App/network.o
 .rodata.__compound_literal.42
                0x000000000800b18c        0x4 ./X-CUBE-AI/App/network.o
 .rodata.__compound_literal.43
                0x000000000800b190        0x1 ./X-CUBE-AI/App/network.o
 *fill*         0x000000000800b191        0x3 
 .rodata.__compound_literal.44
                0x000000000800b194        0x8 ./X-CUBE-AI/App/network.o
 .rodata.__compound_literal.45
                0x000000000800b19c        0x4 ./X-CUBE-AI/App/network.o
 .rodata.__compound_literal.46
                0x000000000800b1a0        0x1 ./X-CUBE-AI/App/network.o
 *fill*         0x000000000800b1a1        0x3 
 .rodata.__compound_literal.47
                0x000000000800b1a4        0x8 ./X-CUBE-AI/App/network.o
 .rodata.__compound_literal.48
                0x000000000800b1ac        0x4 ./X-CUBE-AI/App/network.o
 .rodata.__compound_literal.49
                0x000000000800b1b0        0x1 ./X-CUBE-AI/App/network.o
 *fill*         0x000000000800b1b1        0x3 
 .rodata.__compound_literal.5
                0x000000000800b1b4        0x8 ./X-CUBE-AI/App/network.o
 .rodata.__compound_literal.50
                0x000000000800b1bc        0x8 ./X-CUBE-AI/App/network.o
 .rodata.__compound_literal.51
                0x000000000800b1c4        0x4 ./X-CUBE-AI/App/network.o
 .rodata.__compound_literal.52
                0x000000000800b1c8        0x1 ./X-CUBE-AI/App/network.o
 *fill*         0x000000000800b1c9        0x3 
 .rodata.__compound_literal.53
                0x000000000800b1cc        0x8 ./X-CUBE-AI/App/network.o
 .rodata.__compound_literal.54
                0x000000000800b1d4        0x4 ./X-CUBE-AI/App/network.o
 .rodata.__compound_literal.55
                0x000000000800b1d8        0x1 ./X-CUBE-AI/App/network.o
 *fill*         0x000000000800b1d9        0x3 
 .rodata.__compound_literal.56
                0x000000000800b1dc        0x8 ./X-CUBE-AI/App/network.o
 .rodata.__compound_literal.57
                0x000000000800b1e4        0x4 ./X-CUBE-AI/App/network.o
 .rodata.__compound_literal.58
                0x000000000800b1e8        0x1 ./X-CUBE-AI/App/network.o
 *fill*         0x000000000800b1e9        0x3 
 .rodata.__compound_literal.59
                0x000000000800b1ec        0x8 ./X-CUBE-AI/App/network.o
 .rodata.__compound_literal.6
                0x000000000800b1f4        0x4 ./X-CUBE-AI/App/network.o
 .rodata.__compound_literal.7
                0x000000000800b1f8        0x1 ./X-CUBE-AI/App/network.o
 *fill*         0x000000000800b1f9        0x3 
 .rodata.__compound_literal.8
                0x000000000800b1fc        0x8 ./X-CUBE-AI/App/network.o
 .rodata.__compound_literal.9
                0x000000000800b204        0x4 ./X-CUBE-AI/App/network.o
 .rodata.conv2d_1_chain
                0x000000000800b208        0x8 ./X-CUBE-AI/App/network.o
 .rodata.conv2d_1_output_array_intq
                0x000000000800b210        0x8 ./X-CUBE-AI/App/network.o
 .rodata.conv2d_1_weights_array_intq
                0x000000000800b218        0x8 ./X-CUBE-AI/App/network.o
 .rodata.conv2d_2_chain
                0x000000000800b220        0x8 ./X-CUBE-AI/App/network.o
 .rodata.conv2d_2_output_array_intq
                0x000000000800b228        0x8 ./X-CUBE-AI/App/network.o
 .rodata.conv2d_2_pad_before_chain
                0x000000000800b230        0x8 ./X-CUBE-AI/App/network.o
 .rodata.conv2d_2_pad_before_output_array_intq
                0x000000000800b238        0x8 ./X-CUBE-AI/App/network.o
 .rodata.conv2d_2_pad_before_value
                0x000000000800b240       0x10 ./X-CUBE-AI/App/network.o
 .rodata.conv2d_2_pad_before_value_data
                0x000000000800b250        0x1 ./X-CUBE-AI/App/network.o
 *fill*         0x000000000800b251        0x3 
 .rodata.conv2d_2_scratch1_array_intq
                0x000000000800b254        0x8 ./X-CUBE-AI/App/network.o
 .rodata.conv2d_2_weights_array_intq
                0x000000000800b25c        0x8 ./X-CUBE-AI/App/network.o
 .rodata.conv2d_4_chain
                0x000000000800b264        0x8 ./X-CUBE-AI/App/network.o
 .rodata.conv2d_4_output_array_intq
                0x000000000800b26c        0x8 ./X-CUBE-AI/App/network.o
 .rodata.conv2d_4_pad_before_chain
                0x000000000800b274        0x8 ./X-CUBE-AI/App/network.o
 .rodata.conv2d_4_pad_before_output_array_intq
                0x000000000800b27c        0x8 ./X-CUBE-AI/App/network.o
 .rodata.conv2d_4_pad_before_value
                0x000000000800b284       0x10 ./X-CUBE-AI/App/network.o
 .rodata.conv2d_4_pad_before_value_data
                0x000000000800b294        0x1 ./X-CUBE-AI/App/network.o
 *fill*         0x000000000800b295        0x3 
 .rodata.conv2d_4_weights_array_intq
                0x000000000800b298        0x8 ./X-CUBE-AI/App/network.o
 .rodata.conv2d_5_chain
                0x000000000800b2a0        0x8 ./X-CUBE-AI/App/network.o
 .rodata.conv2d_5_output_array_intq
                0x000000000800b2a8        0x8 ./X-CUBE-AI/App/network.o
 .rodata.conv2d_5_pad_before_chain
                0x000000000800b2b0        0x8 ./X-CUBE-AI/App/network.o
 .rodata.conv2d_5_pad_before_output_array_intq
                0x000000000800b2b8        0x8 ./X-CUBE-AI/App/network.o
 .rodata.conv2d_5_pad_before_value
                0x000000000800b2c0       0x10 ./X-CUBE-AI/App/network.o
 .rodata.conv2d_5_pad_before_value_data
                0x000000000800b2d0        0x1 ./X-CUBE-AI/App/network.o
 *fill*         0x000000000800b2d1        0x3 
 .rodata.conv2d_5_scratch1_array_intq
                0x000000000800b2d4        0x8 ./X-CUBE-AI/App/network.o
 .rodata.conv2d_5_weights_array_intq
                0x000000000800b2dc        0x8 ./X-CUBE-AI/App/network.o
 .rodata.conversion_0_chain
                0x000000000800b2e4        0x8 ./X-CUBE-AI/App/network.o
 .rodata.conversion_0_output_array_intq
                0x000000000800b2ec        0x8 ./X-CUBE-AI/App/network.o
 .rodata.dense_8_chain
                0x000000000800b2f4        0x8 ./X-CUBE-AI/App/network.o
 .rodata.dense_8_output_array_intq
                0x000000000800b2fc        0x8 ./X-CUBE-AI/App/network.o
 .rodata.dense_8_weights_array_intq
                0x000000000800b304        0x8 ./X-CUBE-AI/App/network.o
 .rodata.dense_9_0_conversion_chain
                0x000000000800b30c        0x8 ./X-CUBE-AI/App/network.o
 .rodata.dense_9_chain
                0x000000000800b314        0x8 ./X-CUBE-AI/App/network.o
 .rodata.dense_9_output_array_intq
                0x000000000800b31c        0x8 ./X-CUBE-AI/App/network.o
 .rodata.dense_9_weights_array_intq
                0x000000000800b324        0x8 ./X-CUBE-AI/App/network.o
 .rodata.nl_10_0_conversion_chain
                0x000000000800b32c        0x8 ./X-CUBE-AI/App/network.o
 .rodata.nl_10_0_conversion_output_array_intq
                0x000000000800b334        0x8 ./X-CUBE-AI/App/network.o
 .rodata.nl_10_chain
                0x000000000800b33c        0x8 ./X-CUBE-AI/App/network.o
 .rodata.serving_default_conv2d_38_input0_output_array_intq
                0x000000000800b344        0x8 ./X-CUBE-AI/App/network.o
 *fill*         0x000000000800b34c       0x14 
 .rodata.s_network_weights_array_u64
                0x000000000800b360     0x65d8 ./X-CUBE-AI/App/network_data_params.o
                0x000000000800b360                s_network_weights_array_u64
 .rodata.halF   0x0000000008011938        0x8 /Applications/STM32CubeIDE.app/Contents/Eclipse/plugins/com.st.stm32cube.ide.mcu.externaltools.gnu-tools-for-stm32.10.3-2021.10.macos64_1.0.100.202210260954/tools/bin/../lib/gcc/arm-none-eabi/10.3.1/../../../../arm-none-eabi/lib/thumb/v7e-m+fp/hard/libm.a(lib_a-ef_exp.o)
 .rodata.ln2HI  0x0000000008011940        0x8 /Applications/STM32CubeIDE.app/Contents/Eclipse/plugins/com.st.stm32cube.ide.mcu.externaltools.gnu-tools-for-stm32.10.3-2021.10.macos64_1.0.100.202210260954/tools/bin/../lib/gcc/arm-none-eabi/10.3.1/../../../../arm-none-eabi/lib/thumb/v7e-m+fp/hard/libm.a(lib_a-ef_exp.o)
 .rodata.ln2LO  0x0000000008011948        0x8 /Applications/STM32CubeIDE.app/Contents/Eclipse/plugins/com.st.stm32cube.ide.mcu.externaltools.gnu-tools-for-stm32.10.3-2021.10.macos64_1.0.100.202210260954/tools/bin/../lib/gcc/arm-none-eabi/10.3.1/../../../../arm-none-eabi/lib/thumb/v7e-m+fp/hard/libm.a(lib_a-ef_exp.o)
 .rodata.bp     0x0000000008011950        0x8 /Applications/STM32CubeIDE.app/Contents/Eclipse/plugins/com.st.stm32cube.ide.mcu.externaltools.gnu-tools-for-stm32.10.3-2021.10.macos64_1.0.100.202210260954/tools/bin/../lib/gcc/arm-none-eabi/10.3.1/../../../../arm-none-eabi/lib/thumb/v7e-m+fp/hard/libm.a(lib_a-ef_pow.o)
 .rodata.dp_h   0x0000000008011958        0x8 /Applications/STM32CubeIDE.app/Contents/Eclipse/plugins/com.st.stm32cube.ide.mcu.externaltools.gnu-tools-for-stm32.10.3-2021.10.macos64_1.0.100.202210260954/tools/bin/../lib/gcc/arm-none-eabi/10.3.1/../../../../arm-none-eabi/lib/thumb/v7e-m+fp/hard/libm.a(lib_a-ef_pow.o)
 .rodata.dp_l   0x0000000008011960        0x8 /Applications/STM32CubeIDE.app/Contents/Eclipse/plugins/com.st.stm32cube.ide.mcu.externaltools.gnu-tools-for-stm32.10.3-2021.10.macos64_1.0.100.202210260954/tools/bin/../lib/gcc/arm-none-eabi/10.3.1/../../../../arm-none-eabi/lib/thumb/v7e-m+fp/hard/libm.a(lib_a-ef_pow.o)
 .rodata._global_impure_ptr
                0x0000000008011968        0x4 /Applications/STM32CubeIDE.app/Contents/Eclipse/plugins/com.st.stm32cube.ide.mcu.externaltools.gnu-tools-for-stm32.10.3-2021.10.macos64_1.0.100.202210260954/tools/bin/../lib/gcc/arm-none-eabi/10.3.1/../../../../arm-none-eabi/lib/thumb/v7e-m+fp/hard/libc_nano.a(lib_a-impure.o)
                0x0000000008011968                _global_impure_ptr
 .rodata.__sf_fake_stderr
                0x000000000801196c       0x20 /Applications/STM32CubeIDE.app/Contents/Eclipse/plugins/com.st.stm32cube.ide.mcu.externaltools.gnu-tools-for-stm32.10.3-2021.10.macos64_1.0.100.202210260954/tools/bin/../lib/gcc/arm-none-eabi/10.3.1/../../../../arm-none-eabi/lib/thumb/v7e-m+fp/hard/libc_nano.a(lib_a-findfp.o)
                0x000000000801196c                __sf_fake_stderr
 .rodata.__sf_fake_stdin
                0x000000000801198c       0x20 /Applications/STM32CubeIDE.app/Contents/Eclipse/plugins/com.st.stm32cube.ide.mcu.externaltools.gnu-tools-for-stm32.10.3-2021.10.macos64_1.0.100.202210260954/tools/bin/../lib/gcc/arm-none-eabi/10.3.1/../../../../arm-none-eabi/lib/thumb/v7e-m+fp/hard/libc_nano.a(lib_a-findfp.o)
                0x000000000801198c                __sf_fake_stdin
 .rodata.__sf_fake_stdout
                0x00000000080119ac       0x20 /Applications/STM32CubeIDE.app/Contents/Eclipse/plugins/com.st.stm32cube.ide.mcu.externaltools.gnu-tools-for-stm32.10.3-2021.10.macos64_1.0.100.202210260954/tools/bin/../lib/gcc/arm-none-eabi/10.3.1/../../../../arm-none-eabi/lib/thumb/v7e-m+fp/hard/libc_nano.a(lib_a-findfp.o)
                0x00000000080119ac                __sf_fake_stdout
 .rodata._vfprintf_r.str1.1
                0x00000000080119cc       0x11 /Applications/STM32CubeIDE.app/Contents/Eclipse/plugins/com.st.stm32cube.ide.mcu.externaltools.gnu-tools-for-stm32.10.3-2021.10.macos64_1.0.100.202210260954/tools/bin/../lib/gcc/arm-none-eabi/10.3.1/../../../../arm-none-eabi/lib/thumb/v7e-m+fp/hard/libc_nano.a(lib_a-nano-vfprintf.o)
 .rodata._printf_i.str1.1
                0x00000000080119dd       0x22 /Applications/STM32CubeIDE.app/Contents/Eclipse/plugins/com.st.stm32cube.ide.mcu.externaltools.gnu-tools-for-stm32.10.3-2021.10.macos64_1.0.100.202210260954/tools/bin/../lib/gcc/arm-none-eabi/10.3.1/../../../../arm-none-eabi/lib/thumb/v7e-m+fp/hard/libc_nano.a(lib_a-nano-vfprintf_i.o)
                0x0000000008011a00                . = ALIGN (0x4)
 *fill*         0x00000000080119ff        0x1 

.ARM.extab      0x0000000008011a00        0x0
                0x0000000008011a00                . = ALIGN (0x4)
 *(.ARM.extab* .gnu.linkonce.armextab.*)
                0x0000000008011a00                . = ALIGN (0x4)

.ARM            0x0000000008011a00        0x8
                0x0000000008011a00                . = ALIGN (0x4)
                0x0000000008011a00                __exidx_start = .
 *(.ARM.exidx*)
 .ARM.exidx     0x0000000008011a00        0x8 /Applications/STM32CubeIDE.app/Contents/Eclipse/plugins/com.st.stm32cube.ide.mcu.externaltools.gnu-tools-for-stm32.10.3-2021.10.macos64_1.0.100.202210260954/tools/bin/../lib/gcc/arm-none-eabi/10.3.1/thumb/v7e-m+fp/hard/libgcc.a(_udivmoddi4.o)
                0x0000000008011a08                __exidx_end = .
                0x0000000008011a08                . = ALIGN (0x4)

.rel.dyn        0x0000000008011a08        0x0
 .rel.iplt      0x0000000008011a08        0x0 /Applications/STM32CubeIDE.app/Contents/Eclipse/plugins/com.st.stm32cube.ide.mcu.externaltools.gnu-tools-for-stm32.10.3-2021.10.macos64_1.0.100.202210260954/tools/bin/../lib/gcc/arm-none-eabi/10.3.1/thumb/v7e-m+fp/hard/crtbegin.o

.preinit_array  0x0000000008011a08        0x0
                0x0000000008011a08                . = ALIGN (0x4)
                0x0000000008011a08                PROVIDE (__preinit_array_start = .)
 *(.preinit_array*)
                0x0000000008011a08                PROVIDE (__preinit_array_end = .)
                0x0000000008011a08                . = ALIGN (0x4)

.init_array     0x0000000008011a08        0x4
                0x0000000008011a08                . = ALIGN (0x4)
                0x0000000008011a08                PROVIDE (__init_array_start = .)
 *(SORT_BY_NAME(.init_array.*))
 *(.init_array*)
 .init_array    0x0000000008011a08        0x4 /Applications/STM32CubeIDE.app/Contents/Eclipse/plugins/com.st.stm32cube.ide.mcu.externaltools.gnu-tools-for-stm32.10.3-2021.10.macos64_1.0.100.202210260954/tools/bin/../lib/gcc/arm-none-eabi/10.3.1/thumb/v7e-m+fp/hard/crtbegin.o
                0x0000000008011a0c                PROVIDE (__init_array_end = .)
                0x0000000008011a0c                . = ALIGN (0x4)

.fini_array     0x0000000008011a0c        0x4
                0x0000000008011a0c                . = ALIGN (0x4)
                [!provide]                        PROVIDE (__fini_array_start = .)
 *(SORT_BY_NAME(.fini_array.*))
 *(.fini_array*)
 .fini_array    0x0000000008011a0c        0x4 /Applications/STM32CubeIDE.app/Contents/Eclipse/plugins/com.st.stm32cube.ide.mcu.externaltools.gnu-tools-for-stm32.10.3-2021.10.macos64_1.0.100.202210260954/tools/bin/../lib/gcc/arm-none-eabi/10.3.1/thumb/v7e-m+fp/hard/crtbegin.o
                [!provide]                        PROVIDE (__fini_array_end = .)
                0x0000000008011a10                . = ALIGN (0x4)
                0x0000000008011a10                _sidata = LOADADDR (.data)

.data           0x0000000020000000     0x11e8 load address 0x0000000008011a10
                0x0000000020000000                . = ALIGN (0x4)
                0x0000000020000000                _sdata = .
 *(.data)
 *(.data*)
 .data.SystemCoreClock
                0x0000000020000000        0x4 ./Core/Src/system_stm32l4xx.o
                0x0000000020000000                SystemCoreClock
 .data.uwTickFreq
                0x0000000020000004        0x1 ./Drivers/STM32L4xx_HAL_Driver/Src/stm32l4xx_hal.o
                0x0000000020000004                uwTickFreq
 *fill*         0x0000000020000005        0x3 
 .data.uwTickPrio
                0x0000000020000008        0x4 ./Drivers/STM32L4xx_HAL_Driver/Src/stm32l4xx_hal.o
                0x0000000020000008                uwTickPrio
 .data.data_activations0
                0x000000002000000c        0x4 ./X-CUBE-AI/App/app_x-cube-ai.o
                0x000000002000000c                data_activations0
 .data.__compound_literal.100
                0x0000000020000010       0x10 ./X-CUBE-AI/App/network.o
 .data.__compound_literal.101
                0x0000000020000020       0x10 ./X-CUBE-AI/App/network.o
 .data.__compound_literal.102
                0x0000000020000030       0x10 ./X-CUBE-AI/App/network.o
 .data.__compound_literal.103
                0x0000000020000040       0x10 ./X-CUBE-AI/App/network.o
 .data.__compound_literal.104
                0x0000000020000050       0x10 ./X-CUBE-AI/App/network.o
 .data.__compound_literal.105
                0x0000000020000060       0x10 ./X-CUBE-AI/App/network.o
 .data.__compound_literal.106