../tensorflow_lite/tensorflow/lite/core/api/flatbuffer_conversions.cc:124:15:TfLitePadding tflite::{anonymous}::ConvertPadding(tflite::Padding)	0	static
../tensorflow_lite/tensorflow/lite/core/api/flatbuffer_conversions.cc:56:21:tflite::{anonymous}::SafeBuiltinDataAllocator::BuiltinDataPtr<T> tflite::{anonymous}::SafeBuiltinDataAllocator::Allocate() [with T = TfLiteRandomParams]	16	static
../tensorflow_lite/tensorflow/lite/core/api/flatbuffer_conversions.cc:67:6:void tflite::{anonymous}::CheckParsePointerParams(const tflite::Operator*, tflite::ErrorReporter*, tflite::BuiltinDataAllocator*, void**)	8	static
../tensorflow_lite/tensorflow/lite/core/api/flatbuffer_conversions.cc:79:14:TfLiteStatus tflite::{anonymous}::FlatBufferIntVectorToArray(int, const flatbuffers::Vector<long int>*, int*, tflite::ErrorReporter*, const char*)	16	static
../tensorflow_lite/tensorflow/lite/core/api/flatbuffer_conversions.cc:43:10:void tflite::{anonymous}::SafeBuiltinDataAllocator::BuiltinDataDeleter::operator()(void*)	0	static
/Applications/STM32CubeIDE.app/Contents/Eclipse/plugins/com.st.stm32cube.ide.mcu.externaltools.gnu-tools-for-stm32.10.3-2021.10.macos64_1.0.100.202210260954/tools/arm-none-eabi/include/c++/10.3.1/bits/unique_ptr.h:355:7:std::unique_ptr<_Tp, _Dp>::~unique_ptr() [with _Tp = TfLiteRandomParams; _Dp = tflite::{anonymous}::SafeBuiltinDataAllocator::BuiltinDataDeleter]	0	static
/Users/mnadalorian/STM32CubeIDE/workspace_1.11.2/Exercise7/tensorflow_lite/third_party/flatbuffers/include/flatbuffers/flatbuffers.h:2442:13:flatbuffers::voffset_t flatbuffers::Table::GetOptionalFieldOffset(flatbuffers::voffset_t) const	0	static
/Users/mnadalorian/STM32CubeIDE/workspace_1.11.2/Exercise7/tensorflow_lite/tensorflow/lite/schema/schema_generated.h:10966:11:int64_t tflite::RandomOptions::seed() const	8	static
/Users/mnadalorian/STM32CubeIDE/workspace_1.11.2/Exercise7/tensorflow_lite/tensorflow/lite/schema/schema_generated.h:10969:11:int64_t tflite::RandomOptions::seed2() const	8	static
/Users/mnadalorian/STM32CubeIDE/workspace_1.11.2/Exercise7/tensorflow_lite/tensorflow/lite/schema/schema_generated.h:11581:15:const void* tflite::Operator::builtin_options() const	8	static
../tensorflow_lite/tensorflow/lite/core/api/flatbuffer_conversions.cc:895:14:TfLiteStatus tflite::ConvertTensorType(tflite::TensorType, TfLiteType*, tflite::ErrorReporter*)	8	static
../tensorflow_lite/tensorflow/lite/core/api/flatbuffer_conversions.cc:960:14:TfLiteStatus tflite::ParseAbs(const tflite::Operator*, tflite::ErrorReporter*, tflite::BuiltinDataAllocator*, void**)	0	static
../tensorflow_lite/tensorflow/lite/core/api/flatbuffer_conversions.cc:990:14:TfLiteStatus tflite::ParseAddN(const tflite::Operator*, tflite::ErrorReporter*, tflite::BuiltinDataAllocator*, void**)	0	static
../tensorflow_lite/tensorflow/lite/core/api/flatbuffer_conversions.cc:1048:14:TfLiteStatus tflite::ParseAssignVariable(const tflite::Operator*, tflite::ErrorReporter*, tflite::BuiltinDataAllocator*, void**)	0	static
../tensorflow_lite/tensorflow/lite/core/api/flatbuffer_conversions.cc:1077:14:TfLiteStatus tflite::ParseBatchToSpaceNd(const tflite::Operator*, tflite::ErrorReporter*, tflite::BuiltinDataAllocator*, void**)	0	static
../tensorflow_lite/tensorflow/lite/core/api/flatbuffer_conversions.cc:1085:14:TfLiteStatus tflite::ParseBroadcastArgs(const tflite::Operator*, tflite::ErrorReporter*, tflite::BuiltinDataAllocator*, void**)	0	static
../tensorflow_lite/tensorflow/lite/core/api/flatbuffer_conversions.cc:1093:14:TfLiteStatus tflite::ParseBroadcastTo(const tflite::Operator*, tflite::ErrorReporter*, tflite::BuiltinDataAllocator*, void**)	0	static
../tensorflow_lite/tensorflow/lite/core/api/flatbuffer_conversions.cc:1149:14:TfLiteStatus tflite::ParseCeil(const tflite::Operator*, tflite::ErrorReporter*, tflite::BuiltinDataAllocator*, void**)	0	static
../tensorflow_lite/tensorflow/lite/core/api/flatbuffer_conversions.cc:1235:14:TfLiteStatus tflite::ParseCos(const tflite::Operator*, tflite::ErrorReporter*, tflite::BuiltinDataAllocator*, void**)	0	static
../tensorflow_lite/tensorflow/lite/core/api/flatbuffer_conversions.cc:1304:14:TfLiteStatus tflite::ParseDequantize(const tflite::Operator*, tflite::ErrorReporter*, tflite::BuiltinDataAllocator*, void**)	0	static
../tensorflow_lite/tensorflow/lite/core/api/flatbuffer_conversions.cc:1327:14:TfLiteStatus tflite::ParseElu(const tflite::Operator*, tflite::ErrorReporter*, tflite::BuiltinDataAllocator*, void**)	0	static
../tensorflow_lite/tensorflow/lite/core/api/flatbuffer_conversions.cc:1335:14:TfLiteStatus tflite::ParseEqual(const tflite::Operator*, tflite::ErrorReporter*, tflite::BuiltinDataAllocator*, void**)	0	static
../tensorflow_lite/tensorflow/lite/core/api/flatbuffer_conversions.cc:1343:14:TfLiteStatus tflite::ParseExp(const tflite::Operator*, tflite::ErrorReporter*, tflite::BuiltinDataAllocator*, void**)	0	static
../tensorflow_lite/tensorflow/lite/core/api/flatbuffer_conversions.cc:1351:14:TfLiteStatus tflite::ParseExpandDims(const tflite::Operator*, tflite::ErrorReporter*, tflite::BuiltinDataAllocator*, void**)	0	static
../tensorflow_lite/tensorflow/lite/core/api/flatbuffer_conversions.cc:1359:14:TfLiteStatus tflite::ParseFill(const tflite::Operator*, tflite::ErrorReporter*, tflite::BuiltinDataAllocator*, void**)	0	static
../tensorflow_lite/tensorflow/lite/core/api/flatbuffer_conversions.cc:1367:14:TfLiteStatus tflite::ParseFloor(const tflite::Operator*, tflite::ErrorReporter*, tflite::BuiltinDataAllocator*, void**)	0	static
../tensorflow_lite/tensorflow/lite/core/api/flatbuffer_conversions.cc:1375:14:TfLiteStatus tflite::ParseFloorDiv(const tflite::Operator*, tflite::ErrorReporter*, tflite::BuiltinDataAllocator*, void**)	0	static
../tensorflow_lite/tensorflow/lite/core/api/flatbuffer_conversions.cc:1383:14:TfLiteStatus tflite::ParseFloorMod(const tflite::Operator*, tflite::ErrorReporter*, tflite::BuiltinDataAllocator*, void**)	0	static
../tensorflow_lite/tensorflow/lite/core/api/flatbuffer_conversions.cc:1458:14:TfLiteStatus tflite::ParseGatherNd(const tflite::Operator*, tflite::ErrorReporter*, tflite::BuiltinDataAllocator*, void**)	0	static
../tensorflow_lite/tensorflow/lite/core/api/flatbuffer_conversions.cc:1466:14:TfLiteStatus tflite::ParseGreater(const tflite::Operator*, tflite::ErrorReporter*, tflite::BuiltinDataAllocator*, void**)	0	static
../tensorflow_lite/tensorflow/lite/core/api/flatbuffer_conversions.cc:1474:14:TfLiteStatus tflite::ParseGreaterEqual(const tflite::Operator*, tflite::ErrorReporter*, tflite::BuiltinDataAllocator*, void**)	0	static
../tensorflow_lite/tensorflow/lite/core/api/flatbuffer_conversions.cc:1482:14:TfLiteStatus tflite::ParseHardSwish(const tflite::Operator*, tflite::ErrorReporter*, tflite::BuiltinDataAllocator*, void**)	0	static
../tensorflow_lite/tensorflow/lite/core/api/flatbuffer_conversions.cc:1557:14:TfLiteStatus tflite::ParseLess(const tflite::Operator*, tflite::ErrorReporter*, tflite::BuiltinDataAllocator*, void**)	0	static
../tensorflow_lite/tensorflow/lite/core/api/flatbuffer_conversions.cc:1565:14:TfLiteStatus tflite::ParseLessEqual(const tflite::Operator*, tflite::ErrorReporter*, tflite::BuiltinDataAllocator*, void**)	0	static
../tensorflow_lite/tensorflow/lite/core/api/flatbuffer_conversions.cc:1573:14:TfLiteStatus tflite::ParseLog(const tflite::Operator*, tflite::ErrorReporter*, tflite::BuiltinDataAllocator*, void**)	0	static
../tensorflow_lite/tensorflow/lite/core/api/flatbuffer_conversions.cc:1581:14:TfLiteStatus tflite::ParseLogicalAnd(const tflite::Operator*, tflite::ErrorReporter*, tflite::BuiltinDataAllocator*, void**)	0	static
../tensorflow_lite/tensorflow/lite/core/api/flatbuffer_conversions.cc:1589:14:TfLiteStatus tflite::ParseLogicalNot(const tflite::Operator*, tflite::ErrorReporter*, tflite::BuiltinDataAllocator*, void**)	0	static
../tensorflow_lite/tensorflow/lite/core/api/flatbuffer_conversions.cc:1597:14:TfLiteStatus tflite::ParseLogicalOr(const tflite::Operator*, tflite::ErrorReporter*, tflite::BuiltinDataAllocator*, void**)	0	static
../tensorflow_lite/tensorflow/lite/core/api/flatbuffer_conversions.cc:1605:14:TfLiteStatus tflite::ParseLogistic(const tflite::Operator*, tflite::ErrorReporter*, tflite::BuiltinDataAllocator*, void**)	0	static
../tensorflow_lite/tensorflow/lite/core/api/flatbuffer_conversions.cc:1613:14:TfLiteStatus tflite::ParseLogSoftmax(const tflite::Operator*, tflite::ErrorReporter*, tflite::BuiltinDataAllocator*, void**)	0	static
../tensorflow_lite/tensorflow/lite/core/api/flatbuffer_conversions.cc:1655:14:TfLiteStatus tflite::ParseMaximum(const tflite::Operator*, tflite::ErrorReporter*, tflite::BuiltinDataAllocator*, void**)	0	static
../tensorflow_lite/tensorflow/lite/core/api/flatbuffer_conversions.cc:1663:14:TfLiteStatus tflite::ParseMinimum(const tflite::Operator*, tflite::ErrorReporter*, tflite::BuiltinDataAllocator*, void**)	0	static
../tensorflow_lite/tensorflow/lite/core/api/flatbuffer_conversions.cc:1721:14:TfLiteStatus tflite::ParseNeg(const tflite::Operator*, tflite::ErrorReporter*, tflite::BuiltinDataAllocator*, void**)	0	static
../tensorflow_lite/tensorflow/lite/core/api/flatbuffer_conversions.cc:1729:14:TfLiteStatus tflite::ParseNotEqual(const tflite::Operator*, tflite::ErrorReporter*, tflite::BuiltinDataAllocator*, void**)	0	static
../tensorflow_lite/tensorflow/lite/core/api/flatbuffer_conversions.cc:1762:14:TfLiteStatus tflite::ParsePad(const tflite::Operator*, tflite::ErrorReporter*, tflite::BuiltinDataAllocator*, void**)	0	static
../tensorflow_lite/tensorflow/lite/core/api/flatbuffer_conversions.cc:1770:14:TfLiteStatus tflite::ParsePadV2(const tflite::Operator*, tflite::ErrorReporter*, tflite::BuiltinDataAllocator*, void**)	0	static
../tensorflow_lite/tensorflow/lite/core/api/flatbuffer_conversions.cc:1808:14:TfLiteStatus tflite::ParsePow(const tflite::Operator*, tflite::ErrorReporter*, tflite::BuiltinDataAllocator*, void**)	0	static
../tensorflow_lite/tensorflow/lite/core/api/flatbuffer_conversions.cc:1816:14:TfLiteStatus tflite::ParsePrelu(const tflite::Operator*, tflite::ErrorReporter*, tflite::BuiltinDataAllocator*, void**)	0	static
../tensorflow_lite/tensorflow/lite/core/api/flatbuffer_conversions.cc:1824:14:TfLiteStatus tflite::ParseQuantize(const tflite::Operator*, tflite::ErrorReporter*, tflite::BuiltinDataAllocator*, void**)	0	static
../tensorflow_lite/tensorflow/lite/core/api/flatbuffer_conversions.cc:1832:14:TfLiteStatus tflite::ParseReadVariable(const tflite::Operator*, tflite::ErrorReporter*, tflite::BuiltinDataAllocator*, void**)	0	static
../tensorflow_lite/tensorflow/lite/core/api/flatbuffer_conversions.cc:1866:14:TfLiteStatus tflite::ParseRelu(const tflite::Operator*, tflite::ErrorReporter*, tflite::BuiltinDataAllocator*, void**)	0	static
../tensorflow_lite/tensorflow/lite/core/api/flatbuffer_conversions.cc:1874:14:TfLiteStatus tflite::ParseRelu6(const tflite::Operator*, tflite::ErrorReporter*, tflite::BuiltinDataAllocator*, void**)	0	static
../tensorflow_lite/tensorflow/lite/core/api/flatbuffer_conversions.cc:1973:14:TfLiteStatus tflite::ParseRound(const tflite::Operator*, tflite::ErrorReporter*, tflite::BuiltinDataAllocator*, void**)	0	static
../tensorflow_lite/tensorflow/lite/core/api/flatbuffer_conversions.cc:1981:14:TfLiteStatus tflite::ParseRsqrt(const tflite::Operator*, tflite::ErrorReporter*, tflite::BuiltinDataAllocator*, void**)	0	static
../tensorflow_lite/tensorflow/lite/core/api/flatbuffer_conversions.cc:2012:14:TfLiteStatus tflite::ParseSin(const tflite::Operator*, tflite::ErrorReporter*, tflite::BuiltinDataAllocator*, void**)	0	static
../tensorflow_lite/tensorflow/lite/core/api/flatbuffer_conversions.cc:2020:14:TfLiteStatus tflite::ParseSlice(const tflite::Operator*, tflite::ErrorReporter*, tflite::BuiltinDataAllocator*, void**)	0	static
../tensorflow_lite/tensorflow/lite/core/api/flatbuffer_conversions.cc:2053:14:TfLiteStatus tflite::ParseSpaceToBatchNd(const tflite::Operator*, tflite::ErrorReporter*, tflite::BuiltinDataAllocator*, void**)	0	static
../tensorflow_lite/tensorflow/lite/core/api/flatbuffer_conversions.cc:2190:14:TfLiteStatus tflite::ParseSqrt(const tflite::Operator*, tflite::ErrorReporter*, tflite::BuiltinDataAllocator*, void**)	0	static
../tensorflow_lite/tensorflow/lite/core/api/flatbuffer_conversions.cc:2198:14:TfLiteStatus tflite::ParseSquare(const tflite::Operator*, tflite::ErrorReporter*, tflite::BuiltinDataAllocator*, void**)	0	static
../tensorflow_lite/tensorflow/lite/core/api/flatbuffer_conversions.cc:2206:14:TfLiteStatus tflite::ParseSquaredDifference(const tflite::Operator*, tflite::ErrorReporter*, tflite::BuiltinDataAllocator*, void**)	0	static
../tensorflow_lite/tensorflow/lite/core/api/flatbuffer_conversions.cc:2297:14:TfLiteStatus tflite::ParseTanh(const tflite::Operator*, tflite::ErrorReporter*, tflite::BuiltinDataAllocator*, void**)	0	static
../tensorflow_lite/tensorflow/lite/core/api/flatbuffer_conversions.cc:2305:14:TfLiteStatus tflite::ParseTranspose(const tflite::Operator*, tflite::ErrorReporter*, tflite::BuiltinDataAllocator*, void**)	0	static
../tensorflow_lite/tensorflow/lite/core/api/flatbuffer_conversions.cc:2420:14:TfLiteStatus tflite::ParseZerosLike(const tflite::Operator*, tflite::ErrorReporter*, tflite::BuiltinDataAllocator*, void**)	0	static
/Users/mnadalorian/STM32CubeIDE/workspace_1.11.2/Exercise7/tensorflow_lite/third_party/flatbuffers/include/flatbuffers/flatbuffers.h:2452:26:T flatbuffers::Table::GetField(flatbuffers::voffset_t, T) const [with T = unsigned char]	16	static
/Users/mnadalorian/STM32CubeIDE/workspace_1.11.2/Exercise7/tensorflow_lite/tensorflow/lite/schema/schema_generated.h:11578:26:tflite::BuiltinOptions tflite::Operator::builtin_options_type() const	8	static
/Users/mnadalorian/STM32CubeIDE/workspace_1.11.2/Exercise7/tensorflow_lite/tensorflow/lite/schema/schema_generated.h:11858:28:const tflite::IfOptions* tflite::Operator::builtin_options_as_IfOptions() const	8	static
../tensorflow_lite/tensorflow/lite/core/api/flatbuffer_conversions.cc:1879:14:TfLiteStatus tflite::ParseReshape(const tflite::Operator*, tflite::ErrorReporter*, tflite::BuiltinDataAllocator*, void**)	32	static
../tensorflow_lite/tensorflow/lite/core/api/flatbuffer_conversions.cc:2154:14:TfLiteStatus tflite::ParseSqueeze(const tflite::Operator*, tflite::ErrorReporter*, tflite::BuiltinDataAllocator*, void**)	32	static
../tensorflow_lite/tensorflow/lite/core/api/flatbuffer_conversions.cc:2361:14:TfLiteStatus tflite::ParseVarHandle(const tflite::Operator*, tflite::ErrorReporter*, tflite::BuiltinDataAllocator*, void**)	16	static
/Users/mnadalorian/STM32CubeIDE/workspace_1.11.2/Exercise7/tensorflow_lite/tensorflow/lite/schema/schema_generated.h:11861:31:const tflite::WhileOptions* tflite::Operator::builtin_options_as_WhileOptions() const	8	static
/Users/mnadalorian/STM32CubeIDE/workspace_1.11.2/Exercise7/tensorflow_lite/tensorflow/lite/schema/schema_generated.h:11924:32:const tflite::RandomOptions* tflite::Operator::builtin_options_as_RandomOptions() const	8	static
../tensorflow_lite/tensorflow/lite/core/api/flatbuffer_conversions.cc:1056:14:TfLiteStatus tflite::ParseBatchMatMul(const tflite::Operator*, tflite::ErrorReporter*, tflite::BuiltinDataAllocator*, void**)	24	static
../tensorflow_lite/tensorflow/lite/core/api/flatbuffer_conversions.cc:1217:14:TfLiteStatus tflite::ParseCumsum(const tflite::Operator*, tflite::ErrorReporter*, tflite::BuiltinDataAllocator*, void**)	24	static
../tensorflow_lite/tensorflow/lite/core/api/flatbuffer_conversions.cc:1837:14:TfLiteStatus tflite::ParseReducer(const tflite::Operator*, tflite::ErrorReporter*, tflite::BuiltinDataAllocator*, void**)	24	static
../tensorflow_lite/tensorflow/lite/core/api/flatbuffer_conversions.cc:1916:14:TfLiteStatus tflite::ParseResizeBilinear(const tflite::Operator*, tflite::ErrorReporter*, tflite::BuiltinDataAllocator*, void**)	24	static
../tensorflow_lite/tensorflow/lite/core/api/flatbuffer_conversions.cc:1943:14:TfLiteStatus tflite::ParseResizeNearestNeighbor(const tflite::Operator*, tflite::ErrorReporter*, tflite::BuiltinDataAllocator*, void**)	24	static
/Users/mnadalorian/STM32CubeIDE/workspace_1.11.2/Exercise7/tensorflow_lite/third_party/flatbuffers/include/flatbuffers/flatbuffers.h:2452:26:T flatbuffers::Table::GetField(flatbuffers::voffset_t, T) const [with T = long int]	16	static
../tensorflow_lite/tensorflow/lite/core/api/flatbuffer_conversions.cc:1098:14:TfLiteStatus tflite::ParseCallOnce(const tflite::Operator*, tflite::ErrorReporter*, tflite::BuiltinDataAllocator*, void**)	24	static
../tensorflow_lite/tensorflow/lite/core/api/flatbuffer_conversions.cc:1240:14:TfLiteStatus tflite::ParseDepthToSpace(const tflite::Operator*, tflite::ErrorReporter*, tflite::BuiltinDataAllocator*, void**)	24	static
../tensorflow_lite/tensorflow/lite/core/api/flatbuffer_conversions.cc:1437:14:TfLiteStatus tflite::ParseGather(const tflite::Operator*, tflite::ErrorReporter*, tflite::BuiltinDataAllocator*, void**)	24	static
../tensorflow_lite/tensorflow/lite/core/api/flatbuffer_conversions.cc:1734:14:TfLiteStatus tflite::ParsePack(const tflite::Operator*, tflite::ErrorReporter*, tflite::BuiltinDataAllocator*, void**)	24	static
../tensorflow_lite/tensorflow/lite/core/api/flatbuffer_conversions.cc:2058:14:TfLiteStatus tflite::ParseSpaceToDepth(const tflite::Operator*, tflite::ErrorReporter*, tflite::BuiltinDataAllocator*, void**)	24	static
../tensorflow_lite/tensorflow/lite/core/api/flatbuffer_conversions.cc:2083:14:TfLiteStatus tflite::ParseSplit(const tflite::Operator*, tflite::ErrorReporter*, tflite::BuiltinDataAllocator*, void**)	24	static
../tensorflow_lite/tensorflow/lite/core/api/flatbuffer_conversions.cc:2107:14:TfLiteStatus tflite::ParseSplitV(const tflite::Operator*, tflite::ErrorReporter*, tflite::BuiltinDataAllocator*, void**)	24	static
../tensorflow_lite/tensorflow/lite/core/api/flatbuffer_conversions.cc:2211:14:TfLiteStatus tflite::ParseStridedSlice(const tflite::Operator*, tflite::ErrorReporter*, tflite::BuiltinDataAllocator*, void**)	16	static
../tensorflow_lite/tensorflow/lite/core/api/flatbuffer_conversions.cc:2336:14:TfLiteStatus tflite::ParseUnpack(const tflite::Operator*, tflite::ErrorReporter*, tflite::BuiltinDataAllocator*, void**)	24	static
/Users/mnadalorian/STM32CubeIDE/workspace_1.11.2/Exercise7/tensorflow_lite/third_party/flatbuffers/include/flatbuffers/flatbuffers.h:2452:26:T flatbuffers::Table::GetField(flatbuffers::voffset_t, T) const [with T = signed char]	16	static
../tensorflow_lite/tensorflow/lite/core/api/flatbuffer_conversions.cc:965:14:TfLiteStatus tflite::ParseAdd(const tflite::Operator*, tflite::ErrorReporter*, tflite::BuiltinDataAllocator*, void**)	24	static
../tensorflow_lite/tensorflow/lite/core/api/flatbuffer_conversions.cc:995:14:TfLiteStatus tflite::ParseArgMax(const tflite::Operator*, tflite::ErrorReporter*, tflite::BuiltinDataAllocator*, void**)	32	static
../tensorflow_lite/tensorflow/lite/core/api/flatbuffer_conversions.cc:1020:14:TfLiteStatus tflite::ParseArgMin(const tflite::Operator*, tflite::ErrorReporter*, tflite::BuiltinDataAllocator*, void**)	32	static
../tensorflow_lite/tensorflow/lite/core/api/flatbuffer_conversions.cc:1128:14:TfLiteStatus tflite::ParseCast(const tflite::Operator*, tflite::ErrorReporter*, tflite::BuiltinDataAllocator*, void**)	32	static
../tensorflow_lite/tensorflow/lite/core/api/flatbuffer_conversions.cc:1154:14:TfLiteStatus tflite::ParseConcatenation(const tflite::Operator*, tflite::ErrorReporter*, tflite::BuiltinDataAllocator*, void**)	24	static
../tensorflow_lite/tensorflow/lite/core/api/flatbuffer_conversions.cc:1183:14:TfLiteStatus tflite::ParseConv2D(const tflite::Operator*, tflite::ErrorReporter*, tflite::BuiltinDataAllocator*, void**)	24	static
../tensorflow_lite/tensorflow/lite/core/api/flatbuffer_conversions.cc:1265:14:TfLiteStatus tflite::ParseDepthwiseConv2D(const tflite::Operator*, tflite::ErrorReporter*, tflite::BuiltinDataAllocator*, void**)	16	static
../tensorflow_lite/tensorflow/lite/core/api/flatbuffer_conversions.cc:1309:14:TfLiteStatus tflite::ParseDiv(const tflite::Operator*, tflite::ErrorReporter*, tflite::BuiltinDataAllocator*, void**)	24	static
../tensorflow_lite/tensorflow/lite/core/api/flatbuffer_conversions.cc:1388:14:TfLiteStatus tflite::ParseFullyConnected(const tflite::Operator*, tflite::ErrorReporter*, tflite::BuiltinDataAllocator*, void**)	40	static
../tensorflow_lite/tensorflow/lite/core/api/flatbuffer_conversions.cc:1511:14:TfLiteStatus tflite::ParseL2Normalization(const tflite::Operator*, tflite::ErrorReporter*, tflite::BuiltinDataAllocator*, void**)	24	static
../tensorflow_lite/tensorflow/lite/core/api/flatbuffer_conversions.cc:1668:14:TfLiteStatus tflite::ParseMirrorPad(const tflite::Operator*, tflite::ErrorReporter*, tflite::BuiltinDataAllocator*, void**)	24	static
../tensorflow_lite/tensorflow/lite/core/api/flatbuffer_conversions.cc:1694:14:TfLiteStatus tflite::ParseMul(const tflite::Operator*, tflite::ErrorReporter*, tflite::BuiltinDataAllocator*, void**)	24	static
../tensorflow_lite/tensorflow/lite/core/api/flatbuffer_conversions.cc:1775:14:TfLiteStatus tflite::ParsePool(const tflite::Operator*, tflite::ErrorReporter*, tflite::BuiltinDataAllocator*, void**)	16	static
../tensorflow_lite/tensorflow/lite/core/api/flatbuffer_conversions.cc:1986:14:TfLiteStatus tflite::ParseShape(const tflite::Operator*, tflite::ErrorReporter*, tflite::BuiltinDataAllocator*, void**)	32	static
../tensorflow_lite/tensorflow/lite/core/api/flatbuffer_conversions.cc:2242:14:TfLiteStatus tflite::ParseSub(const tflite::Operator*, tflite::ErrorReporter*, tflite::BuiltinDataAllocator*, void**)	24	static
../tensorflow_lite/tensorflow/lite/core/api/flatbuffer_conversions.cc:2267:14:TfLiteStatus tflite::ParseSvdf(const tflite::Operator*, tflite::ErrorReporter*, tflite::BuiltinDataAllocator*, void**)	24	static
../tensorflow_lite/tensorflow/lite/core/api/flatbuffer_conversions.cc:2310:14:TfLiteStatus tflite::ParseTransposeConv(const tflite::Operator*, tflite::ErrorReporter*, tflite::BuiltinDataAllocator*, void**)	24	static
/Users/mnadalorian/STM32CubeIDE/workspace_1.11.2/Exercise7/tensorflow_lite/third_party/flatbuffers/include/flatbuffers/flatbuffers.h:2452:26:T flatbuffers::Table::GetField(flatbuffers::voffset_t, T) const [with T = float]	16	static
../tensorflow_lite/tensorflow/lite/core/api/flatbuffer_conversions.cc:1538:14:TfLiteStatus tflite::ParseLeakyRelu(const tflite::Operator*, tflite::ErrorReporter*, tflite::BuiltinDataAllocator*, void**)	24	static
../tensorflow_lite/tensorflow/lite/core/api/flatbuffer_conversions.cc:1618:14:TfLiteStatus tflite::ParseLSTM(const tflite::Operator*, tflite::ErrorReporter*, tflite::BuiltinDataAllocator*, void**)	32	static
../tensorflow_lite/tensorflow/lite/core/api/flatbuffer_conversions.cc:2025:14:TfLiteStatus tflite::ParseSoftmax(const tflite::Operator*, tflite::ErrorReporter*, tflite::BuiltinDataAllocator*, void**)	24	static
../tensorflow_lite/tensorflow/lite/core/api/flatbuffer_conversions.cc:2131:14:TfLiteStatus tflite::ParseUnidirectionalSequenceLSTM(const tflite::Operator*, tflite::ErrorReporter*, tflite::BuiltinDataAllocator*, void**)	16	static
/Users/mnadalorian/STM32CubeIDE/workspace_1.11.2/Exercise7/tensorflow_lite/tensorflow/lite/core/api/flatbuffer_conversions.h:43:6:T* tflite::BuiltinDataAllocator::AllocatePOD() [with T = TfLiteIfParams]	8	static
../tensorflow_lite/tensorflow/lite/core/api/flatbuffer_conversions.cc:1487:14:TfLiteStatus tflite::ParseIf(const tflite::Operator*, tflite::ErrorReporter*, tflite::BuiltinDataAllocator*, void**)	32	static
/Users/mnadalorian/STM32CubeIDE/workspace_1.11.2/Exercise7/tensorflow_lite/tensorflow/lite/core/api/flatbuffer_conversions.h:43:6:T* tflite::BuiltinDataAllocator::AllocatePOD() [with T = TfLiteWhileParams]	8	static
../tensorflow_lite/tensorflow/lite/core/api/flatbuffer_conversions.cc:2425:14:TfLiteStatus tflite::ParseOpData(const tflite::Operator*, tflite::BuiltinOperator, tflite::ErrorReporter*, tflite::BuiltinDataAllocator*, void**)	56	static
../tensorflow_lite/tensorflow/lite/core/api/flatbuffer_conversions.cc:2392:14:TfLiteStatus tflite::ParseWhile(const tflite::Operator*, tflite::ErrorReporter*, tflite::BuiltinDataAllocator*, void**)	32	static
