../tensorflow_lite/tensorflow/lite/micro/kernels/expand_dims.cc:118:14:TfLiteStatus tflite::{anonymous}::Eval(TfLiteContext*, TfLiteNode*)	16	static
/Users/mnadalorian/STM32CubeIDE/workspace_1.11.2/Exercise7/tensorflow_lite/tensorflow/lite/kernels/internal/runtime_shape.h:59:11:int32_t tflite::RuntimeShape::Dims(int) const	8	static
/Users/mnadalorian/STM32CubeIDE/workspace_1.11.2/Exercise7/tensorflow_lite/tensorflow/lite/kernels/internal/tensor_ctypes.h:34:21:tflite::RuntimeShape tflite::GetTensorShape(const TfLiteTensor*)	8	static
../tensorflow_lite/tensorflow/lite/micro/kernels/expand_dims.cc:84:14:TfLiteStatus tflite::{anonymous}::Prepare(TfLiteContext*, TfLiteNode*)	112	static
../tensorflow_lite/tensorflow/lite/micro/kernels/expand_dims.cc:144:20:TfLiteRegistration tflite::Register_EXPAND_DIMS()	16	static
