../tensorflow_lite/tensorflow/lite/micro/kernels/maximum_minimum.cc:55:20:static data_type tflite::ops::micro::maximum_minimum::{anonymous}::MaximumOp::op(data_type, data_type) [with data_type = float]	0	static
../tensorflow_lite/tensorflow/lite/micro/kernels/maximum_minimum.cc:55:20:static data_type tflite::ops::micro::maximum_minimum::{anonymous}::MaximumOp::op(data_type, data_type) [with data_type = signed char]	0	static
../tensorflow_lite/tensorflow/lite/micro/kernels/maximum_minimum.cc:55:20:static data_type tflite::ops::micro::maximum_minimum::{anonymous}::MaximumOp::op(data_type, data_type) [with data_type = long int]	0	static
../tensorflow_lite/tensorflow/lite/micro/kernels/maximum_minimum.cc:55:20:static data_type tflite::ops::micro::maximum_minimum::{anonymous}::MaximumOp::op(data_type, data_type) [with data_type = long long int]	12	static
../tensorflow_lite/tensorflow/lite/micro/kernels/maximum_minimum.cc:62:20:static data_type tflite::ops::micro::maximum_minimum::{anonymous}::MinimumOp::op(data_type, data_type) [with data_type = float]	0	static
../tensorflow_lite/tensorflow/lite/micro/kernels/maximum_minimum.cc:62:20:static data_type tflite::ops::micro::maximum_minimum::{anonymous}::MinimumOp::op(data_type, data_type) [with data_type = signed char]	0	static
../tensorflow_lite/tensorflow/lite/micro/kernels/maximum_minimum.cc:62:20:static data_type tflite::ops::micro::maximum_minimum::{anonymous}::MinimumOp::op(data_type, data_type) [with data_type = long int]	0	static
../tensorflow_lite/tensorflow/lite/micro/kernels/maximum_minimum.cc:62:20:static data_type tflite::ops::micro::maximum_minimum::{anonymous}::MinimumOp::op(data_type, data_type) [with data_type = long long int]	12	static
../tensorflow_lite/tensorflow/lite/micro/kernels/maximum_minimum.cc:43:3:tflite::ops::micro::maximum_minimum::{anonymous}::OpContext::OpContext(TfLiteContext*, TfLiteNode*)	24	static
/Users/mnadalorian/STM32CubeIDE/workspace_1.11.2/Exercise7/tensorflow_lite/tensorflow/lite/kernels/internal/runtime_shape.h:50:8:bool tflite::RuntimeShape::operator==(const tflite::RuntimeShape&) const	8	static
/Users/mnadalorian/STM32CubeIDE/workspace_1.11.2/Exercise7/tensorflow_lite/tensorflow/lite/kernels/internal/runtime_shape.h:59:11:int32_t tflite::RuntimeShape::Dims(int) const	8	static
/Users/mnadalorian/STM32CubeIDE/workspace_1.11.2/Exercise7/tensorflow_lite/tensorflow/lite/kernels/internal/runtime_shape.h:86:7:int tflite::RuntimeShape::FlatSize() const	8	static
/Users/mnadalorian/STM32CubeIDE/workspace_1.11.2/Exercise7/tensorflow_lite/tensorflow/lite/kernels/internal/runtime_shape.h:99:3:tflite::RuntimeShape::RuntimeShape(int, const tflite::RuntimeShape&, int)	24	static
/Users/mnadalorian/STM32CubeIDE/workspace_1.11.2/Exercise7/tensorflow_lite/tensorflow/lite/kernels/internal/types.h:299:12:int tflite::MatchingElementsSize(const tflite::RuntimeShape&, const tflite::RuntimeShape&, const tflite::RuntimeShape&)	16	static
/Users/mnadalorian/STM32CubeIDE/workspace_1.11.2/Exercise7/tensorflow_lite/tensorflow/lite/kernels/internal/common.h:878:12:int tflite::SubscriptToIndex(const tflite::NdArrayDesc<5>&, int*)	12	static
../tensorflow_lite/tensorflow/lite/micro/kernels/maximum_minimum.cc:115:20:TfLiteRegistration tflite::ops::micro::Register_MAXIMUM()	16	static
../tensorflow_lite/tensorflow/lite/micro/kernels/maximum_minimum.cc:122:20:TfLiteRegistration tflite::ops::micro::Register_MINIMUM()	16	static
/Users/mnadalorian/STM32CubeIDE/workspace_1.11.2/Exercise7/tensorflow_lite/tensorflow/lite/kernels/internal/common.h:950:13:void tflite::CopyDimsToDesc(const tflite::RuntimeShape&, tflite::NdArrayDesc<N>*) [with int N = 5]	24	static
/Users/mnadalorian/STM32CubeIDE/workspace_1.11.2/Exercise7/tensorflow_lite/tensorflow/lite/kernels/internal/common.h:961:13:void tflite::NdArrayDescsForElementwiseBroadcast(const tflite::RuntimeShape&, const tflite::RuntimeShape&, tflite::NdArrayDesc<N>*, tflite::NdArrayDesc<N>*) [with int N = 5]	80	static
/Users/mnadalorian/STM32CubeIDE/workspace_1.11.2/Exercise7/tensorflow_lite/tensorflow/lite/kernels/internal/common.h:1057:51:typename std::enable_if<(DIM != (N - 1)), void>::type tflite::NDOpsHelperImpl(const tflite::NdArrayDesc<N>&, const Calc&, int*) [with int N = 5; int DIM = 3; Calc = tflite::reference_ops::MaximumMinimumBroadcastSlow<float, float (*)(float, float), 5>::<lambda(int*)>]	32	static
/Users/mnadalorian/STM32CubeIDE/workspace_1.11.2/Exercise7/tensorflow_lite/tensorflow/lite/kernels/internal/reference/maximum_minimum.h:25:6:void tflite::reference_ops::MaximumMinimumBroadcastSlow(const tflite::RuntimeShape&, const T*, const tflite::RuntimeShape&, const T*, const tflite::RuntimeShape&, T*, Op) [with T = float; Op = float (*)(float, float); int N = 5]	208	static
/Users/mnadalorian/STM32CubeIDE/workspace_1.11.2/Exercise7/tensorflow_lite/tensorflow/lite/kernels/internal/common.h:1057:51:typename std::enable_if<(DIM != (N - 1)), void>::type tflite::NDOpsHelperImpl(const tflite::NdArrayDesc<N>&, const Calc&, int*) [with int N = 5; int DIM = 3; Calc = tflite::reference_ops::MaximumMinimumBroadcastSlow<signed char, signed char (*)(signed char, signed char), 5>::<lambda(int*)>]	40	static
/Users/mnadalorian/STM32CubeIDE/workspace_1.11.2/Exercise7/tensorflow_lite/tensorflow/lite/kernels/internal/reference/maximum_minimum.h:25:6:void tflite::reference_ops::MaximumMinimumBroadcastSlow(const tflite::RuntimeShape&, const T*, const tflite::RuntimeShape&, const T*, const tflite::RuntimeShape&, T*, Op) [with T = signed char; Op = signed char (*)(signed char, signed char); int N = 5]	208	static
/Users/mnadalorian/STM32CubeIDE/workspace_1.11.2/Exercise7/tensorflow_lite/tensorflow/lite/kernels/internal/common.h:1057:51:typename std::enable_if<(DIM != (N - 1)), void>::type tflite::NDOpsHelperImpl(const tflite::NdArrayDesc<N>&, const Calc&, int*) [with int N = 5; int DIM = 3; Calc = tflite::reference_ops::MaximumMinimumBroadcastSlow<long int, long int (*)(long int, long int), 5>::<lambda(int*)>]	40	static
/Users/mnadalorian/STM32CubeIDE/workspace_1.11.2/Exercise7/tensorflow_lite/tensorflow/lite/kernels/internal/reference/maximum_minimum.h:25:6:void tflite::reference_ops::MaximumMinimumBroadcastSlow(const tflite::RuntimeShape&, const T*, const tflite::RuntimeShape&, const T*, const tflite::RuntimeShape&, T*, Op) [with T = long int; Op = long int (*)(long int, long int); int N = 5]	208	static
/Users/mnadalorian/STM32CubeIDE/workspace_1.11.2/Exercise7/tensorflow_lite/tensorflow/lite/kernels/internal/common.h:1057:51:typename std::enable_if<(DIM != (N - 1)), void>::type tflite::NDOpsHelperImpl(const tflite::NdArrayDesc<N>&, const Calc&, int*) [with int N = 5; int DIM = 3; Calc = tflite::reference_ops::MaximumMinimumBroadcastSlow<long long int, long long int (*)(long long int, long long int), 5>::<lambda(int*)>]	32	static
/Users/mnadalorian/STM32CubeIDE/workspace_1.11.2/Exercise7/tensorflow_lite/tensorflow/lite/kernels/internal/reference/maximum_minimum.h:25:6:void tflite::reference_ops::MaximumMinimumBroadcastSlow(const tflite::RuntimeShape&, const T*, const tflite::RuntimeShape&, const T*, const tflite::RuntimeShape&, T*, Op) [with T = long long int; Op = long long int (*)(long long int, long long int); int N = 5]	208	static
../tensorflow_lite/tensorflow/lite/micro/kernels/maximum_minimum.cc:83:14:TfLiteStatus tflite::ops::micro::maximum_minimum::Eval(TfLiteContext*, TfLiteNode*) [with tflite::ops::micro::maximum_minimum::{anonymous}::KernelType kernel_type = tflite::ops::micro::maximum_minimum::<unnamed>::kReference; OpType = tflite::ops::micro::maximum_minimum::{anonymous}::MinimumOp]	344	static
../tensorflow_lite/tensorflow/lite/micro/kernels/maximum_minimum.cc:83:14:TfLiteStatus tflite::ops::micro::maximum_minimum::Eval(TfLiteContext*, TfLiteNode*) [with tflite::ops::micro::maximum_minimum::{anonymous}::KernelType kernel_type = tflite::ops::micro::maximum_minimum::<unnamed>::kReference; OpType = tflite::ops::micro::maximum_minimum::{anonymous}::MaximumOp]	344	static
