/Users/mnadalorian/STM32CubeIDE/workspace_1.11.2/Exercise7/tensorflow_lite/tensorflow/lite/kernels/internal/common.h:252:16:int32_t tflite::MultiplyByQuantizedMultiplier(int32_t, int32_t, int)	16	static
/Users/mnadalorian/STM32CubeIDE/workspace_1.11.2/Exercise7/tensorflow_lite/tensorflow/lite/micro/kernels/activation_utils.h:32:14:float tflite::ops::micro::ActivationValFloat(TfLiteFusedActivation, float)	8	static
../tensorflow_lite/tensorflow/lite/micro/kernels/svdf_common.cc:200:6:void tflite::EvalInt16SvdfReference(TfLiteContext*, TfLiteNode*, const TfLiteEvalTensor*, const TfLiteEvalTensor*, const TfLiteEvalTensor*, const TfLiteEvalTensor*, const TfLiteSVDFParams*, TfLiteEvalTensor*, TfLiteEvalTensor*, const tflite::OpDataSvdf&)	96	static
../tensorflow_lite/tensorflow/lite/micro/kernels/svdf_common.cc:214:6:void tflite::EvalInt8SvdfReference(TfLiteContext*, TfLiteNode*, const TfLiteEvalTensor*, const TfLiteEvalTensor*, const TfLiteEvalTensor*, const TfLiteEvalTensor*, const TfLiteSVDFParams*, TfLiteEvalTensor*, TfLiteEvalTensor*, const tflite::OpDataSvdf&)	80	static
../tensorflow_lite/tensorflow/lite/micro/kernels/svdf_common.cc:289:6:void tflite::EvalFloatSvdfReference(TfLiteContext*, TfLiteNode*, const TfLiteEvalTensor*, const TfLiteEvalTensor*, const TfLiteEvalTensor*, const TfLiteEvalTensor*, const TfLiteSVDFParams*, int, TfLiteEvalTensor*, TfLiteEvalTensor*)	96	static
../tensorflow_lite/tensorflow/lite/micro/kernels/svdf_common.cc:362:14:TfLiteStatus tflite::PrepareSvdf(TfLiteContext*, TfLiteNode*)	104	static
