../tensorflow_lite/tensorflow/lite/micro/kernels/unidirectional_sequence_lstm.cc:501:7:void* tflite::{anonymous}::UnidirectionalSequenceLstmInit(TfLiteContext*, const char*, size_t)	8	static
../tensorflow_lite/tensorflow/lite/micro/kernels/unidirectional_sequence_lstm.cc:654:14:TfLiteStatus tflite::{anonymous}::CheckInputTensorDimensions(TfLiteContext*, TfLiteNode*, int, int, int, bool, bool)	120	static
../tensorflow_lite/tensorflow/lite/micro/kernels/unidirectional_sequence_lstm.cc:1456:14:TfLiteStatus tflite::{anonymous}::UnidirectionalSequenceLstmEval(TfLiteContext*, TfLiteNode*)	424	static
/Users/mnadalorian/STM32CubeIDE/workspace_1.11.2/Exercise7/tensorflow_lite/tensorflow/lite/kernels/internal/runtime_shape.h:86:7:int tflite::RuntimeShape::FlatSize() const	8	static
/Users/mnadalorian/STM32CubeIDE/workspace_1.11.2/Exercise7/tensorflow_lite/tensorflow/lite/kernels/internal/tensor_ctypes.h:34:21:tflite::RuntimeShape tflite::GetTensorShape(const TfLiteTensor*)	8	static
../tensorflow_lite/tensorflow/lite/micro/kernels/unidirectional_sequence_lstm.cc:962:14:TfLiteStatus tflite::{anonymous}::PrecomputeZeroPointTimesWeightWithBias(TfLiteContext*, int32_t, const TfLiteTensor*, const TfLiteTensor*, int32_t**)	80	static
../tensorflow_lite/tensorflow/lite/micro/kernels/unidirectional_sequence_lstm.cc:1183:14:TfLiteStatus tflite::{anonymous}::UnidirectionalSequenceLstmPrepare(TfLiteContext*, TfLiteNode*)	296	static
../tensorflow_lite/tensorflow/lite/micro/kernels/unidirectional_sequence_lstm.cc:1690:20:TfLiteRegistration tflite::Register_UNIDIRECTIONAL_SEQUENCE_LSTM()	16	static
