../tensorflow_lite/tensorflow/lite/micro/micro_allocator.cc:63:9:virtual void* tflite::{anonymous}::MicroBuiltinDataAllocator::Allocate(size_t, size_t)	0	static
../tensorflow_lite/tensorflow/lite/micro/micro_allocator.cc:67:8:virtual void tflite::{anonymous}::MicroBuiltinDataAllocator::Deallocate(void*)	0	static
../tensorflow_lite/tensorflow/lite/micro/micro_allocator.cc:381:1:tflite::MicroAllocator::~MicroAllocator()	0	static
../tensorflow_lite/tensorflow/lite/micro/micro_allocator.cc:531:7:virtual void* tflite::MicroAllocator::AllocatePersistentBuffer(size_t)	0	static
../tensorflow_lite/tensorflow/lite/micro/micro_allocator.cc:742:14:virtual TfLiteStatus tflite::MicroAllocator::ResetTempAllocations()	0	static
../tensorflow_lite/tensorflow/lite/micro/micro_allocator.cc:746:6:virtual bool tflite::MicroAllocator::IsAllTempDeallocated()	0	static
../tensorflow_lite/tensorflow/lite/micro/micro_allocator.cc:811:15:virtual TfLiteTensor* tflite::MicroAllocator::AllocatePersistentTfLiteTensorInternal()	0	static
../tensorflow_lite/tensorflow/lite/micro/micro_allocator.cc:57:7:tflite::{anonymous}::MicroBuiltinDataAllocator::~MicroBuiltinDataAllocator()	0	static
../tensorflow_lite/tensorflow/lite/micro/micro_allocator.cc:678:6:virtual void tflite::MicroAllocator::DeallocateTempTfLiteTensor(TfLiteTensor*)	16	static
../tensorflow_lite/tensorflow/lite/micro/micro_allocator.cc:381:1:virtual tflite::MicroAllocator::~MicroAllocator()	8	static
../tensorflow_lite/tensorflow/lite/micro/micro_allocator.cc:57:7:virtual tflite::{anonymous}::MicroBuiltinDataAllocator::~MicroBuiltinDataAllocator()	8	static
../tensorflow_lite/tensorflow/lite/micro/micro_allocator.cc:917:14:virtual TfLiteStatus tflite::MicroAllocator::AllocateScratchBufferHandles(tflite::ScratchBufferHandle**, size_t)	16	static
/Users/mnadalorian/STM32CubeIDE/workspace_1.11.2/Exercise7/tensorflow_lite/third_party/flatbuffers/include/flatbuffers/flatbuffers.h:2442:13:flatbuffers::voffset_t flatbuffers::Table::GetOptionalFieldOffset(flatbuffers::voffset_t) const	0	static
/Users/mnadalorian/STM32CubeIDE/workspace_1.11.2/Exercise7/tensorflow_lite/tensorflow/lite/schema/schema_generated.h:3634:37:const flatbuffers::Vector<float>* tflite::QuantizationParameters::scale() const	8	static
/Users/mnadalorian/STM32CubeIDE/workspace_1.11.2/Exercise7/tensorflow_lite/tensorflow/lite/schema/schema_generated.h:3637:39:const flatbuffers::Vector<long long int>* tflite::QuantizationParameters::zero_point() const	8	static
/Users/mnadalorian/STM32CubeIDE/workspace_1.11.2/Exercise7/tensorflow_lite/tensorflow/lite/schema/schema_generated.h:4246:22:tflite::TensorType tflite::Tensor::type() const	8	static
/Users/mnadalorian/STM32CubeIDE/workspace_1.11.2/Exercise7/tensorflow_lite/tensorflow/lite/schema/schema_generated.h:4258:8:bool tflite::Tensor::is_variable() const	8	static
/Users/mnadalorian/STM32CubeIDE/workspace_1.11.2/Exercise7/tensorflow_lite/tensorflow/lite/schema/schema_generated.h:12601:67:const flatbuffers::Vector<flatbuffers::Offset<tflite::Tensor> >* tflite::SubGraph::tensors() const	8	static
/Users/mnadalorian/STM32CubeIDE/workspace_1.11.2/Exercise7/tensorflow_lite/tensorflow/lite/schema/schema_generated.h:13076:69:const flatbuffers::Vector<flatbuffers::Offset<tflite::SubGraph> >* tflite::Model::subgraphs() const	8	static
../tensorflow_lite/tensorflow/lite/micro/micro_allocator.cc:169:7:void* tflite::internal::GetFlatbufferTensorBuffer(const tflite::Tensor&, const flatbuffers::Vector<flatbuffers::Offset<tflite::Buffer> >*)	16	static
../tensorflow_lite/tensorflow/lite/micro/micro_allocator.cc:321:14:TfLiteStatus tflite::internal::InitializeTfLiteEvalTensorFromFlatbuffer(const tflite::Tensor&, const flatbuffers::Vector<flatbuffers::Offset<tflite::Buffer> >*, tflite::ErrorReporter*, TfLiteEvalTensor*)	32	static
../tensorflow_lite/tensorflow/lite/micro/micro_allocator.cc:345:8:static size_t tflite::MicroAllocator::GetDefaultTailUsage(bool)	16	static
../tensorflow_lite/tensorflow/lite/micro/micro_allocator.cc:362:1:tflite::MicroAllocator::MicroAllocator(tflite::SingleArenaBufferAllocator*, tflite::MicroMemoryPlanner*, tflite::ErrorReporter*)	8	static
../tensorflow_lite/tensorflow/lite/micro/micro_allocator.cc:371:1:tflite::MicroAllocator::MicroAllocator(tflite::IPersistentBufferAllocator*, tflite::INonPersistentBufferAllocator*, tflite::MicroMemoryPlanner*, tflite::ErrorReporter*)	12	static
../tensorflow_lite/tensorflow/lite/micro/micro_allocator.cc:415:17:static tflite::MicroAllocator* tflite::MicroAllocator::Create(tflite::SingleArenaBufferAllocator*, tflite::MicroMemoryPlanner*, tflite::ErrorReporter*)	16	static
../tensorflow_lite/tensorflow/lite/micro/micro_allocator.cc:383:17:static tflite::MicroAllocator* tflite::MicroAllocator::Create(uint8_t*, size_t, tflite::MicroMemoryPlanner*, tflite::ErrorReporter*)	24	static
../tensorflow_lite/tensorflow/lite/micro/micro_allocator.cc:396:17:static tflite::MicroAllocator* tflite::MicroAllocator::Create(uint8_t*, size_t, tflite::ErrorReporter*)	24	static
../tensorflow_lite/tensorflow/lite/micro/micro_allocator.cc:429:17:static tflite::MicroAllocator* tflite::MicroAllocator::Create(uint8_t*, size_t, uint8_t*, size_t, tflite::ErrorReporter*)	40	static
../tensorflow_lite/tensorflow/lite/micro/micro_allocator.cc:609:8:size_t tflite::MicroAllocator::used_bytes() const	16	static
../tensorflow_lite/tensorflow/lite/micro/micro_allocator.cc:830:16:tflite::ErrorReporter* tflite::MicroAllocator::error_reporter() const	0	static
../tensorflow_lite/tensorflow/lite/micro/micro_allocator.cc:936:14:TfLiteStatus tflite::MicroAllocator::InitScratchBufferData()	8	static
../tensorflow_lite/tensorflow/lite/micro/micro_allocator.cc:462:22:tflite::SubgraphAllocations* tflite::MicroAllocator::StartModelAllocation(const tflite::Model*)	16	static
../tensorflow_lite/tensorflow/lite/micro/micro_allocator.cc:955:33:tflite::internal::ScratchBufferRequest* tflite::MicroAllocator::GetScratchBufferRequests()	0	static
../tensorflow_lite/tensorflow/lite/micro/micro_allocator.cc:536:14:TfLiteStatus tflite::MicroAllocator::RequestScratchBufferInArena(size_t, int, int*)	32	static
../tensorflow_lite/tensorflow/lite/micro/micro_allocator.cc:579:14:TfLiteStatus tflite::MicroAllocator::FinishPrepareNodeAllocations(int)	16	static
../tensorflow_lite/tensorflow/lite/micro/micro_allocator.cc:834:14:virtual TfLiteStatus tflite::MicroAllocator::CommitStaticMemoryPlan(const tflite::Model*, tflite::SubgraphAllocations*, tflite::ScratchBufferHandle*)	112	static
../tensorflow_lite/tensorflow/lite/micro/micro_allocator.cc:960:23:tflite::BuiltinDataAllocator* tflite::MicroAllocator::GetBuiltinDataAllocator()	0	static
/Users/mnadalorian/STM32CubeIDE/workspace_1.11.2/Exercise7/tensorflow_lite/third_party/flatbuffers/include/flatbuffers/flatbuffers.h:261:15:flatbuffers::Vector<T>::return_type flatbuffers::Vector<T>::Get(flatbuffers::uoffset_t) const [with T = long long int]	8	static
../tensorflow_lite/tensorflow/lite/micro/micro_allocator.cc:199:14:TfLiteStatus tflite::internal::InitializeTfLiteTensorFromFlatbuffer(tflite::IPersistentBufferAllocator*, tflite::INonPersistentBufferAllocator*, bool, const tflite::Tensor&, const flatbuffers::Vector<flatbuffers::Offset<tflite::Buffer> >*, tflite::ErrorReporter*, TfLiteTensor*)	48	static
/Users/mnadalorian/STM32CubeIDE/workspace_1.11.2/Exercise7/tensorflow_lite/third_party/flatbuffers/include/flatbuffers/flatbuffers.h:261:15:flatbuffers::Vector<T>::return_type flatbuffers::Vector<T>::Get(flatbuffers::uoffset_t) const [with T = flatbuffers::Offset<tflite::Tensor>]	8	static
../tensorflow_lite/tensorflow/lite/micro/micro_allocator.cc:787:14:virtual TfLiteStatus tflite::MicroAllocator::AllocateVariables(const tflite::SubGraph*, TfLiteEvalTensor*)	32	static
/Users/mnadalorian/STM32CubeIDE/workspace_1.11.2/Exercise7/tensorflow_lite/third_party/flatbuffers/include/flatbuffers/flatbuffers.h:261:15:flatbuffers::Vector<T>::return_type flatbuffers::Vector<T>::Get(flatbuffers::uoffset_t) const [with T = flatbuffers::Offset<tflite::SubGraph>]	8	static
../tensorflow_lite/tensorflow/lite/micro/micro_allocator.cc:502:14:TfLiteStatus tflite::MicroAllocator::FinishModelAllocation(const tflite::Model*, tflite::SubgraphAllocations*, tflite::ScratchBufferHandle**)	32	static
../tensorflow_lite/tensorflow/lite/micro/micro_allocator.cc:614:14:virtual TfLiteStatus tflite::MicroAllocator::AllocateNodeAndRegistrations(const tflite::Model*, tflite::SubgraphAllocations*)	32	static
../tensorflow_lite/tensorflow/lite/micro/micro_allocator.cc:641:15:virtual TfLiteTensor* tflite::MicroAllocator::AllocatePersistentTfLiteTensor(const tflite::Model*, const tflite::SubgraphAllocations*, int, int)	48	static
../tensorflow_lite/tensorflow/lite/micro/micro_allocator.cc:702:15:virtual TfLiteTensor* tflite::MicroAllocator::AllocateTempTfLiteTensor(const tflite::Model*, const tflite::SubgraphAllocations*, int, int)	40	static
../tensorflow_lite/tensorflow/lite/micro/micro_allocator.cc:817:14:virtual TfLiteStatus tflite::MicroAllocator::PopulateTfLiteTensorFromFlatbuffer(const tflite::Model*, TfLiteTensor*, int, int, bool)	56	static
../tensorflow_lite/tensorflow/lite/micro/micro_allocator.cc:750:14:virtual TfLiteStatus tflite::MicroAllocator::AllocateTfLiteEvalTensors(const tflite::Model*, tflite::SubgraphAllocations*)	56	static
