../tensorflow_lite/tensorflow/lite/micro/micro_context.cc:29:1:tflite::MicroContext::~MicroContext()	0	static
../tensorflow_lite/tensorflow/lite/micro/micro_context.cc:31:7:virtual void* tflite::MicroContext::AllocatePersistentBuffer(size_t)	0	static
../tensorflow_lite/tensorflow/lite/micro/micro_context.cc:41:7:virtual void* tflite::MicroContext::GetScratchBuffer(int)	0	static
../tensorflow_lite/tensorflow/lite/micro/micro_context.cc:46:15:virtual TfLiteTensor* tflite::MicroContext::AllocateTempTfLiteTensor(int)	24	static
../tensorflow_lite/tensorflow/lite/micro/micro_context.cc:93:6:virtual void tflite::MicroContext::DeallocateTempTfLiteTensor(TfLiteTensor*)	0	static
../tensorflow_lite/tensorflow/lite/micro/micro_context.cc:97:19:virtual TfLiteEvalTensor* tflite::MicroContext::GetEvalTensor(int)	0	static
../tensorflow_lite/tensorflow/lite/micro/micro_context.cc:29:1:virtual tflite::MicroContext::~MicroContext()	8	static
../tensorflow_lite/tensorflow/lite/micro/micro_context.cc:35:14:virtual TfLiteStatus tflite::MicroContext::RequestScratchBufferInArena(size_t, int*)	4	static
../tensorflow_lite/tensorflow/lite/micro/micro_context.cc:25:1:tflite::MicroContext::MicroContext(tflite::MicroAllocator*, const tflite::Model*, tflite::MicroGraph*)	12	static
../tensorflow_lite/tensorflow/lite/micro/micro_context.cc:52:5:int tflite::MicroContext::GetTensorIndex(int, int, const int*)	0	static
../tensorflow_lite/tensorflow/lite/micro/micro_context.cc:63:15:virtual TfLiteTensor* tflite::MicroContext::AllocateTempInputTensor(const TfLiteNode*, int)	8	static
../tensorflow_lite/tensorflow/lite/micro/micro_context.cc:73:15:virtual TfLiteTensor* tflite::MicroContext::AllocateTempOutputTensor(const TfLiteNode*, int)	8	static
../tensorflow_lite/tensorflow/lite/micro/micro_context.cc:83:15:virtual TfLiteTensor* tflite::MicroContext::AllocateTempIntermediateTensor(const TfLiteNode*, int)	8	static
../tensorflow_lite/tensorflow/lite/micro/micro_context.cc:102:6:void tflite::MicroContext::SetScratchBufferHandles(tflite::ScratchBufferHandle*)	0	static
../tensorflow_lite/tensorflow/lite/micro/micro_context.cc:107:14:TfLiteStatus tflite::MicroContext::set_external_context(void*)	8	static
../tensorflow_lite/tensorflow/lite/micro/micro_context.cc:121:6:)	20	static
