/Users/mnadalorian/STM32CubeIDE/workspace_1.11.2/Exercise7/tensorflow_lite/tensorflow/lite/micro/recording_micro_allocator.h:55:7:tflite::RecordingMicroAllocator::~RecordingMicroAllocator()	8	static
/Users/mnadalorian/STM32CubeIDE/workspace_1.11.2/Exercise7/tensorflow_lite/tensorflow/lite/micro/recording_micro_allocator.h:55:7:virtual tflite::RecordingMicroAllocator::~RecordingMicroAllocator()	8	static
/Users/mnadalorian/STM32CubeIDE/workspace_1.11.2/Exercise7/tensorflow_lite/third_party/flatbuffers/include/flatbuffers/flatbuffers.h:2442:13:flatbuffers::voffset_t flatbuffers::Table::GetOptionalFieldOffset(flatbuffers::voffset_t) const	0	static
/Users/mnadalorian/STM32CubeIDE/workspace_1.11.2/Exercise7/tensorflow_lite/tensorflow/lite/schema/schema_generated.h:13076:69:const flatbuffers::Vector<flatbuffers::Offset<tflite::SubGraph> >* tflite::Model::subgraphs() const	8	static
../tensorflow_lite/tensorflow/lite/micro/recording_micro_allocator.cc:29:8:static size_t tflite::RecordingMicroAllocator::GetDefaultTailUsage()	16	static
../tensorflow_lite/tensorflow/lite/micro/recording_micro_allocator.cc:46:1:tflite::RecordingMicroAllocator::RecordingMicroAllocator(tflite::RecordingSingleArenaBufferAllocator*, tflite::MicroMemoryPlanner*, tflite::ErrorReporter*)	16	static
../tensorflow_lite/tensorflow/lite/micro/recording_micro_allocator.cc:53:26:static tflite::RecordingMicroAllocator* tflite::RecordingMicroAllocator::Create(uint8_t*, size_t, tflite::ErrorReporter*)	24	static
../tensorflow_lite/tensorflow/lite/micro/recording_micro_allocator.cc:76:20:tflite::RecordedAllocation tflite::RecordingMicroAllocator::GetRecordedAllocation(tflite::RecordedAllocationType) const	16	static
../tensorflow_lite/tensorflow/lite/micro/recording_micro_allocator.cc:100:1:const tflite::RecordingSingleArenaBufferAllocator* tflite::RecordingMicroAllocator::GetSimpleMemoryAllocator() const	0	static
../tensorflow_lite/tensorflow/lite/micro/recording_micro_allocator.cc:144:6:void tflite::RecordingMicroAllocator::PrintRecordedAllocation(tflite::RecordedAllocationType, const char*, const char*) const	56	static
../tensorflow_lite/tensorflow/lite/micro/recording_micro_allocator.cc:104:6:void tflite::RecordingMicroAllocator::PrintAllocations() const	16	static
../tensorflow_lite/tensorflow/lite/micro/recording_micro_allocator.cc:242:20:tflite::RecordedAllocation tflite::RecordingMicroAllocator::SnapshotAllocationUsage() const	16	static
../tensorflow_lite/tensorflow/lite/micro/recording_micro_allocator.cc:248:6:void tflite::RecordingMicroAllocator::RecordAllocationUsage(const tflite::RecordedAllocation&, tflite::RecordedAllocation&)	16	static
/Users/mnadalorian/STM32CubeIDE/workspace_1.11.2/Exercise7/tensorflow_lite/third_party/flatbuffers/include/flatbuffers/flatbuffers.h:261:15:flatbuffers::Vector<T>::return_type flatbuffers::Vector<T>::Get(flatbuffers::uoffset_t) const [with T = flatbuffers::Offset<tflite::SubGraph>]	8	static
../tensorflow_lite/tensorflow/lite/micro/recording_micro_allocator.cc:136:7:virtual void* tflite::RecordingMicroAllocator::AllocatePersistentBuffer(size_t)	32	static
../tensorflow_lite/tensorflow/lite/micro/recording_micro_allocator.cc:160:14:virtual TfLiteStatus tflite::RecordingMicroAllocator::AllocateNodeAndRegistrations(const tflite::Model*, tflite::SubgraphAllocations*)	56	static
../tensorflow_lite/tensorflow/lite/micro/recording_micro_allocator.cc:185:14:virtual TfLiteStatus tflite::RecordingMicroAllocator::AllocateTfLiteEvalTensors(const tflite::Model*, tflite::SubgraphAllocations*)	56	static
../tensorflow_lite/tensorflow/lite/micro/recording_micro_allocator.cc:206:14:virtual TfLiteStatus tflite::RecordingMicroAllocator::AllocateVariables(const tflite::SubGraph*, TfLiteEvalTensor*)	40	static
../tensorflow_lite/tensorflow/lite/micro/recording_micro_allocator.cc:219:1:virtual TfLiteTensor* tflite::RecordingMicroAllocator::AllocatePersistentTfLiteTensorInternal()	32	static
../tensorflow_lite/tensorflow/lite/micro/recording_micro_allocator.cc:229:14:virtual TfLiteStatus tflite::RecordingMicroAllocator::PopulateTfLiteTensorFromFlatbuffer(const tflite::Model*, TfLiteTensor*, int, int, bool)	48	static
