/Applications/STM32CubeIDE.app/Contents/Eclipse/plugins/com.st.stm32cube.ide.mcu.externaltools.gnu-tools-for-stm32.10.3-2021.10.macos64_1.0.100.202210260954/tools/arm-none-eabi/include/c++/10.3.1/limits:925:7:static constexpr short int std::numeric_limits<short int>::min()	4	static
/Applications/STM32CubeIDE.app/Contents/Eclipse/plugins/com.st.stm32cube.ide.mcu.externaltools.gnu-tools-for-stm32.10.3-2021.10.macos64_1.0.100.202210260954/tools/arm-none-eabi/include/c++/10.3.1/limits:928:7:static constexpr short int std::numeric_limits<short int>::max()	4	static
/Applications/STM32CubeIDE.app/Contents/Eclipse/plugins/com.st.stm32cube.ide.mcu.externaltools.gnu-tools-for-stm32.10.3-2021.10.macos64_1.0.100.202210260954/tools/arm-none-eabi/include/c++/10.3.1/limits:1204:7:static constexpr long int std::numeric_limits<long int>::min()	4	static
/Applications/STM32CubeIDE.app/Contents/Eclipse/plugins/com.st.stm32cube.ide.mcu.externaltools.gnu-tools-for-stm32.10.3-2021.10.macos64_1.0.100.202210260954/tools/arm-none-eabi/include/c++/10.3.1/limits:1207:7:static constexpr long int std::numeric_limits<long int>::max()	4	static
/Applications/STM32CubeIDE.app/Contents/Eclipse/plugins/com.st.stm32cube.ide.mcu.externaltools.gnu-tools-for-stm32.10.3-2021.10.macos64_1.0.100.202210260954/tools/arm-none-eabi/include/c++/10.3.1/limits:1344:7:static constexpr long long int std::numeric_limits<long long int>::min()	4	static
/Applications/STM32CubeIDE.app/Contents/Eclipse/plugins/com.st.stm32cube.ide.mcu.externaltools.gnu-tools-for-stm32.10.3-2021.10.macos64_1.0.100.202210260954/tools/arm-none-eabi/include/c++/10.3.1/limits:1347:7:static constexpr long long int std::numeric_limits<long long int>::max()	4	static
/Applications/STM32CubeIDE.app/Contents/Eclipse/plugins/com.st.stm32cube.ide.mcu.externaltools.gnu-tools-for-stm32.10.3-2021.10.macos64_1.0.100.202210260954/tools/arm-none-eabi/include/c++/10.3.1/new:174:33:void* operator new(std::size_t, void*)	16	static
/Applications/STM32CubeIDE.app/Contents/Eclipse/plugins/com.st.stm32cube.ide.mcu.externaltools.gnu-tools-for-stm32.10.3-2021.10.macos64_1.0.100.202210260954/tools/arm-none-eabi/include/c++/10.3.1/arm-none-eabi/thumb/v7e-m+fp/hard/bits/gthr-default.h:229:1:int __gthread_key_delete(__gthread_key_t)	16	static
/Users/mnadalorian/STM32CubeIDE/workspace_1.11.2/Exercise7/tensorflow_lite/third_party/flatbuffers/include/flatbuffers/base.h:422:15:size_t flatbuffers::PaddingBytes(size_t, size_t)	16	static
/Users/mnadalorian/STM32CubeIDE/workspace_1.11.2/Exercise7/tensorflow_lite/third_party/flatbuffers/include/flatbuffers/flatbuffers.h:75:13:void flatbuffers::EndianCheck()	16	static
/Users/mnadalorian/STM32CubeIDE/workspace_1.11.2/Exercise7/tensorflow_lite/third_party/flatbuffers/include/flatbuffers/flatbuffers.h:601:11:flatbuffers::Allocator::~Allocator()	16	static
/Users/mnadalorian/STM32CubeIDE/workspace_1.11.2/Exercise7/tensorflow_lite/third_party/flatbuffers/include/flatbuffers/flatbuffers.h:601:11:virtual flatbuffers::Allocator::~Allocator()	16	static
/Users/mnadalorian/STM32CubeIDE/workspace_1.11.2/Exercise7/tensorflow_lite/third_party/flatbuffers/include/flatbuffers/flatbuffers.h:614:20:virtual uint8_t* flatbuffers::Allocator::reallocate_downward(uint8_t*, size_t, size_t, size_t, size_t)	48	static
/Users/mnadalorian/STM32CubeIDE/workspace_1.11.2/Exercise7/tensorflow_lite/third_party/flatbuffers/include/flatbuffers/flatbuffers.h:630:8:void flatbuffers::Allocator::memcpy_downward(uint8_t*, size_t, uint8_t*, size_t, size_t, size_t)	24	static
/Users/mnadalorian/STM32CubeIDE/workspace_1.11.2/Exercise7/tensorflow_lite/third_party/flatbuffers/include/flatbuffers/flatbuffers.h:642:12:virtual uint8_t* flatbuffers::DefaultAllocator::allocate(size_t)	16	static
/Users/mnadalorian/STM32CubeIDE/workspace_1.11.2/Exercise7/tensorflow_lite/third_party/flatbuffers/include/flatbuffers/flatbuffers.h:646:8:virtual void flatbuffers::DefaultAllocator::deallocate(uint8_t*, size_t)	24	static
/Users/mnadalorian/STM32CubeIDE/workspace_1.11.2/Exercise7/tensorflow_lite/third_party/flatbuffers/include/flatbuffers/flatbuffers.h:599:7:constexpr flatbuffers::Allocator::Allocator()	16	static
/Users/mnadalorian/STM32CubeIDE/workspace_1.11.2/Exercise7/tensorflow_lite/third_party/flatbuffers/include/flatbuffers/flatbuffers.h:640:7:constexpr flatbuffers::DefaultAllocator::DefaultAllocator()	16	static
/Users/mnadalorian/STM32CubeIDE/workspace_1.11.2/Exercise7/tensorflow_lite/third_party/flatbuffers/include/flatbuffers/flatbuffers.h:655:17:uint8_t* flatbuffers::Allocate(flatbuffers::Allocator*, size_t)	32	static
/Users/mnadalorian/STM32CubeIDE/workspace_1.11.2/Exercise7/tensorflow_lite/third_party/flatbuffers/include/flatbuffers/flatbuffers.h:667:17:uint8_t* flatbuffers::ReallocateDownward(flatbuffers::Allocator*, uint8_t*, size_t, size_t, size_t, size_t)	48	static
/Users/mnadalorian/STM32CubeIDE/workspace_1.11.2/Exercise7/tensorflow_lite/third_party/flatbuffers/include/flatbuffers/flatbuffers.h:808:12:flatbuffers::vector_downward::vector_downward(size_t, flatbuffers::Allocator*, bool, size_t)	24	static
/Users/mnadalorian/STM32CubeIDE/workspace_1.11.2/Exercise7/tensorflow_lite/third_party/flatbuffers/include/flatbuffers/flatbuffers.h:877:8:void flatbuffers::vector_downward::clear_scratch()	16	static
/Users/mnadalorian/STM32CubeIDE/workspace_1.11.2/Exercise7/tensorflow_lite/third_party/flatbuffers/include/flatbuffers/flatbuffers.h:917:10:size_t flatbuffers::vector_downward::ensure_space(size_t)	16	static
/Users/mnadalorian/STM32CubeIDE/workspace_1.11.2/Exercise7/tensorflow_lite/third_party/flatbuffers/include/flatbuffers/flatbuffers.h:926:19:uint8_t* flatbuffers::vector_downward::make_space(size_t)	24	static
/Users/mnadalorian/STM32CubeIDE/workspace_1.11.2/Exercise7/tensorflow_lite/third_party/flatbuffers/include/flatbuffers/flatbuffers.h:935:13:flatbuffers::uoffset_t flatbuffers::vector_downward::size() const	16	static
/Users/mnadalorian/STM32CubeIDE/workspace_1.11.2/Exercise7/tensorflow_lite/third_party/flatbuffers/include/flatbuffers/flatbuffers.h:939:13:flatbuffers::uoffset_t flatbuffers::vector_downward::scratch_size() const	16	static
/Users/mnadalorian/STM32CubeIDE/workspace_1.11.2/Exercise7/tensorflow_lite/third_party/flatbuffers/include/flatbuffers/flatbuffers.h:945:12:uint8_t* flatbuffers::vector_downward::data() const	16	static
/Users/mnadalorian/STM32CubeIDE/workspace_1.11.2/Exercise7/tensorflow_lite/third_party/flatbuffers/include/flatbuffers/flatbuffers.h:950:12:uint8_t* flatbuffers::vector_downward::scratch_data() const	16	static
/Users/mnadalorian/STM32CubeIDE/workspace_1.11.2/Exercise7/tensorflow_lite/third_party/flatbuffers/include/flatbuffers/flatbuffers.h:955:12:uint8_t* flatbuffers::vector_downward::scratch_end() const	16	static
/Users/mnadalorian/STM32CubeIDE/workspace_1.11.2/Exercise7/tensorflow_lite/third_party/flatbuffers/include/flatbuffers/flatbuffers.h:960:12:uint8_t* flatbuffers::vector_downward::data_at(size_t) const	16	static
/Users/mnadalorian/STM32CubeIDE/workspace_1.11.2/Exercise7/tensorflow_lite/third_party/flatbuffers/include/flatbuffers/flatbuffers.h:962:8:void flatbuffers::vector_downward::push(const uint8_t*, size_t)	24	static
/Users/mnadalorian/STM32CubeIDE/workspace_1.11.2/Exercise7/tensorflow_lite/third_party/flatbuffers/include/flatbuffers/flatbuffers.h:980:8:void flatbuffers::vector_downward::fill(size_t)	24	static
/Users/mnadalorian/STM32CubeIDE/workspace_1.11.2/Exercise7/tensorflow_lite/third_party/flatbuffers/include/flatbuffers/flatbuffers.h:987:8:void flatbuffers::vector_downward::fill_big(size_t)	16	static
/Users/mnadalorian/STM32CubeIDE/workspace_1.11.2/Exercise7/tensorflow_lite/third_party/flatbuffers/include/flatbuffers/flatbuffers.h:991:8:void flatbuffers::vector_downward::pop(size_t)	16	static
/Users/mnadalorian/STM32CubeIDE/workspace_1.11.2/Exercise7/tensorflow_lite/third_party/flatbuffers/include/flatbuffers/flatbuffers.h:992:8:void flatbuffers::vector_downward::scratch_pop(size_t)	16	static
/Users/mnadalorian/STM32CubeIDE/workspace_1.11.2/Exercise7/tensorflow_lite/third_party/flatbuffers/include/flatbuffers/flatbuffers.h:1026:8:void flatbuffers::vector_downward::reallocate(size_t)	40	static
/Users/mnadalorian/STM32CubeIDE/workspace_1.11.2/Exercise7/tensorflow_lite/third_party/flatbuffers/include/flatbuffers/flatbuffers.h:1045:18:flatbuffers::voffset_t flatbuffers::FieldIndexToOffset(flatbuffers::voffset_t)	24	static
/Users/mnadalorian/STM32CubeIDE/workspace_1.11.2/Exercise7/tensorflow_lite/third_party/flatbuffers/include/flatbuffers/flatbuffers.h:1089:12:flatbuffers::FlatBufferBuilder::FlatBufferBuilder(size_t, flatbuffers::Allocator*, bool, size_t)	32	static
/Users/mnadalorian/STM32CubeIDE/workspace_1.11.2/Exercise7/tensorflow_lite/third_party/flatbuffers/include/flatbuffers/flatbuffers.h:1177:13:flatbuffers::uoffset_t flatbuffers::FlatBufferBuilder::GetSize() const	16	static
/Users/mnadalorian/STM32CubeIDE/workspace_1.11.2/Exercise7/tensorflow_lite/third_party/flatbuffers/include/flatbuffers/flatbuffers.h:1182:12:uint8_t* flatbuffers::FlatBufferBuilder::GetBufferPointer() const	16	static
/Users/mnadalorian/STM32CubeIDE/workspace_1.11.2/Exercise7/tensorflow_lite/third_party/flatbuffers/include/flatbuffers/flatbuffers.h:1233:8:void flatbuffers::FlatBufferBuilder::Finished() const	16	static
/Users/mnadalorian/STM32CubeIDE/workspace_1.11.2/Exercise7/tensorflow_lite/third_party/flatbuffers/include/flatbuffers/flatbuffers.h:1257:8:void flatbuffers::FlatBufferBuilder::TrackMinAlign(size_t)	16	static
/Users/mnadalorian/STM32CubeIDE/workspace_1.11.2/Exercise7/tensorflow_lite/third_party/flatbuffers/include/flatbuffers/flatbuffers.h:1261:8:void flatbuffers::FlatBufferBuilder::Align(size_t)	24	static
/Users/mnadalorian/STM32CubeIDE/workspace_1.11.2/Exercise7/tensorflow_lite/third_party/flatbuffers/include/flatbuffers/flatbuffers.h:1271:8:void flatbuffers::FlatBufferBuilder::PushBytes(const uint8_t*, size_t)	24	static
/Users/mnadalorian/STM32CubeIDE/workspace_1.11.2/Exercise7/tensorflow_lite/third_party/flatbuffers/include/flatbuffers/flatbuffers.h:1296:8:void flatbuffers::FlatBufferBuilder::TrackField(flatbuffers::voffset_t, flatbuffers::uoffset_t)	32	static
/Users/mnadalorian/STM32CubeIDE/workspace_1.11.2/Exercise7/tensorflow_lite/third_party/flatbuffers/include/flatbuffers/flatbuffers.h:1335:13:flatbuffers::uoffset_t flatbuffers::FlatBufferBuilder::ReferTo(flatbuffers::uoffset_t)	16	static
/Users/mnadalorian/STM32CubeIDE/workspace_1.11.2/Exercise7/tensorflow_lite/third_party/flatbuffers/include/flatbuffers/flatbuffers.h:1343:8:void flatbuffers::FlatBufferBuilder::NotNested()	16	static
/Users/mnadalorian/STM32CubeIDE/workspace_1.11.2/Exercise7/tensorflow_lite/third_party/flatbuffers/include/flatbuffers/flatbuffers.h:1359:13:flatbuffers::uoffset_t flatbuffers::FlatBufferBuilder::StartTable()	16	static
/Users/mnadalorian/STM32CubeIDE/workspace_1.11.2/Exercise7/tensorflow_lite/third_party/flatbuffers/include/flatbuffers/flatbuffers.h:1368:13:flatbuffers::uoffset_t flatbuffers::FlatBufferBuilder::EndTable(flatbuffers::uoffset_t)	80	static
/Users/mnadalorian/STM32CubeIDE/workspace_1.11.2/Exercise7/tensorflow_lite/third_party/flatbuffers/include/flatbuffers/flatbuffers.h:1448:8:void flatbuffers::FlatBufferBuilder::ClearOffsets()	16	static
/Users/mnadalorian/STM32CubeIDE/workspace_1.11.2/Exercise7/tensorflow_lite/third_party/flatbuffers/include/flatbuffers/flatbuffers.h:1456:8:void flatbuffers::FlatBufferBuilder::PreAlign(size_t, size_t)	32	static
/Users/mnadalorian/STM32CubeIDE/workspace_1.11.2/Exercise7/tensorflow_lite/third_party/flatbuffers/include/flatbuffers/flatbuffers.h:1470:18:flatbuffers::Offset<flatbuffers::String> flatbuffers::FlatBufferBuilder::CreateString(const char*, size_t)	32	static
/Users/mnadalorian/STM32CubeIDE/workspace_1.11.2/Exercise7/tensorflow_lite/third_party/flatbuffers/include/flatbuffers/flatbuffers.h:1482:18:flatbuffers::Offset<flatbuffers::String> flatbuffers::FlatBufferBuilder::CreateString(const char*)	16	static
/Users/mnadalorian/STM32CubeIDE/workspace_1.11.2/Exercise7/tensorflow_lite/third_party/flatbuffers/include/flatbuffers/flatbuffers.h:1579:13:flatbuffers::uoffset_t flatbuffers::FlatBufferBuilder::EndVector(size_t)	16	static
/Users/mnadalorian/STM32CubeIDE/workspace_1.11.2/Exercise7/tensorflow_lite/third_party/flatbuffers/include/flatbuffers/flatbuffers.h:1585:8:void flatbuffers::FlatBufferBuilder::StartVector(size_t, size_t)	24	static
/Users/mnadalorian/STM32CubeIDE/workspace_1.11.2/Exercise7/tensorflow_lite/third_party/flatbuffers/include/flatbuffers/flatbuffers.h:2020:8:void flatbuffers::FlatBufferBuilder::Finish(flatbuffers::uoffset_t, const char*, bool)	24	static
/Users/mnadalorian/STM32CubeIDE/workspace_1.11.2/Exercise7/tensorflow_lite/third_party/flatbuffers/include/flatbuffers/flatbuffers.h:2436:18:const uint8_t* flatbuffers::Table::GetVTable() const	24	static
/Users/mnadalorian/STM32CubeIDE/workspace_1.11.2/Exercise7/tensorflow_lite/third_party/flatbuffers/include/flatbuffers/flatbuffers.h:2442:13:flatbuffers::voffset_t flatbuffers::Table::GetOptionalFieldOffset(flatbuffers::voffset_t) const	24	static
/Users/mnadalorian/STM32CubeIDE/workspace_1.11.2/Exercise7/tensorflow_lite/tensorflow/lite/schema/schema_generated.h:3682:8:void tflite::QuantizationParametersBuilder::add_min(flatbuffers::Offset<flatbuffers::Vector<float> >)	16	static
/Users/mnadalorian/STM32CubeIDE/workspace_1.11.2/Exercise7/tensorflow_lite/tensorflow/lite/schema/schema_generated.h:3685:8:void tflite::QuantizationParametersBuilder::add_max(flatbuffers::Offset<flatbuffers::Vector<float> >)	16	static
/Users/mnadalorian/STM32CubeIDE/workspace_1.11.2/Exercise7/tensorflow_lite/tensorflow/lite/schema/schema_generated.h:3688:8:void tflite::QuantizationParametersBuilder::add_scale(flatbuffers::Offset<flatbuffers::Vector<float> >)	16	static
/Users/mnadalorian/STM32CubeIDE/workspace_1.11.2/Exercise7/tensorflow_lite/tensorflow/lite/schema/schema_generated.h:3691:8:void tflite::QuantizationParametersBuilder::add_zero_point(flatbuffers::Offset<flatbuffers::Vector<long long int> >)	16	static
/Users/mnadalorian/STM32CubeIDE/workspace_1.11.2/Exercise7/tensorflow_lite/tensorflow/lite/schema/schema_generated.h:3694:8:void tflite::QuantizationParametersBuilder::add_details_type(tflite::QuantizationDetails)	16	static
/Users/mnadalorian/STM32CubeIDE/workspace_1.11.2/Exercise7/tensorflow_lite/tensorflow/lite/schema/schema_generated.h:3697:8:void tflite::QuantizationParametersBuilder::add_details(flatbuffers::Offset<void>)	16	static
/Users/mnadalorian/STM32CubeIDE/workspace_1.11.2/Exercise7/tensorflow_lite/tensorflow/lite/schema/schema_generated.h:3700:8:void tflite::QuantizationParametersBuilder::add_quantized_dimension(int32_t)	16	static
/Users/mnadalorian/STM32CubeIDE/workspace_1.11.2/Exercise7/tensorflow_lite/tensorflow/lite/schema/schema_generated.h:3703:12:tflite::QuantizationParametersBuilder::QuantizationParametersBuilder(flatbuffers::FlatBufferBuilder&)	16	static
/Users/mnadalorian/STM32CubeIDE/workspace_1.11.2/Exercise7/tensorflow_lite/tensorflow/lite/schema/schema_generated.h:3708:47:flatbuffers::Offset<tflite::QuantizationParameters> tflite::QuantizationParametersBuilder::Finish()	24	static
/Users/mnadalorian/STM32CubeIDE/workspace_1.11.2/Exercise7/tensorflow_lite/tensorflow/lite/schema/schema_generated.h:3715:52:flatbuffers::Offset<tflite::QuantizationParameters> tflite::CreateQuantizationParameters(flatbuffers::FlatBufferBuilder&, flatbuffers::Offset<flatbuffers::Vector<float> >, flatbuffers::Offset<flatbuffers::Vector<float> >, flatbuffers::Offset<flatbuffers::Vector<float> >, flatbuffers::Offset<flatbuffers::Vector<long long int> >, tflite::QuantizationDetails, flatbuffers::Offset<void>, int32_t)	32	static
/Users/mnadalorian/STM32CubeIDE/workspace_1.11.2/Exercise7/tensorflow_lite/tensorflow/lite/schema/schema_generated.h:4297:8:void tflite::TensorBuilder::add_shape(flatbuffers::Offset<flatbuffers::Vector<long int> >)	16	static
/Users/mnadalorian/STM32CubeIDE/workspace_1.11.2/Exercise7/tensorflow_lite/tensorflow/lite/schema/schema_generated.h:4300:8:void tflite::TensorBuilder::add_type(tflite::TensorType)	16	static
/Users/mnadalorian/STM32CubeIDE/workspace_1.11.2/Exercise7/tensorflow_lite/tensorflow/lite/schema/schema_generated.h:4303:8:void tflite::TensorBuilder::add_buffer(uint32_t)	16	static
/Users/mnadalorian/STM32CubeIDE/workspace_1.11.2/Exercise7/tensorflow_lite/tensorflow/lite/schema/schema_generated.h:4306:8:void tflite::TensorBuilder::add_name(flatbuffers::Offset<flatbuffers::String>)	16	static
/Users/mnadalorian/STM32CubeIDE/workspace_1.11.2/Exercise7/tensorflow_lite/tensorflow/lite/schema/schema_generated.h:4309:8:void tflite::TensorBuilder::add_quantization(flatbuffers::Offset<tflite::QuantizationParameters>)	16	static
/Users/mnadalorian/STM32CubeIDE/workspace_1.11.2/Exercise7/tensorflow_lite/tensorflow/lite/schema/schema_generated.h:4312:8:void tflite::TensorBuilder::add_is_variable(bool)	16	static
/Users/mnadalorian/STM32CubeIDE/workspace_1.11.2/Exercise7/tensorflow_lite/tensorflow/lite/schema/schema_generated.h:4315:8:void tflite::TensorBuilder::add_sparsity(flatbuffers::Offset<tflite::SparsityParameters>)	16	static
/Users/mnadalorian/STM32CubeIDE/workspace_1.11.2/Exercise7/tensorflow_lite/tensorflow/lite/schema/schema_generated.h:4318:8:void tflite::TensorBuilder::add_shape_signature(flatbuffers::Offset<flatbuffers::Vector<long int> >)	16	static
/Users/mnadalorian/STM32CubeIDE/workspace_1.11.2/Exercise7/tensorflow_lite/tensorflow/lite/schema/schema_generated.h:4321:8:void tflite::TensorBuilder::add_has_rank(bool)	16	static
/Users/mnadalorian/STM32CubeIDE/workspace_1.11.2/Exercise7/tensorflow_lite/tensorflow/lite/schema/schema_generated.h:4324:12:tflite::TensorBuilder::TensorBuilder(flatbuffers::FlatBufferBuilder&)	16	static
/Users/mnadalorian/STM32CubeIDE/workspace_1.11.2/Exercise7/tensorflow_lite/tensorflow/lite/schema/schema_generated.h:4329:31:flatbuffers::Offset<tflite::Tensor> tflite::TensorBuilder::Finish()	24	static
/Users/mnadalorian/STM32CubeIDE/workspace_1.11.2/Exercise7/tensorflow_lite/tensorflow/lite/schema/schema_generated.h:4336:36:flatbuffers::Offset<tflite::Tensor> tflite::CreateTensor(flatbuffers::FlatBufferBuilder&, flatbuffers::Offset<flatbuffers::Vector<long int> >, tflite::TensorType, uint32_t, flatbuffers::Offset<flatbuffers::String>, flatbuffers::Offset<tflite::QuantizationParameters>, bool, flatbuffers::Offset<tflite::SparsityParameters>, flatbuffers::Offset<flatbuffers::Vector<long int> >, bool)	32	static
/Users/mnadalorian/STM32CubeIDE/workspace_1.11.2/Exercise7/tensorflow_lite/tensorflow/lite/schema/schema_generated.h:9941:8:void tflite::IfOptionsBuilder::add_then_subgraph_index(int32_t)	16	static
/Users/mnadalorian/STM32CubeIDE/workspace_1.11.2/Exercise7/tensorflow_lite/tensorflow/lite/schema/schema_generated.h:9944:8:void tflite::IfOptionsBuilder::add_else_subgraph_index(int32_t)	16	static
/Users/mnadalorian/STM32CubeIDE/workspace_1.11.2/Exercise7/tensorflow_lite/tensorflow/lite/schema/schema_generated.h:9947:12:tflite::IfOptionsBuilder::IfOptionsBuilder(flatbuffers::FlatBufferBuilder&)	16	static
/Users/mnadalorian/STM32CubeIDE/workspace_1.11.2/Exercise7/tensorflow_lite/tensorflow/lite/schema/schema_generated.h:9952:34:flatbuffers::Offset<tflite::IfOptions> tflite::IfOptionsBuilder::Finish()	24	static
/Users/mnadalorian/STM32CubeIDE/workspace_1.11.2/Exercise7/tensorflow_lite/tensorflow/lite/schema/schema_generated.h:9959:39:flatbuffers::Offset<tflite::IfOptions> tflite::CreateIfOptions(flatbuffers::FlatBufferBuilder&, int32_t, int32_t)	32	static
/Users/mnadalorian/STM32CubeIDE/workspace_1.11.2/Exercise7/tensorflow_lite/tensorflow/lite/schema/schema_generated.h:10002:8:void tflite::CallOnceOptionsBuilder::add_init_subgraph_index(int32_t)	16	static
/Users/mnadalorian/STM32CubeIDE/workspace_1.11.2/Exercise7/tensorflow_lite/tensorflow/lite/schema/schema_generated.h:10005:12:tflite::CallOnceOptionsBuilder::CallOnceOptionsBuilder(flatbuffers::FlatBufferBuilder&)	16	static
/Users/mnadalorian/STM32CubeIDE/workspace_1.11.2/Exercise7/tensorflow_lite/tensorflow/lite/schema/schema_generated.h:10010:40:flatbuffers::Offset<tflite::CallOnceOptions> tflite::CallOnceOptionsBuilder::Finish()	24	static
/Users/mnadalorian/STM32CubeIDE/workspace_1.11.2/Exercise7/tensorflow_lite/tensorflow/lite/schema/schema_generated.h:10017:45:flatbuffers::Offset<tflite::CallOnceOptions> tflite::CreateCallOnceOptions(flatbuffers::FlatBufferBuilder&, int32_t)	24	static
/Users/mnadalorian/STM32CubeIDE/workspace_1.11.2/Exercise7/tensorflow_lite/tensorflow/lite/schema/schema_generated.h:10065:8:void tflite::WhileOptionsBuilder::add_cond_subgraph_index(int32_t)	16	static
/Users/mnadalorian/STM32CubeIDE/workspace_1.11.2/Exercise7/tensorflow_lite/tensorflow/lite/schema/schema_generated.h:10068:8:void tflite::WhileOptionsBuilder::add_body_subgraph_index(int32_t)	16	static
/Users/mnadalorian/STM32CubeIDE/workspace_1.11.2/Exercise7/tensorflow_lite/tensorflow/lite/schema/schema_generated.h:10071:12:tflite::WhileOptionsBuilder::WhileOptionsBuilder(flatbuffers::FlatBufferBuilder&)	16	static
/Users/mnadalorian/STM32CubeIDE/workspace_1.11.2/Exercise7/tensorflow_lite/tensorflow/lite/schema/schema_generated.h:10076:37:flatbuffers::Offset<tflite::WhileOptions> tflite::WhileOptionsBuilder::Finish()	24	static
/Users/mnadalorian/STM32CubeIDE/workspace_1.11.2/Exercise7/tensorflow_lite/tensorflow/lite/schema/schema_generated.h:10083:42:flatbuffers::Offset<tflite::WhileOptions> tflite::CreateWhileOptions(flatbuffers::FlatBufferBuilder&, int32_t, int32_t)	32	static
/Users/mnadalorian/STM32CubeIDE/workspace_1.11.2/Exercise7/tensorflow_lite/tensorflow/lite/schema/schema_generated.h:11484:8:void tflite::OperatorCodeBuilder::add_deprecated_builtin_code(int8_t)	16	static
/Users/mnadalorian/STM32CubeIDE/workspace_1.11.2/Exercise7/tensorflow_lite/tensorflow/lite/schema/schema_generated.h:11487:8:void tflite::OperatorCodeBuilder::add_custom_code(flatbuffers::Offset<flatbuffers::String>)	16	static
/Users/mnadalorian/STM32CubeIDE/workspace_1.11.2/Exercise7/tensorflow_lite/tensorflow/lite/schema/schema_generated.h:11490:8:void tflite::OperatorCodeBuilder::add_version(int32_t)	16	static
/Users/mnadalorian/STM32CubeIDE/workspace_1.11.2/Exercise7/tensorflow_lite/tensorflow/lite/schema/schema_generated.h:11493:8:void tflite::OperatorCodeBuilder::add_builtin_code(tflite::BuiltinOperator)	16	static
/Users/mnadalorian/STM32CubeIDE/workspace_1.11.2/Exercise7/tensorflow_lite/tensorflow/lite/schema/schema_generated.h:11496:12:tflite::OperatorCodeBuilder::OperatorCodeBuilder(flatbuffers::FlatBufferBuilder&)	16	static
/Users/mnadalorian/STM32CubeIDE/workspace_1.11.2/Exercise7/tensorflow_lite/tensorflow/lite/schema/schema_generated.h:11501:37:flatbuffers::Offset<tflite::OperatorCode> tflite::OperatorCodeBuilder::Finish()	24	static
/Users/mnadalorian/STM32CubeIDE/workspace_1.11.2/Exercise7/tensorflow_lite/tensorflow/lite/schema/schema_generated.h:11508:42:flatbuffers::Offset<tflite::OperatorCode> tflite::CreateOperatorCode(flatbuffers::FlatBufferBuilder&, int8_t, flatbuffers::Offset<flatbuffers::String>, int32_t, tflite::BuiltinOperator)	32	static
/Users/mnadalorian/STM32CubeIDE/workspace_1.11.2/Exercise7/tensorflow_lite/tensorflow/lite/schema/schema_generated.h:11522:42:flatbuffers::Offset<tflite::OperatorCode> tflite::CreateOperatorCodeDirect(flatbuffers::FlatBufferBuilder&, int8_t, const char*, int32_t, tflite::BuiltinOperator)	40	static
/Users/mnadalorian/STM32CubeIDE/workspace_1.11.2/Exercise7/tensorflow_lite/tensorflow/lite/schema/schema_generated.h:12486:8:void tflite::OperatorBuilder::add_opcode_index(uint32_t)	16	static
/Users/mnadalorian/STM32CubeIDE/workspace_1.11.2/Exercise7/tensorflow_lite/tensorflow/lite/schema/schema_generated.h:12489:8:void tflite::OperatorBuilder::add_inputs(flatbuffers::Offset<flatbuffers::Vector<long int> >)	16	static
/Users/mnadalorian/STM32CubeIDE/workspace_1.11.2/Exercise7/tensorflow_lite/tensorflow/lite/schema/schema_generated.h:12492:8:void tflite::OperatorBuilder::add_outputs(flatbuffers::Offset<flatbuffers::Vector<long int> >)	16	static
/Users/mnadalorian/STM32CubeIDE/workspace_1.11.2/Exercise7/tensorflow_lite/tensorflow/lite/schema/schema_generated.h:12495:8:void tflite::OperatorBuilder::add_builtin_options_type(tflite::BuiltinOptions)	16	static
/Users/mnadalorian/STM32CubeIDE/workspace_1.11.2/Exercise7/tensorflow_lite/tensorflow/lite/schema/schema_generated.h:12498:8:void tflite::OperatorBuilder::add_builtin_options(flatbuffers::Offset<void>)	16	static
/Users/mnadalorian/STM32CubeIDE/workspace_1.11.2/Exercise7/tensorflow_lite/tensorflow/lite/schema/schema_generated.h:12501:8:void tflite::OperatorBuilder::add_custom_options(flatbuffers::Offset<flatbuffers::Vector<unsigned char> >)	16	static
/Users/mnadalorian/STM32CubeIDE/workspace_1.11.2/Exercise7/tensorflow_lite/tensorflow/lite/schema/schema_generated.h:12504:8:void tflite::OperatorBuilder::add_custom_options_format(tflite::CustomOptionsFormat)	16	static
/Users/mnadalorian/STM32CubeIDE/workspace_1.11.2/Exercise7/tensorflow_lite/tensorflow/lite/schema/schema_generated.h:12507:8:void tflite::OperatorBuilder::add_mutating_variable_inputs(flatbuffers::Offset<flatbuffers::Vector<unsigned char> >)	16	static
/Users/mnadalorian/STM32CubeIDE/workspace_1.11.2/Exercise7/tensorflow_lite/tensorflow/lite/schema/schema_generated.h:12510:8:void tflite::OperatorBuilder::add_intermediates(flatbuffers::Offset<flatbuffers::Vector<long int> >)	16	static
/Users/mnadalorian/STM32CubeIDE/workspace_1.11.2/Exercise7/tensorflow_lite/tensorflow/lite/schema/schema_generated.h:12513:12:tflite::OperatorBuilder::OperatorBuilder(flatbuffers::FlatBufferBuilder&)	16	static
/Users/mnadalorian/STM32CubeIDE/workspace_1.11.2/Exercise7/tensorflow_lite/tensorflow/lite/schema/schema_generated.h:12518:33:flatbuffers::Offset<tflite::Operator> tflite::OperatorBuilder::Finish()	24	static
/Users/mnadalorian/STM32CubeIDE/workspace_1.11.2/Exercise7/tensorflow_lite/tensorflow/lite/schema/schema_generated.h:12525:38:flatbuffers::Offset<tflite::Operator> tflite::CreateOperator(flatbuffers::FlatBufferBuilder&, uint32_t, flatbuffers::Offset<flatbuffers::Vector<long int> >, flatbuffers::Offset<flatbuffers::Vector<long int> >, tflite::BuiltinOptions, flatbuffers::Offset<void>, flatbuffers::Offset<flatbuffers::Vector<unsigned char> >, tflite::CustomOptionsFormat, flatbuffers::Offset<flatbuffers::Vector<unsigned char> >, flatbuffers::Offset<flatbuffers::Vector<long int> >)	32	static
/Users/mnadalorian/STM32CubeIDE/workspace_1.11.2/Exercise7/tensorflow_lite/tensorflow/lite/schema/schema_generated.h:12601:67:const flatbuffers::Vector<flatbuffers::Offset<tflite::Tensor> >* tflite::SubGraph::tensors() const	16	static
/Users/mnadalorian/STM32CubeIDE/workspace_1.11.2/Exercise7/tensorflow_lite/tensorflow/lite/schema/schema_generated.h:12641:8:void tflite::SubGraphBuilder::add_tensors(flatbuffers::Offset<flatbuffers::Vector<flatbuffers::Offset<tflite::Tensor> > >)	16	static
/Users/mnadalorian/STM32CubeIDE/workspace_1.11.2/Exercise7/tensorflow_lite/tensorflow/lite/schema/schema_generated.h:12644:8:void tflite::SubGraphBuilder::add_inputs(flatbuffers::Offset<flatbuffers::Vector<long int> >)	16	static
/Users/mnadalorian/STM32CubeIDE/workspace_1.11.2/Exercise7/tensorflow_lite/tensorflow/lite/schema/schema_generated.h:12647:8:void tflite::SubGraphBuilder::add_outputs(flatbuffers::Offset<flatbuffers::Vector<long int> >)	16	static
/Users/mnadalorian/STM32CubeIDE/workspace_1.11.2/Exercise7/tensorflow_lite/tensorflow/lite/schema/schema_generated.h:12650:8:void tflite::SubGraphBuilder::add_operators(flatbuffers::Offset<flatbuffers::Vector<flatbuffers::Offset<tflite::Operator> > >)	16	static
/Users/mnadalorian/STM32CubeIDE/workspace_1.11.2/Exercise7/tensorflow_lite/tensorflow/lite/schema/schema_generated.h:12653:8:void tflite::SubGraphBuilder::add_name(flatbuffers::Offset<flatbuffers::String>)	16	static
/Users/mnadalorian/STM32CubeIDE/workspace_1.11.2/Exercise7/tensorflow_lite/tensorflow/lite/schema/schema_generated.h:12656:12:tflite::SubGraphBuilder::SubGraphBuilder(flatbuffers::FlatBufferBuilder&)	16	static
/Users/mnadalorian/STM32CubeIDE/workspace_1.11.2/Exercise7/tensorflow_lite/tensorflow/lite/schema/schema_generated.h:12661:33:flatbuffers::Offset<tflite::SubGraph> tflite::SubGraphBuilder::Finish()	24	static
/Users/mnadalorian/STM32CubeIDE/workspace_1.11.2/Exercise7/tensorflow_lite/tensorflow/lite/schema/schema_generated.h:12668:38:flatbuffers::Offset<tflite::SubGraph> tflite::CreateSubGraph(flatbuffers::FlatBufferBuilder&, flatbuffers::Offset<flatbuffers::Vector<flatbuffers::Offset<tflite::Tensor> > >, flatbuffers::Offset<flatbuffers::Vector<long int> >, flatbuffers::Offset<flatbuffers::Vector<long int> >, flatbuffers::Offset<flatbuffers::Vector<flatbuffers::Offset<tflite::Operator> > >, flatbuffers::Offset<flatbuffers::String>)	32	static
/Users/mnadalorian/STM32CubeIDE/workspace_1.11.2/Exercise7/tensorflow_lite/tensorflow/lite/schema/schema_generated.h:12738:8:void tflite::BufferBuilder::add_data(flatbuffers::Offset<flatbuffers::Vector<unsigned char> >)	16	static
/Users/mnadalorian/STM32CubeIDE/workspace_1.11.2/Exercise7/tensorflow_lite/tensorflow/lite/schema/schema_generated.h:12741:12:tflite::BufferBuilder::BufferBuilder(flatbuffers::FlatBufferBuilder&)	16	static
/Users/mnadalorian/STM32CubeIDE/workspace_1.11.2/Exercise7/tensorflow_lite/tensorflow/lite/schema/schema_generated.h:12746:31:flatbuffers::Offset<tflite::Buffer> tflite::BufferBuilder::Finish()	24	static
/Users/mnadalorian/STM32CubeIDE/workspace_1.11.2/Exercise7/tensorflow_lite/tensorflow/lite/schema/schema_generated.h:12753:36:flatbuffers::Offset<tflite::Buffer> tflite::CreateBuffer(flatbuffers::FlatBufferBuilder&, flatbuffers::Offset<flatbuffers::Vector<unsigned char> >)	24	static
/Users/mnadalorian/STM32CubeIDE/workspace_1.11.2/Exercise7/tensorflow_lite/tensorflow/lite/schema/schema_generated.h:12811:8:void tflite::MetadataBuilder::add_name(flatbuffers::Offset<flatbuffers::String>)	16	static
/Users/mnadalorian/STM32CubeIDE/workspace_1.11.2/Exercise7/tensorflow_lite/tensorflow/lite/schema/schema_generated.h:12814:8:void tflite::MetadataBuilder::add_buffer(uint32_t)	16	static
/Users/mnadalorian/STM32CubeIDE/workspace_1.11.2/Exercise7/tensorflow_lite/tensorflow/lite/schema/schema_generated.h:12817:12:tflite::MetadataBuilder::MetadataBuilder(flatbuffers::FlatBufferBuilder&)	16	static
/Users/mnadalorian/STM32CubeIDE/workspace_1.11.2/Exercise7/tensorflow_lite/tensorflow/lite/schema/schema_generated.h:12822:33:flatbuffers::Offset<tflite::Metadata> tflite::MetadataBuilder::Finish()	24	static
/Users/mnadalorian/STM32CubeIDE/workspace_1.11.2/Exercise7/tensorflow_lite/tensorflow/lite/schema/schema_generated.h:12829:38:flatbuffers::Offset<tflite::Metadata> tflite::CreateMetadata(flatbuffers::FlatBufferBuilder&, flatbuffers::Offset<flatbuffers::String>, uint32_t)	32	static
/Users/mnadalorian/STM32CubeIDE/workspace_1.11.2/Exercise7/tensorflow_lite/tensorflow/lite/schema/schema_generated.h:13076:69:const flatbuffers::Vector<flatbuffers::Offset<tflite::SubGraph> >* tflite::Model::subgraphs() const	16	static
/Users/mnadalorian/STM32CubeIDE/workspace_1.11.2/Exercise7/tensorflow_lite/tensorflow/lite/schema/schema_generated.h:13127:8:void tflite::ModelBuilder::add_version(uint32_t)	16	static
/Users/mnadalorian/STM32CubeIDE/workspace_1.11.2/Exercise7/tensorflow_lite/tensorflow/lite/schema/schema_generated.h:13130:8:void tflite::ModelBuilder::add_operator_codes(flatbuffers::Offset<flatbuffers::Vector<flatbuffers::Offset<tflite::OperatorCode> > >)	16	static
/Users/mnadalorian/STM32CubeIDE/workspace_1.11.2/Exercise7/tensorflow_lite/tensorflow/lite/schema/schema_generated.h:13133:8:void tflite::ModelBuilder::add_subgraphs(flatbuffers::Offset<flatbuffers::Vector<flatbuffers::Offset<tflite::SubGraph> > >)	16	static
/Users/mnadalorian/STM32CubeIDE/workspace_1.11.2/Exercise7/tensorflow_lite/tensorflow/lite/schema/schema_generated.h:13136:8:void tflite::ModelBuilder::add_description(flatbuffers::Offset<flatbuffers::String>)	16	static
/Users/mnadalorian/STM32CubeIDE/workspace_1.11.2/Exercise7/tensorflow_lite/tensorflow/lite/schema/schema_generated.h:13139:8:void tflite::ModelBuilder::add_buffers(flatbuffers::Offset<flatbuffers::Vector<flatbuffers::Offset<tflite::Buffer> > >)	16	static
/Users/mnadalorian/STM32CubeIDE/workspace_1.11.2/Exercise7/tensorflow_lite/tensorflow/lite/schema/schema_generated.h:13142:8:void tflite::ModelBuilder::add_metadata_buffer(flatbuffers::Offset<flatbuffers::Vector<long int> >)	16	static
/Users/mnadalorian/STM32CubeIDE/workspace_1.11.2/Exercise7/tensorflow_lite/tensorflow/lite/schema/schema_generated.h:13145:8:void tflite::ModelBuilder::add_metadata(flatbuffers::Offset<flatbuffers::Vector<flatbuffers::Offset<tflite::Metadata> > >)	16	static
/Users/mnadalorian/STM32CubeIDE/workspace_1.11.2/Exercise7/tensorflow_lite/tensorflow/lite/schema/schema_generated.h:13148:8:void tflite::ModelBuilder::add_signature_defs(flatbuffers::Offset<flatbuffers::Vector<flatbuffers::Offset<tflite::SignatureDef> > >)	16	static
/Users/mnadalorian/STM32CubeIDE/workspace_1.11.2/Exercise7/tensorflow_lite/tensorflow/lite/schema/schema_generated.h:13151:12:tflite::ModelBuilder::ModelBuilder(flatbuffers::FlatBufferBuilder&)	16	static
/Users/mnadalorian/STM32CubeIDE/workspace_1.11.2/Exercise7/tensorflow_lite/tensorflow/lite/schema/schema_generated.h:13156:30:flatbuffers::Offset<tflite::Model> tflite::ModelBuilder::Finish()	24	static
/Users/mnadalorian/STM32CubeIDE/workspace_1.11.2/Exercise7/tensorflow_lite/tensorflow/lite/schema/schema_generated.h:13163:35:flatbuffers::Offset<tflite::Model> tflite::CreateModel(flatbuffers::FlatBufferBuilder&, uint32_t, flatbuffers::Offset<flatbuffers::Vector<flatbuffers::Offset<tflite::OperatorCode> > >, flatbuffers::Offset<flatbuffers::Vector<flatbuffers::Offset<tflite::SubGraph> > >, flatbuffers::Offset<flatbuffers::String>, flatbuffers::Offset<flatbuffers::Vector<flatbuffers::Offset<tflite::Buffer> > >, flatbuffers::Offset<flatbuffers::Vector<long int> >, flatbuffers::Offset<flatbuffers::Vector<flatbuffers::Offset<tflite::Metadata> > >, flatbuffers::Offset<flatbuffers::Vector<flatbuffers::Offset<tflite::SignatureDef> > >)	32	static
/Users/mnadalorian/STM32CubeIDE/workspace_1.11.2/Exercise7/tensorflow_lite/tensorflow/lite/schema/schema_generated.h:19854:20:const char* tflite::ModelIdentifier()	4	static
/Users/mnadalorian/STM32CubeIDE/workspace_1.11.2/Exercise7/tensorflow_lite/tensorflow/lite/schema/schema_generated.h:19877:13:void tflite::FinishModelBuffer(flatbuffers::FlatBufferBuilder&, flatbuffers::Offset<tflite::Model>)	16	static
/Users/mnadalorian/STM32CubeIDE/workspace_1.11.2/Exercise7/tensorflow_lite/tensorflow/lite/portable_type_to_tflitetype.h:61:1:constexpr TfLiteType tflite::typeToTfLiteType() [with T = long int]	4	static
/Users/mnadalorian/STM32CubeIDE/workspace_1.11.2/Exercise7/tensorflow_lite/tensorflow/lite/portable_type_to_tflitetype.h:63:1:constexpr TfLiteType tflite::typeToTfLiteType() [with T = short int]	4	static
/Users/mnadalorian/STM32CubeIDE/workspace_1.11.2/Exercise7/tensorflow_lite/tensorflow/lite/portable_type_to_tflitetype.h:65:1:constexpr TfLiteType tflite::typeToTfLiteType() [with T = long long int]	4	static
/Users/mnadalorian/STM32CubeIDE/workspace_1.11.2/Exercise7/tensorflow_lite/tensorflow/lite/portable_type_to_tflitetype.h:68:1:constexpr TfLiteType tflite::typeToTfLiteType() [with T = signed char]	4	static
/Users/mnadalorian/STM32CubeIDE/workspace_1.11.2/Exercise7/tensorflow_lite/tensorflow/lite/kernels/kernel_util.h:168:16:int64_t tflite::NumElements(const TfLiteIntArray*)	40	static
/Users/mnadalorian/STM32CubeIDE/workspace_1.11.2/Exercise7/tensorflow_lite/tensorflow/lite/micro/micro_context.h:120:22:tflite::MicroContext* tflite::GetMicroContext(const TfLiteContext*)	16	static
/Users/mnadalorian/STM32CubeIDE/workspace_1.11.2/Exercise7/tensorflow_lite/tensorflow/lite/micro/micro_arena_constants.h:24:15:constexpr int tflite::MicroArenaBufferAlignment()	4	static
../tensorflow_lite/tensorflow/lite/micro/test_helpers.cc:46:3:tflite::testing::{anonymous}::StackAllocator::StackAllocator(size_t)	16	static
../tensorflow_lite/tensorflow/lite/micro/test_helpers.cc:50:12:virtual uint8_t* tflite::testing::{anonymous}::StackAllocator::allocate(size_t)	24	static
../tensorflow_lite/tensorflow/lite/micro/test_helpers.cc:58:8:virtual void tflite::testing::{anonymous}::StackAllocator::deallocate(uint8_t*, size_t)	24	static
../tensorflow_lite/tensorflow/lite/micro/test_helpers.cc:60:26:static tflite::testing::{anonymous}::StackAllocator& tflite::testing::{anonymous}::StackAllocator::instance(size_t)	24	static
../tensorflow_lite/tensorflow/lite/micro/test_helpers.cc:77:33:flatbuffers::FlatBufferBuilder* tflite::testing::{anonymous}::BuilderInstance()	32	static
../tensorflow_lite/tensorflow/lite/micro/test_helpers.cc:94:12:tflite::testing::{anonymous}::ModelBuilder::ModelBuilder(flatbuffers::FlatBufferBuilder*)	24	static
../tensorflow_lite/tensorflow/lite/micro/test_helpers.cc:101:10:tflite::testing::{anonymous}::ModelBuilder::Tensor tflite::testing::{anonymous}::ModelBuilder::AddTensor(tflite::TensorType, std::initializer_list<long int>)	32	static
../tensorflow_lite/tensorflow/lite/micro/test_helpers.cc:158:24:tflite::testing::{anonymous}::ModelBuilder::Operator tflite::testing::{anonymous}::ModelBuilder::RegisterOp(tflite::BuiltinOperator, const char*)	40	static
../tensorflow_lite/tensorflow/lite/micro/test_helpers.cc:167:20:tflite::testing::{anonymous}::ModelBuilder::Node tflite::testing::{anonymous}::ModelBuilder::AddNode(tflite::testing::{anonymous}::ModelBuilder::Operator, std::initializer_list<long int>, std::initializer_list<long int>, std::initializer_list<long int>)	96	static
../tensorflow_lite/tensorflow/lite/micro/test_helpers.cc:185:6:void tflite::testing::{anonymous}::ModelBuilder::AddMetadata(const char*, const int32_t*, size_t)	32	static
../tensorflow_lite/tensorflow/lite/micro/test_helpers.cc:199:14:const tflite::Model* tflite::testing::{anonymous}::ModelBuilder::BuildModel(std::initializer_list<long int>, std::initializer_list<long int>, size_t)	168	static
../tensorflow_lite/tensorflow/lite/micro/test_helpers.cc:260:22:tflite::testing::{anonymous}::ModelBuilder::Tensor tflite::testing::{anonymous}::ModelBuilder::AddTensorImpl(tflite::TensorType, bool, std::initializer_list<long int>)	72	static
../tensorflow_lite/tensorflow/lite/micro/test_helpers.cc:272:14:const tflite::Model* tflite::testing::{anonymous}::BuildSimpleStatefulModel()	712	static
../tensorflow_lite/tensorflow/lite/micro/test_helpers.cc:294:14:const tflite::Model* tflite::testing::{anonymous}::BuildSimpleModelWithBranch()	800	static
../tensorflow_lite/tensorflow/lite/micro/test_helpers.cc:334:14:const tflite::Model* tflite::testing::{anonymous}::BuildModelWithOfflinePlanning(int, const int32_t*, tflite::testing::NodeConnection*, int, int)	640	static
../tensorflow_lite/tensorflow/lite/micro/test_helpers.cc:363:14:const tflite::Model* tflite::testing::{anonymous}::BuildModelWithUnusedInputs()	256	static
../tensorflow_lite/tensorflow/lite/micro/test_helpers.cc:429:14:const tflite::Model* tflite::testing::{anonymous}::BuildModelWithUnusedOperatorOutputs()	216	static
../tensorflow_lite/tensorflow/lite/micro/test_helpers.cc:486:14:const tflite::Model* tflite::testing::{anonymous}::BuildModelWith256x256Tensor()	704	static
../tensorflow_lite/tensorflow/lite/micro/test_helpers.cc:506:14:const tflite::Model* tflite::testing::{anonymous}::BuildSimpleMockModel()	288	static
../tensorflow_lite/tensorflow/lite/micro/test_helpers.cc:583:14:const tflite::Model* tflite::testing::{anonymous}::BuildComplexMockModel()	488	static
../tensorflow_lite/tensorflow/lite/micro/test_helpers.cc:735:14:const tflite::Model* tflite::testing::{anonymous}::BuildSimpleMultipleInputsModel()	264	static
../tensorflow_lite/tensorflow/lite/micro/test_helpers.cc:803:14:const tflite::Model* tflite::testing::{anonymous}::BuildSimpleModelWithSubgraphsAndIf()	416	static
../tensorflow_lite/tensorflow/lite/micro/test_helpers.cc:922:14:const tflite::Model* tflite::testing::{anonymous}::BuildSimpleModelWithSubgraphsAndWhile()	424	static
../tensorflow_lite/tensorflow/lite/micro/test_helpers.cc:1104:14:const tflite::Model* tflite::testing::{anonymous}::BuildModelWithIfAndSubgraphInputTensorOverlap()	520	static
../tensorflow_lite/tensorflow/lite/micro/test_helpers.cc:1263:14:const tflite::Model* tflite::testing::{anonymous}::BuildSimpleMockModelWithNullInputsOutputs()	232	static
../tensorflow_lite/tensorflow/lite/micro/test_helpers.cc:1324:27:static const TfLiteRegistration* tflite::testing::SimpleStatefulOp::getRegistration()	8	static
../tensorflow_lite/tensorflow/lite/micro/test_helpers.cc:1328:21:static TfLiteRegistration* tflite::testing::SimpleStatefulOp::GetMutableRegistration()	4	static
../tensorflow_lite/tensorflow/lite/micro/test_helpers.cc:1336:7:static void* tflite::testing::SimpleStatefulOp::Init(TfLiteContext*, const char*, size_t)	32	static
../tensorflow_lite/tensorflow/lite/micro/test_helpers.cc:1348:14:static TfLiteStatus tflite::testing::SimpleStatefulOp::Prepare(TfLiteContext*, TfLiteNode*)	48	static
../tensorflow_lite/tensorflow/lite/micro/test_helpers.cc:1374:14:static TfLiteStatus tflite::testing::SimpleStatefulOp::Invoke(TfLiteContext*, TfLiteNode*)	80	static
../tensorflow_lite/tensorflow/lite/micro/test_helpers.cc:1414:27:static const TfLiteRegistration* tflite::testing::MockCustom::getRegistration()	8	static
../tensorflow_lite/tensorflow/lite/micro/test_helpers.cc:1418:21:static TfLiteRegistration* tflite::testing::MockCustom::GetMutableRegistration()	4	static
../tensorflow_lite/tensorflow/lite/micro/test_helpers.cc:1427:7:static void* tflite::testing::MockCustom::Init(TfLiteContext*, const char*, size_t)	24	static
../tensorflow_lite/tensorflow/lite/micro/test_helpers.cc:1437:6:static void tflite::testing::MockCustom::Free(TfLiteContext*, void*)	16	static
../tensorflow_lite/tensorflow/lite/micro/test_helpers.cc:1439:14:static TfLiteStatus tflite::testing::MockCustom::Prepare(TfLiteContext*, TfLiteNode*)	16	static
../tensorflow_lite/tensorflow/lite/micro/test_helpers.cc:1443:14:static TfLiteStatus tflite::testing::MockCustom::Invoke(TfLiteContext*, TfLiteNode*)	56	static
../tensorflow_lite/tensorflow/lite/micro/test_helpers.cc:1462:27:static const TfLiteRegistration* tflite::testing::MultipleInputs::getRegistration()	8	static
../tensorflow_lite/tensorflow/lite/micro/test_helpers.cc:1466:21:static TfLiteRegistration* tflite::testing::MultipleInputs::GetMutableRegistration()	4	static
../tensorflow_lite/tensorflow/lite/micro/test_helpers.cc:1475:7:static void* tflite::testing::MultipleInputs::Init(TfLiteContext*, const char*, size_t)	24	static
../tensorflow_lite/tensorflow/lite/micro/test_helpers.cc:1485:6:static void tflite::testing::MultipleInputs::Free(TfLiteContext*, void*)	16	static
../tensorflow_lite/tensorflow/lite/micro/test_helpers.cc:1489:14:static TfLiteStatus tflite::testing::MultipleInputs::Prepare(TfLiteContext*, TfLiteNode*)	16	static
../tensorflow_lite/tensorflow/lite/micro/test_helpers.cc:1493:14:static TfLiteStatus tflite::testing::MultipleInputs::Invoke(TfLiteContext*, TfLiteNode*)	64	static
../tensorflow_lite/tensorflow/lite/micro/test_helpers.cc:1517:27:static const TfLiteRegistration* tflite::testing::NoOp::getRegistration()	8	static
../tensorflow_lite/tensorflow/lite/micro/test_helpers.cc:1521:21:static TfLiteRegistration* tflite::testing::NoOp::GetMutableRegistration()	4	static
../tensorflow_lite/tensorflow/lite/micro/test_helpers.cc:1530:7:static void* tflite::testing::NoOp::Init(TfLiteContext*, const char*, size_t)	24	static
../tensorflow_lite/tensorflow/lite/micro/test_helpers.cc:1539:6:static void tflite::testing::NoOp::Free(TfLiteContext*, void*)	16	static
../tensorflow_lite/tensorflow/lite/micro/test_helpers.cc:1541:14:static TfLiteStatus tflite::testing::NoOp::Prepare(TfLiteContext*, TfLiteNode*)	16	static
../tensorflow_lite/tensorflow/lite/micro/test_helpers.cc:1545:14:static TfLiteStatus tflite::testing::NoOp::Invoke(TfLiteContext*, TfLiteNode*)	16	static
../tensorflow_lite/tensorflow/lite/micro/test_helpers.cc:1551:16:tflite::AllOpsResolver tflite::testing::GetOpResolver()	24	static
../tensorflow_lite/tensorflow/lite/micro/test_helpers.cc:1563:14:const tflite::Model* tflite::testing::GetModelWithUnusedInputs()	8	static
../tensorflow_lite/tensorflow/lite/micro/test_helpers.cc:1571:14:const tflite::Model* tflite::testing::GetModelWithUnusedOperatorOutputs()	8	static
../tensorflow_lite/tensorflow/lite/micro/test_helpers.cc:1579:14:const tflite::Model* tflite::testing::GetModelWith256x256Tensor()	8	static
../tensorflow_lite/tensorflow/lite/micro/test_helpers.cc:1584:14:const tflite::Model* tflite::testing::GetSimpleMockModel()	8	static
../tensorflow_lite/tensorflow/lite/micro/test_helpers.cc:1592:14:const tflite::Model* tflite::testing::GetSimpleMultipleInputsModel()	8	static
../tensorflow_lite/tensorflow/lite/micro/test_helpers.cc:1600:14:const tflite::Model* tflite::testing::GetSimpleModelWithSubgraphsAndIf()	8	static
../tensorflow_lite/tensorflow/lite/micro/test_helpers.cc:1608:14:const tflite::Model* tflite::testing::GetSimpleModelWithSubgraphsAndWhile()	8	static
../tensorflow_lite/tensorflow/lite/micro/test_helpers.cc:1616:14:const tflite::Model* tflite::testing::GetModelWithIfAndSubgraphInputTensorOverlap()	8	static
../tensorflow_lite/tensorflow/lite/micro/test_helpers.cc:1624:14:const tflite::Model* tflite::testing::GetSimpleModelWithNullInputsAndOutputs()	8	static
../tensorflow_lite/tensorflow/lite/micro/test_helpers.cc:1632:14:const tflite::Model* tflite::testing::GetComplexMockModel()	8	static
../tensorflow_lite/tensorflow/lite/micro/test_helpers.cc:1640:14:const tflite::Model* tflite::testing::GetSimpleModelWithBranch()	8	static
../tensorflow_lite/tensorflow/lite/micro/test_helpers.cc:1648:14:const tflite::Model* tflite::testing::GetModelWithOfflinePlanning(int, const int32_t*, tflite::testing::NodeConnection*, int, int)	40	static
../tensorflow_lite/tensorflow/lite/micro/test_helpers.cc:1658:14:const tflite::Model* tflite::testing::GetSimpleStatefulModel()	8	static
../tensorflow_lite/tensorflow/lite/micro/test_helpers.cc:1666:15:const tflite::Tensor* tflite::testing::Create1dFlatbufferTensor(int, bool)	88	static
../tensorflow_lite/tensorflow/lite/micro/test_helpers.cc:1681:15:const tflite::Tensor* tflite::testing::CreateQuantizedFlatbufferTensor(int)	128	static
../tensorflow_lite/tensorflow/lite/micro/test_helpers.cc:1712:15:const tflite::Tensor* tflite::testing::CreateMissingQuantizationFlatbufferTensor(int)	104	static
../tensorflow_lite/tensorflow/lite/micro/test_helpers.cc:1731:1:const flatbuffers::Vector<flatbuffers::Offset<tflite::Buffer> >* tflite::testing::CreateFlatbufferBuffers()	48	static
../tensorflow_lite/tensorflow/lite/micro/test_helpers.cc:1748:5:int tflite::testing::TestStrcmp(const char*, const char*)	16	static
../tensorflow_lite/tensorflow/lite/micro/test_helpers.cc:1761:6:)	28	static
../tensorflow_lite/tensorflow/lite/micro/test_helpers.cc:1773:17:TfLiteIntArray* tflite::testing::IntArrayFromInts(int*)	16	static
../tensorflow_lite/tensorflow/lite/micro/test_helpers.cc:1779:19:TfLiteFloatArray* tflite::testing::FloatArrayFromFloats(const float*)	24	static
../tensorflow_lite/tensorflow/lite/micro/test_helpers.cc:1787:14:TfLiteTensor tflite::testing::CreateQuantizedBiasTensor(const float*, int16_t*, TfLiteIntArray*, float, float, bool)	48	static
../tensorflow_lite/tensorflow/lite/micro/test_helpers.cc:1801:14:TfLiteTensor tflite::testing::CreateQuantizedBiasTensor(const float*, int32_t*, TfLiteIntArray*, float, float, bool)	48	static
../tensorflow_lite/tensorflow/lite/micro/test_helpers.cc:1815:14:TfLiteTensor tflite::testing::CreateQuantizedBiasTensor(const float*, int64_t*, TfLiteIntArray*, float, float, bool)	48	static
../tensorflow_lite/tensorflow/lite/micro/test_helpers.cc:1861:14:TfLiteTensor tflite::testing::CreatePerChannelQuantizedBiasTensor(const float*, int32_t*, TfLiteIntArray*, float, float*, float*, int*, TfLiteAffineQuantization*, int, bool)	56	static
../tensorflow_lite/tensorflow/lite/micro/test_helpers.cc:1871:14:TfLiteTensor tflite::testing::CreatePerChannelQuantizedBiasTensor(const float*, int64_t*, TfLiteIntArray*, float, float*, float*, int*, TfLiteAffineQuantization*, int, bool)	56	static
../tensorflow_lite/tensorflow/lite/micro/test_helpers.cc:1881:14:TfLiteTensor tflite::testing::CreateSymmetricPerChannelQuantizedTensor(const float*, int8_t*, TfLiteIntArray*, float*, int*, TfLiteAffineQuantization*, int, bool)	40	static
../tensorflow_lite/tensorflow/lite/micro/test_helpers.cc:1905:8:size_t tflite::testing::GetModelTensorCount(const tflite::Model*)	24	static
/Users/mnadalorian/STM32CubeIDE/workspace_1.11.2/Exercise7/tensorflow_lite/third_party/flatbuffers/include/flatbuffers/base.h:380:24:T flatbuffers::EndianScalar(T) [with T = long unsigned int]	16	static
/Applications/STM32CubeIDE.app/Contents/Eclipse/plugins/com.st.stm32cube.ide.mcu.externaltools.gnu-tools-for-stm32.10.3-2021.10.macos64_1.0.100.202210260954/tools/arm-none-eabi/include/c++/10.3.1/bits/stl_algobase.h:254:5:constexpr const _Tp& std::max(const _Tp&, const _Tp&) [with _Tp = unsigned int]	16	static
/Users/mnadalorian/STM32CubeIDE/workspace_1.11.2/Exercise7/tensorflow_lite/third_party/flatbuffers/include/flatbuffers/flatbuffers.h:83:51:constexpr size_t flatbuffers::AlignOf() [with T = long long unsigned int]	4	static
/Users/mnadalorian/STM32CubeIDE/workspace_1.11.2/Exercise7/tensorflow_lite/third_party/flatbuffers/include/flatbuffers/flatbuffers.h:972:29:void flatbuffers::vector_downward::scratch_push_small(const T&) [with T = flatbuffers::FlatBufferBuilder::FieldLoc]	16	static
/Applications/STM32CubeIDE.app/Contents/Eclipse/plugins/com.st.stm32cube.ide.mcu.externaltools.gnu-tools-for-stm32.10.3-2021.10.macos64_1.0.100.202210260954/tools/arm-none-eabi/include/c++/10.3.1/bits/stl_algobase.h:254:5:constexpr const _Tp& std::max(const _Tp&, const _Tp&) [with _Tp = short unsigned int]	16	static
/Users/mnadalorian/STM32CubeIDE/workspace_1.11.2/Exercise7/tensorflow_lite/third_party/flatbuffers/include/flatbuffers/flatbuffers.h:1281:34:flatbuffers::uoffset_t flatbuffers::FlatBufferBuilder::PushElement(T) [with T = long int]	24	static
/Users/mnadalorian/STM32CubeIDE/workspace_1.11.2/Exercise7/tensorflow_lite/third_party/flatbuffers/include/flatbuffers/base.h:405:6:void flatbuffers::WriteScalar(void*, T) [with T = short unsigned int]	16	static
/Users/mnadalorian/STM32CubeIDE/workspace_1.11.2/Exercise7/tensorflow_lite/third_party/flatbuffers/include/flatbuffers/base.h:391:3:T flatbuffers::ReadScalar(const void*) [with T = short unsigned int]	16	static
/Users/mnadalorian/STM32CubeIDE/workspace_1.11.2/Exercise7/tensorflow_lite/third_party/flatbuffers/include/flatbuffers/flatbuffers.h:972:29:void flatbuffers::vector_downward::scratch_push_small(const T&) [with T = long unsigned int]	16	static
/Users/mnadalorian/STM32CubeIDE/workspace_1.11.2/Exercise7/tensorflow_lite/third_party/flatbuffers/include/flatbuffers/base.h:405:6:void flatbuffers::WriteScalar(void*, T) [with T = long int]	16	static
/Users/mnadalorian/STM32CubeIDE/workspace_1.11.2/Exercise7/tensorflow_lite/third_party/flatbuffers/include/flatbuffers/flatbuffers.h:1460:29:void flatbuffers::FlatBufferBuilder::PreAlign(size_t) [with T = long unsigned int]	16	static
/Users/mnadalorian/STM32CubeIDE/workspace_1.11.2/Exercise7/tensorflow_lite/third_party/flatbuffers/include/flatbuffers/flatbuffers.h:1281:34:flatbuffers::uoffset_t flatbuffers::FlatBufferBuilder::PushElement(T) [with T = long unsigned int]	24	static
/Users/mnadalorian/STM32CubeIDE/workspace_1.11.2/Exercise7/tensorflow_lite/third_party/flatbuffers/include/flatbuffers/flatbuffers.h:70:3:flatbuffers::Offset<T>::Offset(flatbuffers::uoffset_t) [with T = flatbuffers::String]	16	static
/Users/mnadalorian/STM32CubeIDE/workspace_1.11.2/Exercise7/tensorflow_lite/third_party/flatbuffers/include/flatbuffers/flatbuffers.h:1281:34:flatbuffers::uoffset_t flatbuffers::FlatBufferBuilder::PushElement(T) [with T = unsigned char]	24	static
/Users/mnadalorian/STM32CubeIDE/workspace_1.11.2/Exercise7/tensorflow_lite/third_party/flatbuffers/include/flatbuffers/flatbuffers.h:70:3:flatbuffers::Offset<T>::Offset(flatbuffers::uoffset_t) [with T = flatbuffers::Vector<unsigned char>]	16	static
/Users/mnadalorian/STM32CubeIDE/workspace_1.11.2/Exercise7/tensorflow_lite/third_party/flatbuffers/include/flatbuffers/base.h:391:3:T flatbuffers::ReadScalar(const void*) [with T = long unsigned int]	16	static
/Users/mnadalorian/STM32CubeIDE/workspace_1.11.2/Exercise7/tensorflow_lite/third_party/flatbuffers/include/flatbuffers/base.h:391:3:T flatbuffers::ReadScalar(const void*) [with T = long int]	16	static
/Users/mnadalorian/STM32CubeIDE/workspace_1.11.2/Exercise7/tensorflow_lite/third_party/flatbuffers/include/flatbuffers/flatbuffers.h:1316:29:void flatbuffers::FlatBufferBuilder::AddOffset(flatbuffers::voffset_t, flatbuffers::Offset<T>) [with T = flatbuffers::Vector<unsigned char>]	24	static
/Users/mnadalorian/STM32CubeIDE/workspace_1.11.2/Exercise7/tensorflow_lite/third_party/flatbuffers/include/flatbuffers/flatbuffers.h:1316:29:void flatbuffers::FlatBufferBuilder::AddOffset(flatbuffers::voffset_t, flatbuffers::Offset<T>) [with T = flatbuffers::Vector<float>]	24	static
/Users/mnadalorian/STM32CubeIDE/workspace_1.11.2/Exercise7/tensorflow_lite/third_party/flatbuffers/include/flatbuffers/flatbuffers.h:1316:29:void flatbuffers::FlatBufferBuilder::AddOffset(flatbuffers::voffset_t, flatbuffers::Offset<T>) [with T = flatbuffers::Vector<long long int>]	24	static
/Users/mnadalorian/STM32CubeIDE/workspace_1.11.2/Exercise7/tensorflow_lite/third_party/flatbuffers/include/flatbuffers/flatbuffers.h:1304:29:void flatbuffers::FlatBufferBuilder::AddElement(flatbuffers::voffset_t, T, T) [with T = unsigned char]	24	static
/Users/mnadalorian/STM32CubeIDE/workspace_1.11.2/Exercise7/tensorflow_lite/third_party/flatbuffers/include/flatbuffers/flatbuffers.h:1316:29:void flatbuffers::FlatBufferBuilder::AddOffset(flatbuffers::voffset_t, flatbuffers::Offset<T>) [with T = void]	24	static
/Users/mnadalorian/STM32CubeIDE/workspace_1.11.2/Exercise7/tensorflow_lite/third_party/flatbuffers/include/flatbuffers/flatbuffers.h:1304:29:void flatbuffers::FlatBufferBuilder::AddElement(flatbuffers::voffset_t, T, T) [with T = long int]	32	static
/Users/mnadalorian/STM32CubeIDE/workspace_1.11.2/Exercise7/tensorflow_lite/third_party/flatbuffers/include/flatbuffers/flatbuffers.h:70:3:flatbuffers::Offset<T>::Offset(flatbuffers::uoffset_t) [with T = tflite::QuantizationParameters]	16	static
/Users/mnadalorian/STM32CubeIDE/workspace_1.11.2/Exercise7/tensorflow_lite/third_party/flatbuffers/include/flatbuffers/flatbuffers.h:70:3:flatbuffers::Offset<T>::Offset(flatbuffers::uoffset_t) [with T = flatbuffers::Vector<float>]	16	static
/Users/mnadalorian/STM32CubeIDE/workspace_1.11.2/Exercise7/tensorflow_lite/third_party/flatbuffers/include/flatbuffers/flatbuffers.h:70:3:flatbuffers::Offset<T>::Offset(flatbuffers::uoffset_t) [with T = flatbuffers::Vector<long long int>]	16	static
/Users/mnadalorian/STM32CubeIDE/workspace_1.11.2/Exercise7/tensorflow_lite/third_party/flatbuffers/include/flatbuffers/flatbuffers.h:1316:29:void flatbuffers::FlatBufferBuilder::AddOffset(flatbuffers::voffset_t, flatbuffers::Offset<T>) [with T = flatbuffers::Vector<long int>]	24	static
/Users/mnadalorian/STM32CubeIDE/workspace_1.11.2/Exercise7/tensorflow_lite/third_party/flatbuffers/include/flatbuffers/flatbuffers.h:70:3:flatbuffers::Offset<T>::Offset(flatbuffers::uoffset_t) [with T = flatbuffers::Vector<long int>]	16	static
/Users/mnadalorian/STM32CubeIDE/workspace_1.11.2/Exercise7/tensorflow_lite/third_party/flatbuffers/include/flatbuffers/flatbuffers.h:1304:29:void flatbuffers::FlatBufferBuilder::AddElement(flatbuffers::voffset_t, T, T) [with T = signed char]	24	static
/Users/mnadalorian/STM32CubeIDE/workspace_1.11.2/Exercise7/tensorflow_lite/third_party/flatbuffers/include/flatbuffers/flatbuffers.h:70:3:flatbuffers::Offset<T>::Offset(flatbuffers::uoffset_t) [with T = tflite::SparsityParameters]	16	static
/Users/mnadalorian/STM32CubeIDE/workspace_1.11.2/Exercise7/tensorflow_lite/third_party/flatbuffers/include/flatbuffers/flatbuffers.h:1304:29:void flatbuffers::FlatBufferBuilder::AddElement(flatbuffers::voffset_t, T, T) [with T = long unsigned int]	32	static
/Users/mnadalorian/STM32CubeIDE/workspace_1.11.2/Exercise7/tensorflow_lite/third_party/flatbuffers/include/flatbuffers/flatbuffers.h:1316:29:void flatbuffers::FlatBufferBuilder::AddOffset(flatbuffers::voffset_t, flatbuffers::Offset<T>) [with T = flatbuffers::String]	24	static
/Users/mnadalorian/STM32CubeIDE/workspace_1.11.2/Exercise7/tensorflow_lite/third_party/flatbuffers/include/flatbuffers/flatbuffers.h:1316:29:void flatbuffers::FlatBufferBuilder::AddOffset(flatbuffers::voffset_t, flatbuffers::Offset<T>) [with T = tflite::QuantizationParameters]	24	static
/Users/mnadalorian/STM32CubeIDE/workspace_1.11.2/Exercise7/tensorflow_lite/third_party/flatbuffers/include/flatbuffers/flatbuffers.h:1316:29:void flatbuffers::FlatBufferBuilder::AddOffset(flatbuffers::voffset_t, flatbuffers::Offset<T>) [with T = tflite::SparsityParameters]	24	static
/Users/mnadalorian/STM32CubeIDE/workspace_1.11.2/Exercise7/tensorflow_lite/third_party/flatbuffers/include/flatbuffers/flatbuffers.h:70:3:flatbuffers::Offset<T>::Offset(flatbuffers::uoffset_t) [with T = tflite::Tensor]	16	static
/Users/mnadalorian/STM32CubeIDE/workspace_1.11.2/Exercise7/tensorflow_lite/third_party/flatbuffers/include/flatbuffers/flatbuffers.h:70:3:flatbuffers::Offset<T>::Offset(flatbuffers::uoffset_t) [with T = tflite::IfOptions]	16	static
/Users/mnadalorian/STM32CubeIDE/workspace_1.11.2/Exercise7/tensorflow_lite/third_party/flatbuffers/include/flatbuffers/flatbuffers.h:70:3:flatbuffers::Offset<T>::Offset(flatbuffers::uoffset_t) [with T = tflite::CallOnceOptions]	16	static
/Users/mnadalorian/STM32CubeIDE/workspace_1.11.2/Exercise7/tensorflow_lite/third_party/flatbuffers/include/flatbuffers/flatbuffers.h:70:3:flatbuffers::Offset<T>::Offset(flatbuffers::uoffset_t) [with T = tflite::WhileOptions]	16	static
/Users/mnadalorian/STM32CubeIDE/workspace_1.11.2/Exercise7/tensorflow_lite/third_party/flatbuffers/include/flatbuffers/flatbuffers.h:70:3:flatbuffers::Offset<T>::Offset(flatbuffers::uoffset_t) [with T = tflite::OperatorCode]	16	static
/Users/mnadalorian/STM32CubeIDE/workspace_1.11.2/Exercise7/tensorflow_lite/third_party/flatbuffers/include/flatbuffers/flatbuffers.h:70:3:flatbuffers::Offset<T>::Offset(flatbuffers::uoffset_t) [with T = tflite::Operator]	16	static
/Users/mnadalorian/STM32CubeIDE/workspace_1.11.2/Exercise7/tensorflow_lite/third_party/flatbuffers/include/flatbuffers/flatbuffers.h:2463:26:P flatbuffers::Table::GetPointer(flatbuffers::voffset_t) const [with P = const flatbuffers::Vector<flatbuffers::Offset<tflite::Tensor> >*]	16	static
/Users/mnadalorian/STM32CubeIDE/workspace_1.11.2/Exercise7/tensorflow_lite/third_party/flatbuffers/include/flatbuffers/flatbuffers.h:1316:29:void flatbuffers::FlatBufferBuilder::AddOffset(flatbuffers::voffset_t, flatbuffers::Offset<T>) [with T = flatbuffers::Vector<flatbuffers::Offset<tflite::Tensor> >]	24	static
/Users/mnadalorian/STM32CubeIDE/workspace_1.11.2/Exercise7/tensorflow_lite/third_party/flatbuffers/include/flatbuffers/flatbuffers.h:1316:29:void flatbuffers::FlatBufferBuilder::AddOffset(flatbuffers::voffset_t, flatbuffers::Offset<T>) [with T = flatbuffers::Vector<flatbuffers::Offset<tflite::Operator> >]	24	static
/Users/mnadalorian/STM32CubeIDE/workspace_1.11.2/Exercise7/tensorflow_lite/third_party/flatbuffers/include/flatbuffers/flatbuffers.h:70:3:flatbuffers::Offset<T>::Offset(flatbuffers::uoffset_t) [with T = tflite::SubGraph]	16	static
/Users/mnadalorian/STM32CubeIDE/workspace_1.11.2/Exercise7/tensorflow_lite/third_party/flatbuffers/include/flatbuffers/flatbuffers.h:70:3:flatbuffers::Offset<T>::Offset(flatbuffers::uoffset_t) [with T = flatbuffers::Vector<flatbuffers::Offset<tflite::Tensor> >]	16	static
/Users/mnadalorian/STM32CubeIDE/workspace_1.11.2/Exercise7/tensorflow_lite/third_party/flatbuffers/include/flatbuffers/flatbuffers.h:70:3:flatbuffers::Offset<T>::Offset(flatbuffers::uoffset_t) [with T = flatbuffers::Vector<flatbuffers::Offset<tflite::Operator> >]	16	static
/Users/mnadalorian/STM32CubeIDE/workspace_1.11.2/Exercise7/tensorflow_lite/third_party/flatbuffers/include/flatbuffers/flatbuffers.h:70:3:flatbuffers::Offset<T>::Offset(flatbuffers::uoffset_t) [with T = tflite::Buffer]	16	static
/Users/mnadalorian/STM32CubeIDE/workspace_1.11.2/Exercise7/tensorflow_lite/third_party/flatbuffers/include/flatbuffers/flatbuffers.h:70:3:flatbuffers::Offset<T>::Offset(flatbuffers::uoffset_t) [with T = tflite::Metadata]	16	static
/Users/mnadalorian/STM32CubeIDE/workspace_1.11.2/Exercise7/tensorflow_lite/third_party/flatbuffers/include/flatbuffers/flatbuffers.h:2463:26:P flatbuffers::Table::GetPointer(flatbuffers::voffset_t) const [with P = const flatbuffers::Vector<flatbuffers::Offset<tflite::SubGraph> >*]	16	static
/Users/mnadalorian/STM32CubeIDE/workspace_1.11.2/Exercise7/tensorflow_lite/third_party/flatbuffers/include/flatbuffers/flatbuffers.h:1316:29:void flatbuffers::FlatBufferBuilder::AddOffset(flatbuffers::voffset_t, flatbuffers::Offset<T>) [with T = flatbuffers::Vector<flatbuffers::Offset<tflite::OperatorCode> >]	24	static
/Users/mnadalorian/STM32CubeIDE/workspace_1.11.2/Exercise7/tensorflow_lite/third_party/flatbuffers/include/flatbuffers/flatbuffers.h:1316:29:void flatbuffers::FlatBufferBuilder::AddOffset(flatbuffers::voffset_t, flatbuffers::Offset<T>) [with T = flatbuffers::Vector<flatbuffers::Offset<tflite::SubGraph> >]	24	static
/Users/mnadalorian/STM32CubeIDE/workspace_1.11.2/Exercise7/tensorflow_lite/third_party/flatbuffers/include/flatbuffers/flatbuffers.h:1316:29:void flatbuffers::FlatBufferBuilder::AddOffset(flatbuffers::voffset_t, flatbuffers::Offset<T>) [with T = flatbuffers::Vector<flatbuffers::Offset<tflite::Buffer> >]	24	static
/Users/mnadalorian/STM32CubeIDE/workspace_1.11.2/Exercise7/tensorflow_lite/third_party/flatbuffers/include/flatbuffers/flatbuffers.h:1316:29:void flatbuffers::FlatBufferBuilder::AddOffset(flatbuffers::voffset_t, flatbuffers::Offset<T>) [with T = flatbuffers::Vector<flatbuffers::Offset<tflite::Metadata> >]	24	static
/Users/mnadalorian/STM32CubeIDE/workspace_1.11.2/Exercise7/tensorflow_lite/third_party/flatbuffers/include/flatbuffers/flatbuffers.h:1316:29:void flatbuffers::FlatBufferBuilder::AddOffset(flatbuffers::voffset_t, flatbuffers::Offset<T>) [with T = flatbuffers::Vector<flatbuffers::Offset<tflite::SignatureDef> >]	24	static
/Users/mnadalorian/STM32CubeIDE/workspace_1.11.2/Exercise7/tensorflow_lite/third_party/flatbuffers/include/flatbuffers/flatbuffers.h:70:3:flatbuffers::Offset<T>::Offset(flatbuffers::uoffset_t) [with T = tflite::Model]	16	static
/Users/mnadalorian/STM32CubeIDE/workspace_1.11.2/Exercise7/tensorflow_lite/third_party/flatbuffers/include/flatbuffers/flatbuffers.h:70:3:flatbuffers::Offset<T>::Offset(flatbuffers::uoffset_t) [with T = flatbuffers::Vector<flatbuffers::Offset<tflite::OperatorCode> >]	16	static
/Users/mnadalorian/STM32CubeIDE/workspace_1.11.2/Exercise7/tensorflow_lite/third_party/flatbuffers/include/flatbuffers/flatbuffers.h:70:3:flatbuffers::Offset<T>::Offset(flatbuffers::uoffset_t) [with T = flatbuffers::Vector<flatbuffers::Offset<tflite::SubGraph> >]	16	static
/Users/mnadalorian/STM32CubeIDE/workspace_1.11.2/Exercise7/tensorflow_lite/third_party/flatbuffers/include/flatbuffers/flatbuffers.h:70:3:flatbuffers::Offset<T>::Offset(flatbuffers::uoffset_t) [with T = flatbuffers::Vector<flatbuffers::Offset<tflite::Buffer> >]	16	static
/Users/mnadalorian/STM32CubeIDE/workspace_1.11.2/Exercise7/tensorflow_lite/third_party/flatbuffers/include/flatbuffers/flatbuffers.h:70:3:flatbuffers::Offset<T>::Offset(flatbuffers::uoffset_t) [with T = flatbuffers::Vector<flatbuffers::Offset<tflite::Metadata> >]	16	static
/Users/mnadalorian/STM32CubeIDE/workspace_1.11.2/Exercise7/tensorflow_lite/third_party/flatbuffers/include/flatbuffers/flatbuffers.h:70:3:flatbuffers::Offset<T>::Offset(flatbuffers::uoffset_t) [with T = flatbuffers::Vector<flatbuffers::Offset<tflite::SignatureDef> >]	16	static
/Users/mnadalorian/STM32CubeIDE/workspace_1.11.2/Exercise7/tensorflow_lite/third_party/flatbuffers/include/flatbuffers/flatbuffers.h:252:13:flatbuffers::uoffset_t flatbuffers::Vector<T>::size() const [with T = flatbuffers::Offset<tflite::Tensor>]	16	static
/Users/mnadalorian/STM32CubeIDE/workspace_1.11.2/Exercise7/tensorflow_lite/third_party/flatbuffers/include/flatbuffers/flatbuffers.h:252:13:flatbuffers::uoffset_t flatbuffers::Vector<T>::size() const [with T = flatbuffers::Offset<tflite::SubGraph>]	16	static
/Users/mnadalorian/STM32CubeIDE/workspace_1.11.2/Exercise7/tensorflow_lite/third_party/flatbuffers/include/flatbuffers/flatbuffers.h:261:15:flatbuffers::Vector<T>::return_type flatbuffers::Vector<T>::Get(flatbuffers::uoffset_t) const [with T = flatbuffers::Offset<tflite::SubGraph>]	16	static
/Users/mnadalorian/STM32CubeIDE/workspace_1.11.2/Exercise7/tensorflow_lite/third_party/flatbuffers/include/flatbuffers/flatbuffers.h:70:3:flatbuffers::Offset<T>::Offset(flatbuffers::uoffset_t) [with T = void]	16	static
/Users/mnadalorian/STM32CubeIDE/workspace_1.11.2/Exercise7/tensorflow_lite/third_party/flatbuffers/include/flatbuffers/flatbuffers.h:71:16:flatbuffers::Offset<void> flatbuffers::Offset<T>::Union() const [with T = tflite::IfOptions]	24	static
/Users/mnadalorian/STM32CubeIDE/workspace_1.11.2/Exercise7/tensorflow_lite/third_party/flatbuffers/include/flatbuffers/flatbuffers.h:71:16:flatbuffers::Offset<void> flatbuffers::Offset<T>::Union() const [with T = tflite::WhileOptions]	24	static
/Users/mnadalorian/STM32CubeIDE/workspace_1.11.2/Exercise7/tensorflow_lite/third_party/flatbuffers/include/flatbuffers/flatbuffers.h:71:16:flatbuffers::Offset<void> flatbuffers::Offset<T>::Union() const [with T = tflite::CallOnceOptions]	24	static
/Users/mnadalorian/STM32CubeIDE/workspace_1.11.2/Exercise7/tensorflow_lite/third_party/flatbuffers/include/flatbuffers/flatbuffers.h:2104:31:const T* flatbuffers::GetRoot(const void*) [with T = tflite::Model]	16	static
/Users/mnadalorian/STM32CubeIDE/workspace_1.11.2/Exercise7/tensorflow_lite/third_party/flatbuffers/include/flatbuffers/flatbuffers.h:1994:8:void flatbuffers::FlatBufferBuilder::Finish(flatbuffers::Offset<T>, const char*) [with T = tflite::Model]	24	static
/Applications/STM32CubeIDE.app/Contents/Eclipse/plugins/com.st.stm32cube.ide.mcu.externaltools.gnu-tools-for-stm32.10.3-2021.10.macos64_1.0.100.202210260954/tools/arm-none-eabi/include/c++/10.3.1/initializer_list:66:17:constexpr std::initializer_list<_E>::initializer_list() [with _E = long int]	16	static
/Users/mnadalorian/STM32CubeIDE/workspace_1.11.2/Exercise7/tensorflow_lite/third_party/flatbuffers/include/flatbuffers/flatbuffers.h:69:3:flatbuffers::Offset<T>::Offset() [with T = tflite::OperatorCode]	16	static
/Users/mnadalorian/STM32CubeIDE/workspace_1.11.2/Exercise7/tensorflow_lite/third_party/flatbuffers/include/flatbuffers/flatbuffers.h:69:3:flatbuffers::Offset<T>::Offset() [with T = tflite::Operator]	16	static
/Users/mnadalorian/STM32CubeIDE/workspace_1.11.2/Exercise7/tensorflow_lite/third_party/flatbuffers/include/flatbuffers/flatbuffers.h:69:3:flatbuffers::Offset<T>::Offset() [with T = tflite::Tensor]	16	static
/Users/mnadalorian/STM32CubeIDE/workspace_1.11.2/Exercise7/tensorflow_lite/third_party/flatbuffers/include/flatbuffers/flatbuffers.h:69:3:flatbuffers::Offset<T>::Offset() [with T = tflite::Metadata]	16	static
/Users/mnadalorian/STM32CubeIDE/workspace_1.11.2/Exercise7/tensorflow_lite/third_party/flatbuffers/include/flatbuffers/flatbuffers.h:69:3:flatbuffers::Offset<T>::Offset() [with T = tflite::Buffer]	16	static
/Applications/STM32CubeIDE.app/Contents/Eclipse/plugins/com.st.stm32cube.ide.mcu.externaltools.gnu-tools-for-stm32.10.3-2021.10.macos64_1.0.100.202210260954/tools/arm-none-eabi/include/c++/10.3.1/initializer_list:75:7:constexpr const _E* std::initializer_list<_E>::begin() const [with _E = long int]	16	static
/Applications/STM32CubeIDE.app/Contents/Eclipse/plugins/com.st.stm32cube.ide.mcu.externaltools.gnu-tools-for-stm32.10.3-2021.10.macos64_1.0.100.202210260954/tools/arm-none-eabi/include/c++/10.3.1/initializer_list:71:7:constexpr std::initializer_list<_E>::size_type std::initializer_list<_E>::size() const [with _E = long int]	16	static
/Users/mnadalorian/STM32CubeIDE/workspace_1.11.2/Exercise7/tensorflow_lite/third_party/flatbuffers/include/flatbuffers/flatbuffers.h:1615:42:flatbuffers::Offset<flatbuffers::Vector<T> > flatbuffers::FlatBufferBuilder::CreateVector(const T*, size_t) [with T = long int]	32	static
/Users/mnadalorian/STM32CubeIDE/workspace_1.11.2/Exercise7/tensorflow_lite/third_party/flatbuffers/include/flatbuffers/flatbuffers.h:1615:42:flatbuffers::Offset<flatbuffers::Vector<T> > flatbuffers::FlatBufferBuilder::CreateVector(const T*, size_t) [with T = unsigned char]	32	static
/Users/mnadalorian/STM32CubeIDE/workspace_1.11.2/Exercise7/tensorflow_lite/third_party/flatbuffers/include/flatbuffers/flatbuffers.h:1640:29:flatbuffers::Offset<flatbuffers::Vector<flatbuffers::Offset<T> > > flatbuffers::FlatBufferBuilder::CreateVector(const flatbuffers::Offset<T>*, size_t) [with T = tflite::Tensor]	32	static
/Users/mnadalorian/STM32CubeIDE/workspace_1.11.2/Exercise7/tensorflow_lite/third_party/flatbuffers/include/flatbuffers/flatbuffers.h:1640:29:flatbuffers::Offset<flatbuffers::Vector<flatbuffers::Offset<T> > > flatbuffers::FlatBufferBuilder::CreateVector(const flatbuffers::Offset<T>*, size_t) [with T = tflite::Operator]	32	static
/Users/mnadalorian/STM32CubeIDE/workspace_1.11.2/Exercise7/tensorflow_lite/third_party/flatbuffers/include/flatbuffers/flatbuffers.h:69:3:flatbuffers::Offset<T>::Offset() [with T = tflite::Model]	16	static
/Users/mnadalorian/STM32CubeIDE/workspace_1.11.2/Exercise7/tensorflow_lite/third_party/flatbuffers/include/flatbuffers/flatbuffers.h:1640:29:flatbuffers::Offset<flatbuffers::Vector<flatbuffers::Offset<T> > > flatbuffers::FlatBufferBuilder::CreateVector(const flatbuffers::Offset<T>*, size_t) [with T = tflite::OperatorCode]	32	static
/Users/mnadalorian/STM32CubeIDE/workspace_1.11.2/Exercise7/tensorflow_lite/third_party/flatbuffers/include/flatbuffers/flatbuffers.h:1640:29:flatbuffers::Offset<flatbuffers::Vector<flatbuffers::Offset<T> > > flatbuffers::FlatBufferBuilder::CreateVector(const flatbuffers::Offset<T>*, size_t) [with T = tflite::SubGraph]	32	static
/Users/mnadalorian/STM32CubeIDE/workspace_1.11.2/Exercise7/tensorflow_lite/third_party/flatbuffers/include/flatbuffers/flatbuffers.h:1640:29:flatbuffers::Offset<flatbuffers::Vector<flatbuffers::Offset<T> > > flatbuffers::FlatBufferBuilder::CreateVector(const flatbuffers::Offset<T>*, size_t) [with T = tflite::Buffer]	32	static
/Users/mnadalorian/STM32CubeIDE/workspace_1.11.2/Exercise7/tensorflow_lite/third_party/flatbuffers/include/flatbuffers/flatbuffers.h:1640:29:flatbuffers::Offset<flatbuffers::Vector<flatbuffers::Offset<T> > > flatbuffers::FlatBufferBuilder::CreateVector(const flatbuffers::Offset<T>*, size_t) [with T = tflite::Metadata]	32	static
/Users/mnadalorian/STM32CubeIDE/workspace_1.11.2/Exercise7/tensorflow_lite/third_party/flatbuffers/include/flatbuffers/flatbuffers.h:69:3:flatbuffers::Offset<T>::Offset() [with T = flatbuffers::Vector<long int>]	16	static
/Applications/STM32CubeIDE.app/Contents/Eclipse/plugins/com.st.stm32cube.ide.mcu.externaltools.gnu-tools-for-stm32.10.3-2021.10.macos64_1.0.100.202210260954/tools/arm-none-eabi/include/c++/10.3.1/bits/move.h:101:5:constexpr typename std::remove_reference<_Tp>::type&& std::move(_Tp&&) [with _Tp = unsigned char&]	16	static
/Applications/STM32CubeIDE.app/Contents/Eclipse/plugins/com.st.stm32cube.ide.mcu.externaltools.gnu-tools-for-stm32.10.3-2021.10.macos64_1.0.100.202210260954/tools/arm-none-eabi/include/c++/10.3.1/bits/move.h:189:5:std::_Require<std::__not_<std::__is_tuple_like<_Tp> >, std::is_move_constructible<_Tp>, std::is_move_assignable<_Tp> > std::swap(_Tp&, _Tp&) [with _Tp = unsigned char]	24	static
/Users/mnadalorian/STM32CubeIDE/workspace_1.11.2/Exercise7/tensorflow_lite/tensorflow/lite/micro/micro_mutable_op_resolver.h:87:16:TfLiteStatus tflite::MicroMutableOpResolver<tOpCount>::AddCustom(const char*, TfLiteRegistration*) [with unsigned int tOpCount = 128]	40	static
/Users/mnadalorian/STM32CubeIDE/workspace_1.11.2/Exercise7/tensorflow_lite/third_party/flatbuffers/include/flatbuffers/flatbuffers.h:1994:8:void flatbuffers::FlatBufferBuilder::Finish(flatbuffers::Offset<T>, const char*) [with T = tflite::Tensor]	24	static
/Users/mnadalorian/STM32CubeIDE/workspace_1.11.2/Exercise7/tensorflow_lite/third_party/flatbuffers/include/flatbuffers/flatbuffers.h:2104:31:const T* flatbuffers::GetRoot(const void*) [with T = tflite::Tensor]	16	static
/Users/mnadalorian/STM32CubeIDE/workspace_1.11.2/Exercise7/tensorflow_lite/third_party/flatbuffers/include/flatbuffers/flatbuffers.h:1615:42:flatbuffers::Offset<flatbuffers::Vector<T> > flatbuffers::FlatBufferBuilder::CreateVector(const T*, size_t) [with T = float]	32	static
/Users/mnadalorian/STM32CubeIDE/workspace_1.11.2/Exercise7/tensorflow_lite/third_party/flatbuffers/include/flatbuffers/flatbuffers.h:1615:42:flatbuffers::Offset<flatbuffers::Vector<T> > flatbuffers::FlatBufferBuilder::CreateVector(const T*, size_t) [with T = long long int]	32	static
/Users/mnadalorian/STM32CubeIDE/workspace_1.11.2/Exercise7/tensorflow_lite/third_party/flatbuffers/include/flatbuffers/flatbuffers.h:1994:8:void flatbuffers::FlatBufferBuilder::Finish(flatbuffers::Offset<T>, const char*) [with T = flatbuffers::Vector<flatbuffers::Offset<tflite::Buffer> >]	24	static
/Users/mnadalorian/STM32CubeIDE/workspace_1.11.2/Exercise7/tensorflow_lite/third_party/flatbuffers/include/flatbuffers/flatbuffers.h:2104:31:const T* flatbuffers::GetRoot(const void*) [with T = flatbuffers::Vector<flatbuffers::Offset<tflite::Buffer> >]	16	static
/Users/mnadalorian/STM32CubeIDE/workspace_1.11.2/Exercise7/tensorflow_lite/tensorflow/lite/micro/micro_utils.h:83:6:void tflite::SymmetricQuantize(const float*, T*, int, float) [with T = short int]	40	static
/Users/mnadalorian/STM32CubeIDE/workspace_1.11.2/Exercise7/tensorflow_lite/tensorflow/lite/micro/test_helpers.h:222:14:TfLiteTensor tflite::testing::CreateQuantizedTensor(const T*, TfLiteIntArray*, float, int, bool) [with T = short int]	32	static
/Users/mnadalorian/STM32CubeIDE/workspace_1.11.2/Exercise7/tensorflow_lite/tensorflow/lite/micro/micro_utils.h:83:6:void tflite::SymmetricQuantize(const float*, T*, int, float) [with T = long int]	40	static
/Users/mnadalorian/STM32CubeIDE/workspace_1.11.2/Exercise7/tensorflow_lite/tensorflow/lite/micro/test_helpers.h:222:14:TfLiteTensor tflite::testing::CreateQuantizedTensor(const T*, TfLiteIntArray*, float, int, bool) [with T = long int]	32	static
/Users/mnadalorian/STM32CubeIDE/workspace_1.11.2/Exercise7/tensorflow_lite/tensorflow/lite/micro/micro_utils.h:83:6:void tflite::SymmetricQuantize(const float*, T*, int, float) [with T = long long int]	40	static
/Users/mnadalorian/STM32CubeIDE/workspace_1.11.2/Exercise7/tensorflow_lite/tensorflow/lite/micro/test_helpers.h:222:14:TfLiteTensor tflite::testing::CreateQuantizedTensor(const T*, TfLiteIntArray*, float, int, bool) [with T = long long int]	32	static
../tensorflow_lite/tensorflow/lite/micro/test_helpers.cc:1833:14:TfLiteTensor tflite::testing::CreatePerChannelQuantizedBiasTensor(const float*, T*, TfLiteIntArray*, float, float*, float*, int*, TfLiteAffineQuantization*, int, bool) [with T = long int]	56	static
../tensorflow_lite/tensorflow/lite/micro/test_helpers.cc:1833:14:TfLiteTensor tflite::testing::CreatePerChannelQuantizedBiasTensor(const float*, T*, TfLiteIntArray*, float, float*, float*, int*, TfLiteAffineQuantization*, int, bool) [with T = long long int]	56	static
/Users/mnadalorian/STM32CubeIDE/workspace_1.11.2/Exercise7/tensorflow_lite/tensorflow/lite/micro/test_helpers.h:202:14:TfLiteTensor tflite::testing::CreateTensor(const T*, TfLiteIntArray*, bool) [with T = signed char]	24	static
/Users/mnadalorian/STM32CubeIDE/workspace_1.11.2/Exercise7/tensorflow_lite/third_party/flatbuffers/include/flatbuffers/flatbuffers.h:266:15:flatbuffers::Vector<T>::return_type flatbuffers::Vector<T>::operator[](flatbuffers::uoffset_t) const [with T = flatbuffers::Offset<tflite::SubGraph>]	16	static
/Users/mnadalorian/STM32CubeIDE/workspace_1.11.2/Exercise7/tensorflow_lite/third_party/flatbuffers/include/flatbuffers/flatbuffers.h:1275:29:void flatbuffers::FlatBufferBuilder::AssertScalarT() [with T = long int]	16	static
/Users/mnadalorian/STM32CubeIDE/workspace_1.11.2/Exercise7/tensorflow_lite/third_party/flatbuffers/include/flatbuffers/base.h:380:24:T flatbuffers::EndianScalar(T) [with T = long int]	16	static
/Users/mnadalorian/STM32CubeIDE/workspace_1.11.2/Exercise7/tensorflow_lite/third_party/flatbuffers/include/flatbuffers/flatbuffers.h:967:29:void flatbuffers::vector_downward::push_small(const T&) [with T = long int]	16	static
/Users/mnadalorian/STM32CubeIDE/workspace_1.11.2/Exercise7/tensorflow_lite/third_party/flatbuffers/include/flatbuffers/base.h:380:24:T flatbuffers::EndianScalar(T) [with T = short unsigned int]	16	static
/Users/mnadalorian/STM32CubeIDE/workspace_1.11.2/Exercise7/tensorflow_lite/third_party/flatbuffers/include/flatbuffers/flatbuffers.h:1275:29:void flatbuffers::FlatBufferBuilder::AssertScalarT() [with T = long unsigned int]	16	static
/Users/mnadalorian/STM32CubeIDE/workspace_1.11.2/Exercise7/tensorflow_lite/third_party/flatbuffers/include/flatbuffers/flatbuffers.h:967:29:void flatbuffers::vector_downward::push_small(const T&) [with T = long unsigned int]	16	static
/Users/mnadalorian/STM32CubeIDE/workspace_1.11.2/Exercise7/tensorflow_lite/third_party/flatbuffers/include/flatbuffers/flatbuffers.h:1275:29:void flatbuffers::FlatBufferBuilder::AssertScalarT() [with T = unsigned char]	16	static
/Users/mnadalorian/STM32CubeIDE/workspace_1.11.2/Exercise7/tensorflow_lite/third_party/flatbuffers/include/flatbuffers/base.h:380:24:T flatbuffers::EndianScalar(T) [with T = unsigned char]	16	static
/Users/mnadalorian/STM32CubeIDE/workspace_1.11.2/Exercise7/tensorflow_lite/third_party/flatbuffers/include/flatbuffers/flatbuffers.h:967:29:void flatbuffers::vector_downward::push_small(const T&) [with T = unsigned char]	16	static
/Users/mnadalorian/STM32CubeIDE/workspace_1.11.2/Exercise7/tensorflow_lite/third_party/flatbuffers/include/flatbuffers/flatbuffers.h:72:8:bool flatbuffers::Offset<T>::IsNull() const [with T = flatbuffers::Vector<unsigned char>]	16	static
/Users/mnadalorian/STM32CubeIDE/workspace_1.11.2/Exercise7/tensorflow_lite/third_party/flatbuffers/include/flatbuffers/flatbuffers.h:72:8:bool flatbuffers::Offset<T>::IsNull() const [with T = flatbuffers::Vector<float>]	16	static
/Users/mnadalorian/STM32CubeIDE/workspace_1.11.2/Exercise7/tensorflow_lite/third_party/flatbuffers/include/flatbuffers/flatbuffers.h:72:8:bool flatbuffers::Offset<T>::IsNull() const [with T = flatbuffers::Vector<long long int>]	16	static
/Users/mnadalorian/STM32CubeIDE/workspace_1.11.2/Exercise7/tensorflow_lite/third_party/flatbuffers/include/flatbuffers/flatbuffers.h:35:34:bool flatbuffers::IsTheSameAs(T, T) [with T = unsigned char]	16	static
/Users/mnadalorian/STM32CubeIDE/workspace_1.11.2/Exercise7/tensorflow_lite/third_party/flatbuffers/include/flatbuffers/flatbuffers.h:72:8:bool flatbuffers::Offset<T>::IsNull() const [with T = void]	16	static
/Users/mnadalorian/STM32CubeIDE/workspace_1.11.2/Exercise7/tensorflow_lite/third_party/flatbuffers/include/flatbuffers/flatbuffers.h:35:34:bool flatbuffers::IsTheSameAs(T, T) [with T = long int]	16	static
/Users/mnadalorian/STM32CubeIDE/workspace_1.11.2/Exercise7/tensorflow_lite/third_party/flatbuffers/include/flatbuffers/flatbuffers.h:72:8:bool flatbuffers::Offset<T>::IsNull() const [with T = flatbuffers::Vector<long int>]	16	static
/Users/mnadalorian/STM32CubeIDE/workspace_1.11.2/Exercise7/tensorflow_lite/third_party/flatbuffers/include/flatbuffers/flatbuffers.h:35:34:bool flatbuffers::IsTheSameAs(T, T) [with T = signed char]	16	static
/Users/mnadalorian/STM32CubeIDE/workspace_1.11.2/Exercise7/tensorflow_lite/third_party/flatbuffers/include/flatbuffers/flatbuffers.h:1281:34:flatbuffers::uoffset_t flatbuffers::FlatBufferBuilder::PushElement(T) [with T = signed char]	24	static
/Users/mnadalorian/STM32CubeIDE/workspace_1.11.2/Exercise7/tensorflow_lite/third_party/flatbuffers/include/flatbuffers/flatbuffers.h:35:34:bool flatbuffers::IsTheSameAs(T, T) [with T = long unsigned int]	16	static
/Users/mnadalorian/STM32CubeIDE/workspace_1.11.2/Exercise7/tensorflow_lite/third_party/flatbuffers/include/flatbuffers/flatbuffers.h:72:8:bool flatbuffers::Offset<T>::IsNull() const [with T = flatbuffers::String]	16	static
/Users/mnadalorian/STM32CubeIDE/workspace_1.11.2/Exercise7/tensorflow_lite/third_party/flatbuffers/include/flatbuffers/flatbuffers.h:72:8:bool flatbuffers::Offset<T>::IsNull() const [with T = tflite::QuantizationParameters]	16	static
/Users/mnadalorian/STM32CubeIDE/workspace_1.11.2/Exercise7/tensorflow_lite/third_party/flatbuffers/include/flatbuffers/flatbuffers.h:72:8:bool flatbuffers::Offset<T>::IsNull() const [with T = tflite::SparsityParameters]	16	static
/Users/mnadalorian/STM32CubeIDE/workspace_1.11.2/Exercise7/tensorflow_lite/third_party/flatbuffers/include/flatbuffers/flatbuffers.h:2457:26:P flatbuffers::Table::GetPointer(flatbuffers::voffset_t) [with P = const flatbuffers::Vector<flatbuffers::Offset<tflite::Tensor> >*]	24	static
/Users/mnadalorian/STM32CubeIDE/workspace_1.11.2/Exercise7/tensorflow_lite/third_party/flatbuffers/include/flatbuffers/flatbuffers.h:72:8:bool flatbuffers::Offset<T>::IsNull() const [with T = flatbuffers::Vector<flatbuffers::Offset<tflite::Tensor> >]	16	static
/Users/mnadalorian/STM32CubeIDE/workspace_1.11.2/Exercise7/tensorflow_lite/third_party/flatbuffers/include/flatbuffers/flatbuffers.h:72:8:bool flatbuffers::Offset<T>::IsNull() const [with T = flatbuffers::Vector<flatbuffers::Offset<tflite::Operator> >]	16	static
/Users/mnadalorian/STM32CubeIDE/workspace_1.11.2/Exercise7/tensorflow_lite/third_party/flatbuffers/include/flatbuffers/flatbuffers.h:2457:26:P flatbuffers::Table::GetPointer(flatbuffers::voffset_t) [with P = const flatbuffers::Vector<flatbuffers::Offset<tflite::SubGraph> >*]	24	static
/Users/mnadalorian/STM32CubeIDE/workspace_1.11.2/Exercise7/tensorflow_lite/third_party/flatbuffers/include/flatbuffers/flatbuffers.h:72:8:bool flatbuffers::Offset<T>::IsNull() const [with T = flatbuffers::Vector<flatbuffers::Offset<tflite::OperatorCode> >]	16	static
/Users/mnadalorian/STM32CubeIDE/workspace_1.11.2/Exercise7/tensorflow_lite/third_party/flatbuffers/include/flatbuffers/flatbuffers.h:72:8:bool flatbuffers::Offset<T>::IsNull() const [with T = flatbuffers::Vector<flatbuffers::Offset<tflite::SubGraph> >]	16	static
/Users/mnadalorian/STM32CubeIDE/workspace_1.11.2/Exercise7/tensorflow_lite/third_party/flatbuffers/include/flatbuffers/flatbuffers.h:72:8:bool flatbuffers::Offset<T>::IsNull() const [with T = flatbuffers::Vector<flatbuffers::Offset<tflite::Buffer> >]	16	static
/Users/mnadalorian/STM32CubeIDE/workspace_1.11.2/Exercise7/tensorflow_lite/third_party/flatbuffers/include/flatbuffers/flatbuffers.h:72:8:bool flatbuffers::Offset<T>::IsNull() const [with T = flatbuffers::Vector<flatbuffers::Offset<tflite::Metadata> >]	16	static
/Users/mnadalorian/STM32CubeIDE/workspace_1.11.2/Exercise7/tensorflow_lite/third_party/flatbuffers/include/flatbuffers/flatbuffers.h:72:8:bool flatbuffers::Offset<T>::IsNull() const [with T = flatbuffers::Vector<flatbuffers::Offset<tflite::SignatureDef> >]	16	static
/Users/mnadalorian/STM32CubeIDE/workspace_1.11.2/Exercise7/tensorflow_lite/third_party/flatbuffers/include/flatbuffers/flatbuffers.h:117:22:static const T* flatbuffers::IndirectHelper<flatbuffers::Offset<T> >::Read(const uint8_t*, flatbuffers::uoffset_t) [with T = tflite::SubGraph]	16	static
/Users/mnadalorian/STM32CubeIDE/workspace_1.11.2/Exercise7/tensorflow_lite/third_party/flatbuffers/include/flatbuffers/flatbuffers.h:339:18:const uint8_t* flatbuffers::Vector<T>::Data() const [with T = flatbuffers::Offset<tflite::SubGraph>]	16	static
/Users/mnadalorian/STM32CubeIDE/workspace_1.11.2/Exercise7/tensorflow_lite/third_party/flatbuffers/include/flatbuffers/flatbuffers.h:2097:25:T* flatbuffers::GetMutableRoot(void*) [with T = tflite::Model]	16	static
/Users/mnadalorian/STM32CubeIDE/workspace_1.11.2/Exercise7/tensorflow_lite/third_party/flatbuffers/include/flatbuffers/flatbuffers.h:1289:34:flatbuffers::uoffset_t flatbuffers::FlatBufferBuilder::PushElement(flatbuffers::Offset<T>) [with T = tflite::Tensor]	16	static
/Users/mnadalorian/STM32CubeIDE/workspace_1.11.2/Exercise7/tensorflow_lite/third_party/flatbuffers/include/flatbuffers/flatbuffers.h:1289:34:flatbuffers::uoffset_t flatbuffers::FlatBufferBuilder::PushElement(flatbuffers::Offset<T>) [with T = tflite::Operator]	16	static
/Users/mnadalorian/STM32CubeIDE/workspace_1.11.2/Exercise7/tensorflow_lite/third_party/flatbuffers/include/flatbuffers/flatbuffers.h:1289:34:flatbuffers::uoffset_t flatbuffers::FlatBufferBuilder::PushElement(flatbuffers::Offset<T>) [with T = tflite::OperatorCode]	16	static
/Users/mnadalorian/STM32CubeIDE/workspace_1.11.2/Exercise7/tensorflow_lite/third_party/flatbuffers/include/flatbuffers/flatbuffers.h:1289:34:flatbuffers::uoffset_t flatbuffers::FlatBufferBuilder::PushElement(flatbuffers::Offset<T>) [with T = tflite::SubGraph]	16	static
/Users/mnadalorian/STM32CubeIDE/workspace_1.11.2/Exercise7/tensorflow_lite/third_party/flatbuffers/include/flatbuffers/flatbuffers.h:1289:34:flatbuffers::uoffset_t flatbuffers::FlatBufferBuilder::PushElement(flatbuffers::Offset<T>) [with T = tflite::Buffer]	16	static
/Users/mnadalorian/STM32CubeIDE/workspace_1.11.2/Exercise7/tensorflow_lite/third_party/flatbuffers/include/flatbuffers/flatbuffers.h:1289:34:flatbuffers::uoffset_t flatbuffers::FlatBufferBuilder::PushElement(flatbuffers::Offset<T>) [with T = tflite::Metadata]	16	static
/Users/mnadalorian/STM32CubeIDE/workspace_1.11.2/Exercise7/tensorflow_lite/third_party/flatbuffers/include/flatbuffers/flatbuffers.h:2097:25:T* flatbuffers::GetMutableRoot(void*) [with T = tflite::Tensor]	16	static
/Users/mnadalorian/STM32CubeIDE/workspace_1.11.2/Exercise7/tensorflow_lite/third_party/flatbuffers/include/flatbuffers/flatbuffers.h:1275:29:void flatbuffers::FlatBufferBuilder::AssertScalarT() [with T = float]	16	static
/Users/mnadalorian/STM32CubeIDE/workspace_1.11.2/Exercise7/tensorflow_lite/third_party/flatbuffers/include/flatbuffers/flatbuffers.h:1275:29:void flatbuffers::FlatBufferBuilder::AssertScalarT() [with T = long long int]	16	static
/Users/mnadalorian/STM32CubeIDE/workspace_1.11.2/Exercise7/tensorflow_lite/third_party/flatbuffers/include/flatbuffers/flatbuffers.h:2097:25:T* flatbuffers::GetMutableRoot(void*) [with T = flatbuffers::Vector<flatbuffers::Offset<tflite::Buffer> >]	16	static
/Users/mnadalorian/STM32CubeIDE/workspace_1.11.2/Exercise7/tensorflow_lite/tensorflow/lite/micro/micro_utils.h:52:3:T tflite::FloatToSymmetricQuantizedType(float, float) [with T = short int]	56	static
/Users/mnadalorian/STM32CubeIDE/workspace_1.11.2/Exercise7/tensorflow_lite/tensorflow/lite/micro/test_helpers.h:202:14:TfLiteTensor tflite::testing::CreateTensor(const T*, TfLiteIntArray*, bool) [with T = short int]	24	static
/Users/mnadalorian/STM32CubeIDE/workspace_1.11.2/Exercise7/tensorflow_lite/tensorflow/lite/micro/micro_utils.h:52:3:T tflite::FloatToSymmetricQuantizedType(float, float) [with T = long int]	56	static
/Users/mnadalorian/STM32CubeIDE/workspace_1.11.2/Exercise7/tensorflow_lite/tensorflow/lite/micro/test_helpers.h:202:14:TfLiteTensor tflite::testing::CreateTensor(const T*, TfLiteIntArray*, bool) [with T = long int]	24	static
/Users/mnadalorian/STM32CubeIDE/workspace_1.11.2/Exercise7/tensorflow_lite/tensorflow/lite/micro/micro_utils.h:52:3:T tflite::FloatToSymmetricQuantizedType(float, float) [with T = long long int]	48	static
/Users/mnadalorian/STM32CubeIDE/workspace_1.11.2/Exercise7/tensorflow_lite/tensorflow/lite/micro/test_helpers.h:202:14:TfLiteTensor tflite::testing::CreateTensor(const T*, TfLiteIntArray*, bool) [with T = long long int]	24	static
/Users/mnadalorian/STM32CubeIDE/workspace_1.11.2/Exercise7/tensorflow_lite/tensorflow/lite/micro/micro_utils.h:91:6:void tflite::SymmetricPerChannelQuantize(const float*, T*, int, int, float*) [with T = long int]	48	static
/Users/mnadalorian/STM32CubeIDE/workspace_1.11.2/Exercise7/tensorflow_lite/tensorflow/lite/micro/micro_utils.h:91:6:void tflite::SymmetricPerChannelQuantize(const float*, T*, int, int, float*) [with T = long long int]	48	static
/Users/mnadalorian/STM32CubeIDE/workspace_1.11.2/Exercise7/tensorflow_lite/third_party/flatbuffers/include/flatbuffers/base.h:380:24:T flatbuffers::EndianScalar(T) [with T = signed char]	16	static
/Users/mnadalorian/STM32CubeIDE/workspace_1.11.2/Exercise7/tensorflow_lite/third_party/flatbuffers/include/flatbuffers/flatbuffers.h:1275:29:void flatbuffers::FlatBufferBuilder::AssertScalarT() [with T = signed char]	16	static
/Users/mnadalorian/STM32CubeIDE/workspace_1.11.2/Exercise7/tensorflow_lite/third_party/flatbuffers/include/flatbuffers/flatbuffers.h:967:29:void flatbuffers::vector_downward::push_small(const T&) [with T = signed char]	16	static
/Applications/STM32CubeIDE.app/Contents/Eclipse/plugins/com.st.stm32cube.ide.mcu.externaltools.gnu-tools-for-stm32.10.3-2021.10.macos64_1.0.100.202210260954/tools/arm-none-eabi/include/c++/10.3.1/bits/stl_algobase.h:254:5:constexpr const _Tp& std::max(const _Tp&, const _Tp&) [with _Tp = long long int]	16	static
/Applications/STM32CubeIDE.app/Contents/Eclipse/plugins/com.st.stm32cube.ide.mcu.externaltools.gnu-tools-for-stm32.10.3-2021.10.macos64_1.0.100.202210260954/tools/arm-none-eabi/include/c++/10.3.1/bits/stl_algobase.h:230:5:constexpr const _Tp& std::min(const _Tp&, const _Tp&) [with _Tp = long long int]	16	static
../tensorflow_lite/tensorflow/lite/micro/test_helpers.cc:44:7:tflite::testing::{anonymous}::StackAllocator::~StackAllocator()	16	static
../tensorflow_lite/tensorflow/lite/micro/test_helpers.cc:44:7:virtual tflite::testing::{anonymous}::StackAllocator::~StackAllocator()	16	static
/Users/mnadalorian/STM32CubeIDE/workspace_1.11.2/Exercise7/tensorflow_lite/third_party/flatbuffers/include/flatbuffers/flatbuffers.h:640:7:flatbuffers::DefaultAllocator::~DefaultAllocator()	16	static
/Users/mnadalorian/STM32CubeIDE/workspace_1.11.2/Exercise7/tensorflow_lite/third_party/flatbuffers/include/flatbuffers/flatbuffers.h:640:7:virtual flatbuffers::DefaultAllocator::~DefaultAllocator()	16	static
