Archive member included to satisfy reference by file (symbol)

../Middlewares/ST/AI/Lib/NetworkRuntime800_CM4_GCC.a(ai_platform.o)
                              ./X-CUBE-AI/App/network.o (ai_buffer_array_item_set_address)
../Middlewares/ST/AI/Lib/NetworkRuntime800_CM4_GCC.a(ai_platform_interface.o)
                              ./X-CUBE-AI/App/network.o (ai_platform_get_weights_map)
../Middlewares/ST/AI/Lib/NetworkRuntime800_CM4_GCC.a(core_mem_manager.o)
                              ../Middlewares/ST/AI/Lib/NetworkRuntime800_CM4_GCC.a(ai_platform_interface.o) (core_mem_alloc)
../Middlewares/ST/AI/Lib/NetworkRuntime800_CM4_GCC.a(core_convert.o)
                              ./X-CUBE-AI/App/network.o (node_convert)
../Middlewares/ST/AI/Lib/NetworkRuntime800_CM4_GCC.a(core_common.o)
                              ../Middlewares/ST/AI/Lib/NetworkRuntime800_CM4_GCC.a(ai_platform_interface.o) (core_init)
../Middlewares/ST/AI/Lib/NetworkRuntime800_CM4_GCC.a(layers_conv2d_stm32_integer.o)
                              ./X-CUBE-AI/App/network.o (forward_dense_integer_SSSA)
../Middlewares/ST/AI/Lib/NetworkRuntime800_CM4_GCC.a(layers_nl_generic_float.o)
                              ./X-CUBE-AI/App/network.o (forward_sm)
../Middlewares/ST/AI/Lib/NetworkRuntime800_CM4_GCC.a(layers_generic_float.o)
                              ./X-CUBE-AI/App/network.o (forward_pad)
../Middlewares/ST/AI/Lib/NetworkRuntime800_CM4_GCC.a(layers_conv2d_sssa8_ch.o)
                              ./X-CUBE-AI/App/network.o (forward_conv2d_deep_sssa8_ch)
../Middlewares/ST/AI/Lib/NetworkRuntime800_CM4_GCC.a(layers.o)
                              ../Middlewares/ST/AI/Lib/NetworkRuntime800_CM4_GCC.a(ai_platform_interface.o) (ai_check_custom_types)
../Middlewares/ST/AI/Lib/NetworkRuntime800_CM4_GCC.a(layers_conv2d_rgb_sssa8_ch.o)
                              ./X-CUBE-AI/App/network.o (forward_conv2d_rgb_sssa8_ch)
../Middlewares/ST/AI/Lib/NetworkRuntime800_CM4_GCC.a(layers_pool_stm32_integer.o)
                              ./X-CUBE-AI/App/network.o (pool_func_mp_array_integer_INT8)
../Middlewares/ST/AI/Lib/NetworkRuntime800_CM4_GCC.a(lite_generic_float.o)
                              ../Middlewares/ST/AI/Lib/NetworkRuntime800_CM4_GCC.a(layers_generic_float.o) (forward_lite_topK_axis_0_if32of32)
../Middlewares/ST/AI/Lib/NetworkRuntime800_CM4_GCC.a(forward_lite_convert.o)
                              ../Middlewares/ST/AI/Lib/NetworkRuntime800_CM4_GCC.a(core_convert.o) (forward_lite_node_convert_is1os8)
../Middlewares/ST/AI/Lib/NetworkRuntime800_CM4_GCC.a(forward_lite_conv2d_sssa8_ch.o)
                              ../Middlewares/ST/AI/Lib/NetworkRuntime800_CM4_GCC.a(layers_conv2d_sssa8_ch.o) (forward_lite_conv2d_dilated_sssa8_ch)
../Middlewares/ST/AI/Lib/NetworkRuntime800_CM4_GCC.a(ai_math_helpers.o)
                              ../Middlewares/ST/AI/Lib/NetworkRuntime800_CM4_GCC.a(layers_nl_generic_float.o) (ai_math_sqrt)
../Middlewares/ST/AI/Lib/NetworkRuntime800_CM4_GCC.a(st_ssua8_convolve_dw.o)
                              ../Middlewares/ST/AI/Lib/NetworkRuntime800_CM4_GCC.a(layers_conv2d_stm32_integer.o) (st_ssua8_conv_dw_Wadapt)
../Middlewares/ST/AI/Lib/NetworkRuntime800_CM4_GCC.a(st_uaua8_ch_convolve.o)
                              ../Middlewares/ST/AI/Lib/NetworkRuntime800_CM4_GCC.a(layers_conv2d_stm32_integer.o) (st_uaua8_ch_convolve_rank1upd)
../Middlewares/ST/AI/Lib/NetworkRuntime800_CM4_GCC.a(st_ssua8_ch_convolve.o)
                              ../Middlewares/ST/AI/Lib/NetworkRuntime800_CM4_GCC.a(layers_conv2d_stm32_integer.o) (st_ssua8_ch_convolve_rank1upd)
../Middlewares/ST/AI/Lib/NetworkRuntime800_CM4_GCC.a(st_uaua8_convolve.o)
                              ../Middlewares/ST/AI/Lib/NetworkRuntime800_CM4_GCC.a(layers_conv2d_stm32_integer.o) (st_uaua8_convolve_rank1upd)
../Middlewares/ST/AI/Lib/NetworkRuntime800_CM4_GCC.a(st_ssua8_convolve.o)
                              ../Middlewares/ST/AI/Lib/NetworkRuntime800_CM4_GCC.a(layers_conv2d_stm32_integer.o) (st_ssua8_convolve_rank1upd)
../Middlewares/ST/AI/Lib/NetworkRuntime800_CM4_GCC.a(st_convolve_reference.o)
                              ../Middlewares/ST/AI/Lib/NetworkRuntime800_CM4_GCC.a(layers_conv2d_stm32_integer.o) (align_factor)
../Middlewares/ST/AI/Lib/NetworkRuntime800_CM4_GCC.a(st_uaua8_ch_convolve_rgb.o)
                              ../Middlewares/ST/AI/Lib/NetworkRuntime800_CM4_GCC.a(layers_conv2d_stm32_integer.o) (st_uaua8_ch_convolve_rgb)
../Middlewares/ST/AI/Lib/NetworkRuntime800_CM4_GCC.a(st_uaua8_ch_convolve_dw.o)
                              ../Middlewares/ST/AI/Lib/NetworkRuntime800_CM4_GCC.a(layers_conv2d_stm32_integer.o) (st_uaua8_ch_conv_dw_Wadapt)
../Middlewares/ST/AI/Lib/NetworkRuntime800_CM4_GCC.a(st_ssua8_ch_convolve_rgb.o)
                              ../Middlewares/ST/AI/Lib/NetworkRuntime800_CM4_GCC.a(layers_conv2d_stm32_integer.o) (st_ssua8_ch_convolve_rgb)
../Middlewares/ST/AI/Lib/NetworkRuntime800_CM4_GCC.a(st_uaua8_convolve_rgb.o)
[...]
Memory Configuration

Name             Origin             Length             Attributes
RAM              0x0000000020000000 0x0000000000018000 xrw
RAM2             0x0000000010000000 0x0000000000008000 xrw
FLASH            0x0000000008000000 0x0000000000100000 xr
*default*        0x0000000000000000 0xffffffffffffffff

Linker script and memory map

LOAD /Applications/STM32CubeIDE.app/Contents/Eclipse/plugins/com.st.stm32cube.ide.mcu.externaltools.gnu-tools-for-stm32.10.3-2021.10.macos64_1.0.100.202210260954/tools/bin/../lib/gcc/arm-none-eabi/10.3.1/thumb/v7e-m+fp/hard/crti.o
LOAD /Applications/STM32CubeIDE.app/Contents/Eclipse/plugins/com.st.stm32cube.ide.mcu.externaltools.gnu-tools-for-stm32.10.3-2021.10.macos64_1.0.100.202210260954/tools/bin/../lib/gcc/arm-none-eabi/10.3.1/thumb/v7e-m+fp/hard/crtbegin.o
LOAD /Applications/STM32CubeIDE.app/Contents/Eclipse/plugins/com.st.stm32cube.ide.mcu.externaltools.gnu-tools-for-stm32.10.3-2021.10.macos64_1.0.100.202210260954/tools/bin/../lib/gcc/arm-none-eabi/10.3.1/../../../../arm-none-eabi/lib/thumb/v7e-m+fp/hard/crt0.o
LOAD ./Core/Src/CycleCounter.o
LOAD ./Core/Src/crc.o
LOAD ./Core/Src/gpio.o
LOAD ./Core/Src/main.o
LOAD ./Core/Src/stm32l4xx_hal_msp.o
LOAD ./Core/Src/stm32l4xx_it.o
LOAD ./Core/Src/sysmem.o
LOAD ./Core/Src/system_stm32l4xx.o
LOAD ./Core/Src/usart.o
LOAD ./Core/Startup/startup_stm32l475vgtx.o
LOAD ./Drivers/STM32L4xx_HAL_Driver/Src/stm32l4xx_hal.o
LOAD ./Drivers/STM32L4xx_HAL_Driver/Src/stm32l4xx_hal_cortex.o
LOAD ./Drivers/STM32L4xx_HAL_Driver/Src/stm32l4xx_hal_crc.o
LOAD ./Drivers/STM32L4xx_HAL_Driver/Src/stm32l4xx_hal_crc_ex.o
LOAD ./Drivers/STM32L4xx_HAL_Driver/Src/stm32l4xx_hal_dma.o
LOAD ./Drivers/STM32L4xx_HAL_Driver/Src/stm32l4xx_hal_dma_ex.o
LOAD ./Drivers/STM32L4xx_HAL_Driver/Src/stm32l4xx_hal_exti.o
LOAD ./Drivers/STM32L4xx_HAL_Driver/Src/stm32l4xx_hal_flash.o
LOAD ./Drivers/STM32L4xx_HAL_Driver/Src/stm32l4xx_hal_flash_ex.o
LOAD ./Drivers/STM32L4xx_HAL_Driver/Src/stm32l4xx_hal_flash_ramfunc.o
LOAD ./Drivers/STM32L4xx_HAL_Driver/Src/stm32l4xx_hal_gpio.o
LOAD ./Drivers/STM32L4xx_HAL_Driver/Src/stm32l4xx_hal_i2c.o
LOAD ./Drivers/STM32L4xx_HAL_Driver/Src/stm32l4xx_hal_i2c_ex.o
LOAD ./Drivers/STM32L4xx_HAL_Driver/Src/stm32l4xx_hal_pwr.o
LOAD ./Drivers/STM32L4xx_HAL_Driver/Src/stm32l4xx_hal_pwr_ex.o
LOAD ./Drivers/STM32L4xx_HAL_Driver/Src/stm32l4xx_hal_rcc.o
LOAD ./Drivers/STM32L4xx_HAL_Driver/Src/stm32l4xx_hal_rcc_ex.o
LOAD ./Drivers/STM32L4xx_HAL_Driver/Src/stm32l4xx_hal_tim.o
LOAD ./Drivers/STM32L4xx_HAL_Driver/Src/stm32l4xx_hal_tim_ex.o
LOAD ./Drivers/STM32L4xx_HAL_Driver/Src/stm32l4xx_hal_uart.o
LOAD ./Drivers/STM32L4xx_HAL_Driver/Src/stm32l4xx_hal_uart_ex.o
LOAD ./X-CUBE-AI/App/app_x-cube-ai.o
LOAD ./X-CUBE-AI/App/network.o
LOAD ./X-CUBE-AI/App/network_data.o
LOAD ./X-CUBE-AI/App/network_data_params.o
LOAD ../Middlewares/ST/AI/Lib/NetworkRuntime800_CM4_GCC.a
START GROUP
LOAD /Applications/STM32CubeIDE.app/Contents/Eclipse/plugins/com.st.stm32cube.ide.mcu.externaltools.gnu-tools-for-stm32.10.3-2021.10.macos64_1.0.100.202210260954/tools/bin/../lib/gcc/arm-none-eabi/10.3.1/../../../../arm-none-eabi/lib/thumb/v7e-m+fp/hard/libstdc++_nano.a
LOAD /Applications/STM32CubeIDE.app/Contents/Eclipse/plugins/com.st.stm32cube.ide.mcu.externaltools.gnu-tools-for-stm32.10.3-2021.10.macos64_1.0.100.202210260954/tools/bin/../lib/gcc/arm-none-eabi/10.3.1/../../../../arm-none-eabi/lib/thumb/v7e-m+fp/hard/libsupc++_nano.a
END GROUP
LOAD /Applications/STM32CubeIDE.app/Contents/Eclipse/plugins/com.st.stm32cube.ide.mcu.externaltools.gnu-tools-for-stm32.10.3-2021.10.macos64_1.0.100.202210260954/tools/bin/../lib/gcc/arm-none-eabi/10.3.1/../../../../arm-none-eabi/lib/thumb/v7e-m+fp/hard/libstdc++_nano.a
LOAD /Applications/STM32CubeIDE.app/Contents/Eclipse/plugins/com.st.stm32cube.ide.mcu.externaltools.gnu-tools-for-stm32.10.3-2021.10.macos64_1.0.100.202210260954/tools/bin/../lib/gcc/arm-none-eabi/10.3.1/../../../../arm-none-eabi/lib/thumb/v7e-m+fp/hard/libm.a
LOAD /Applications/STM32CubeIDE.app/Contents/Eclipse/plugins/com.st.stm32cube.ide.mcu.externaltools.gnu-tools-for-stm32.10.3-2021.10.macos64_1.0.100.202210260954/tools/bin/../lib/gcc/arm-none-eabi/10.3.1/../../../../arm-none-eabi/lib/thumb/v7e-m+fp/hard/libc_nano.a
START GROUP
LOAD /Applications/STM32CubeIDE.app/Contents/Eclipse/plugins/com.st.stm32cube.ide.mcu.externaltools.gnu-tools-for-stm32.10.3-2021.10.macos64_1.0.100.202210260954/tools/bin/../lib/gcc/arm-none-eabi/10.3.1/thumb/v7e-m+fp/hard/libgcc.a
LOAD /Applications/STM32CubeIDE.app/Contents/Eclipse/plugins/com.st.stm32cube.ide.mcu.externaltools.gnu-tools-for-stm32.10.3-2021.10.macos64_1.0.100.202210260954/tools/bin/../lib/gcc/arm-none-eabi/10.3.1/../../../../arm-none-eabi/lib/thumb/v7e-m+fp/hard/libc_nano.a
END GROUP
START GROUP
LOAD /Applications/STM32CubeIDE.app/Contents/Eclipse/plugins/com.st.stm32cube.ide.mcu.externaltools.gnu-tools-for-stm32.10.3-2021.10.macos64_1.0.100.202210260954/tools/bin/../lib/gcc/arm-none-eabi/10.3.1/thumb/v7e-m+fp/hard/libgcc.a
LOAD /Applications/STM32CubeIDE.app/Contents/Eclipse/plugins/com.st.stm32cube.ide.mcu.externaltools.gnu-tools-for-stm32.10.3-2021.10.macos64_1.0.100.202210260954/tools/bin/../lib/gcc/arm-none-eabi/10.3.1/../../../../arm-none-eabi/lib/thumb/v7e-m+fp/hard/libc_nano.a
LOAD /Applications/STM32CubeIDE.app/Contents/Eclipse/plugins/com.st.stm32cube.ide.mcu.externaltools.gnu-tools-for-stm32.10.3-2021.10.macos64_1.0.100.202210260954/tools/bin/../lib/gcc/arm-none-eabi/10.3.1/../../../../arm-none-eabi/lib/thumb/v7e-m+fp/hard/libnosys.a
END GROUP
START GROUP
LOAD /Applications/STM32CubeIDE.app/Contents/Eclipse/plugins/com.st.stm32cube.ide.mcu.externaltools.gnu-tools-for-stm32.10.3-2021.10.macos64_1.0.100.202210260954/tools/bin/../lib/gcc/arm-none-eabi/10.3.1/thumb/v7e-m+fp/hard/libgcc.a
LOAD /Applications/STM32CubeIDE.app/Contents/Eclipse/plugins/com.st.stm32cube.ide.mcu.externaltools.gnu-tools-for-stm32.10.3-2021.10.macos64_1.0.100.202210260954/tools/bin/../lib/gcc/arm-none-eabi/10.3.1/../../../../arm-none-eabi/lib/thumb/v7e-m+fp/hard/libc_nano.a
LOAD /Applications/STM32CubeIDE.app/Contents/Eclipse/plugins/com.st.stm32cube.ide.mcu.externaltools.gnu-tools-for-stm32.10.3-2021.10.macos64_1.0.100.202210260954/tools/bin/../lib/gcc/arm-none-eabi/10.3.1/../../../../arm-none-eabi/lib/thumb/v7e-m+fp/hard/libnosys.a
END GROUP
LOAD /Applications/STM32CubeIDE.app/Contents/Eclipse/plugins/com.st.stm32cube.ide.mcu.externaltools.gnu-tools-for-stm32.10.3-2021.10.macos64_1.0.100.202210260954/tools/bin/../lib/gcc/arm-none-eabi/10.3.1/thumb/v7e-m+fp/hard/crtend.o
LOAD /Applications/STM32CubeIDE.app/Contents/Eclipse/plugins/com.st.stm32cube.ide.mcu.externaltools.gnu-tools-for-stm32.10.3-2021.10.macos64_1.0.100.202210260954/tools/bin/../lib/gcc/arm-none-eabi/10.3.1/thumb/v7e-m+fp/hard/crtn.o
                0x0000000020018000                _estack = (ORIGIN (RAM) + LENGTH (RAM))
                0x0000000000002000                _Min_Heap_Size = 0x2000
                0x0000000000004000                _Min_Stack_Size = 0x4000

.isr_vector     0x0000000008000000      0x188
                0x0000000008000000                . = ALIGN (0x4)
 *(.isr_vector)
 .isr_vector    0x0000000008000000      0x188 ./Core/Startup/startup_stm32l475vgtx.o
                0x0000000008000000                g_pfnVectors
                0x0000000008000188                . = ALIGN (0x4)

.text           0x0000000008000190     0xca64
                0x0000000008000190                . = ALIGN (0x4)
 *(.text)
 .text          0x0000000008000190       0x40 /Applications/STM32CubeIDE.app/Contents/Eclipse/plugins/com.st.stm32cube.ide.mcu.externaltools.gnu-tools-for-stm32.10.3-2021.10.macos64_1.0.100.202210260954/tools/bin/../lib/gcc/arm-none-eabi/10.3.1/thumb/v7e-m+fp/hard/crtbegin.o
 .text          0x00000000080001d0       0xa0 /Applications/STM32CubeIDE.app/Contents/Eclipse/plugins/com.st.stm32cube.ide.mcu.externaltools.gnu-tools-for-stm32.10.3-2021.10.macos64_1.0.100.202210260954/tools/bin/../lib/gcc/arm-none-eabi/10.3.1/../../../../arm-none-eabi/lib/thumb/v7e-m+fp/hard/libc_nano.a(lib_a-memchr.o)
                0x00000000080001d0                memchr
 .text          0x0000000008000270      0x378 /Applications/STM32CubeIDE.app/Contents/Eclipse/plugins/com.st.stm32cube.ide.mcu.externaltools.gnu-tools-for-stm32.10.3-2021.10.macos64_1.0.100.202210260954/tools/bin/../lib/gcc/arm-none-eabi/10.3.1/thumb/v7e-m+fp/hard/libgcc.a(_arm_addsubdf3.o)
                0x0000000008000270                __aeabi_drsub
                0x0000000008000278                __subdf3
                0x0000000008000278                __aeabi_dsub
                0x000000000800027c                __aeabi_dadd
                0x000000000800027c                __adddf3
                0x00000000080004f4                __aeabi_ui2d
                0x00000000080004f4                __floatunsidf
                0x0000000008000514                __floatsidf
                0x0000000008000514                __aeabi_i2d
                0x0000000008000538                __extendsfdf2
                0x0000000008000538                __aeabi_f2d
                0x000000000800057c                __aeabi_ul2d
                0x000000000800057c                __floatundidf
                0x000000000800058c                __aeabi_l2d
                0x000000000800058c                __floatdidf
 .text          0x00000000080005e8      0x424 /Applications/STM32CubeIDE.app/Contents/Eclipse/plugins/com.st.stm32cube.ide.mcu.externaltools.gnu-tools-for-stm32.10.3-2021.10.macos64_1.0.100.202210260954/tools/bin/../lib/gcc/arm-none-eabi/10.3.1/thumb/v7e-m+fp/hard/libgcc.a(_arm_muldivdf3.o)
                0x00000000080005e8                __aeabi_dmul
                0x00000000080005e8                __muldf3
                0x000000000800083c                __aeabi_ddiv
                0x000000000800083c                __divdf3
 .text          0x0000000008000a0c       0x30 /Applications/STM32CubeIDE.app/Contents/Eclipse/plugins/com.st.stm32cube.ide.mcu.externaltools.gnu-tools-for-stm32.10.3-2021.10.macos64_1.0.100.202210260954/tools/bin/../lib/gcc/arm-none-eabi/10.3.1/thumb/v7e-m+fp/hard/libgcc.a(_aeabi_uldivmod.o)
                0x0000000008000a0c                __aeabi_uldivmod
 .text          0x0000000008000a3c       0x28 /Applications/STM32CubeIDE.app/Contents/Eclipse/plugins/com.st.stm32cube.ide.mcu.externaltools.gnu-tools-for-stm32.10.3-2021.10.macos64_1.0.100.202210260954/tools/bin/../lib/gcc/arm-none-eabi/10.3.1/thumb/v7e-m+fp/hard/libgcc.a(_fixsfdi.o)
                0x0000000008000a3c                __aeabi_f2lz
                0x0000000008000a3c                __fixsfdi
 .text          0x0000000008000a64       0x40 /Applications/STM32CubeIDE.app/Contents/Eclipse/plugins/com.st.stm32cube.ide.mcu.externaltools.gnu-tools-for-stm32.10.3-2021.10.macos64_1.0.100.202210260954/tools/bin/../lib/gcc/arm-none-eabi/10.3.1/thumb/v7e-m+fp/hard/libgcc.a(_fixunssfdi.o)
                0x0000000008000a64                __aeabi_f2ulz
                0x0000000008000a64                __fixunssfdi
 .text          0x0000000008000aa4      0x2d0 /Applications/STM32CubeIDE.app/Contents/Eclipse/plugins/com.st.stm32cube.ide.mcu.externaltools.gnu-tools-for-stm32.10.3-2021.10.macos64_1.0.100.202210260954/tools/bin/../lib/gcc/arm-none-eabi/10.3.1/thumb/v7e-m+fp/hard/libgcc.a(_udivmoddi4.o)
                0x0000000008000aa4                __udivmoddi4
 .text          0x0000000008000d74        0x4 /Applications/STM32CubeIDE.app/Contents/Eclipse/plugins/com.st.stm32cube.ide.mcu.externaltools.gnu-tools-for-stm32.10.3-2021.10.macos64_1.0.100.202210260954/tools/bin/../lib/gcc/arm-none-eabi/10.3.1/thumb/v7e-m+fp/hard/libgcc.a(_dvmd_tls.o)
                0x0000000008000d74                __aeabi_ldiv0
                0x0000000008000d74                __aeabi_idiv0
 .text          0x0000000008000d78       0x40 /Applications/STM32CubeIDE.app/Contents/Eclipse/plugins/com.st.stm32cube.ide.mcu.externaltools.gnu-tools-for-stm32.10.3-2021.10.macos64_1.0.100.202210260954/tools/bin/../lib/gcc/arm-none-eabi/10.3.1/thumb/v7e-m+fp/hard/libgcc.a(_arm_fixunsdfsi.o)
                0x0000000008000d78                __fixunsdfsi
                0x0000000008000d78                __aeabi_d2uiz
 *(.text*)
 .text.MX_CRC_Init
                0x0000000008000db8       0x44 ./Core/Src/crc.o
                0x0000000008000db8                MX_CRC_Init
 .text.HAL_CRC_MspInit
                0x0000000008000dfc       0x40 ./Core/Src/crc.o
                0x0000000008000dfc                HAL_CRC_MspInit
 .text.MX_GPIO_Init
                0x0000000008000e3c       0x30 ./Core/Src/gpio.o
                0x0000000008000e3c                MX_GPIO_Init
 .text.main     0x0000000008000e6c       0x22 ./Core/Src/main.o
                0x0000000008000e6c                main
 .text.SystemClock_Config
                0x0000000008000e8e       0xa4 ./Core/Src/main.o
                0x0000000008000e8e                SystemClock_Config
 .text.Error_Handler
                0x0000000008000f32        0xa ./Core/Src/main.o
                0x0000000008000f32                Error_Handler
 .text.HAL_MspInit
                0x0000000008000f3c       0x48 ./Core/Src/stm32l4xx_hal_msp.o
                0x0000000008000f3c                HAL_MspInit
 .text.NMI_Handler
                0x0000000008000f84        0x6 ./Core/Src/stm32l4xx_it.o
                0x0000000008000f84                NMI_Handler
 .text.HardFault_Handler
                0x0000000008000f8a        0x6 ./Core/Src/stm32l4xx_it.o
                0x0000000008000f8a                HardFault_Handler
 .text.MemManage_Handler
                0x0000000008000f90        0x6 ./Core/Src/stm32l4xx_it.o
                0x0000000008000f90                MemManage_Handler
 .text.BusFault_Handler
                0x0000000008000f96        0x6 ./Core/Src/stm32l4xx_it.o
                0x0000000008000f96                BusFault_Handler
 .text.UsageFault_Handler
                0x0000000008000f9c        0x6 ./Core/Src/stm32l4xx_it.o
                0x0000000008000f9c                UsageFault_Handler
 .text.SVC_Handler
                0x0000000008000fa2        0xe ./Core/Src/stm32l4xx_it.o
                0x0000000008000fa2                SVC_Handler
 .text.DebugMon_Handler
                0x0000000008000fb0        0xe ./Core/Src/stm32l4xx_it.o
                0x0000000008000fb0                DebugMon_Handler
 .text.PendSV_Handler
                0x0000000008000fbe        0xe ./Core/Src/stm32l4xx_it.o
                0x0000000008000fbe                PendSV_Handler
 .text.SysTick_Handler
                0x0000000008000fcc        0xc ./Core/Src/stm32l4xx_it.o
                0x0000000008000fcc                SysTick_Handler
 .text._sbrk    0x0000000008000fd8       0x6c ./Core/Src/sysmem.o
                0x0000000008000fd8                _sbrk
 .text.SystemInit
                0x0000000008001044       0x24 ./Core/Src/system_stm32l4xx.o
                0x0000000008001044                SystemInit
 .text.MX_USART1_UART_Init
                0x0000000008001068       0x60 ./Core/Src/usart.o
                0x0000000008001068                MX_USART1_UART_Init
 .text.HAL_UART_MspInit
                0x00000000080010c8       0xbc ./Core/Src/usart.o
                0x00000000080010c8                HAL_UART_MspInit
 .text.Reset_Handler
                0x0000000008001184       0x50 ./Core/Startup/startup_stm32l475vgtx.o
                0x0000000008001184                Reset_Handler
 .text.Default_Handler
                0x00000000080011d4        0x2 ./Core/Startup/startup_stm32l475vgtx.o
                0x00000000080011d4                TIM1_BRK_TIM15_IRQHandler
                0x00000000080011d4                EXTI2_IRQHandler
                0x00000000080011d4                TIM8_TRG_COM_IRQHandler
                0x00000000080011d4                TIM8_CC_IRQHandler
                0x00000000080011d4                TIM1_CC_IRQHandler
                0x00000000080011d4                TSC_IRQHandler
                0x00000000080011d4                TAMP_STAMP_IRQHandler
                0x00000000080011d4                EXTI3_IRQHandler
                0x00000000080011d4                LPTIM2_IRQHandler
                0x00000000080011d4                DFSDM1_FLT1_IRQHandler
                0x00000000080011d4                I2C3_ER_IRQHandler
                0x00000000080011d4                DFSDM1_FLT2_IRQHandler
                0x00000000080011d4                EXTI0_IRQHandler
                0x00000000080011d4                I2C2_EV_IRQHandler
                0x00000000080011d4                CAN1_RX0_IRQHandler
                0x00000000080011d4                FPU_IRQHandler
                0x00000000080011d4                TIM1_UP_TIM16_IRQHandler
                0x00000000080011d4                ADC1_2_IRQHandler
                0x00000000080011d4                SPI1_IRQHandler
                0x00000000080011d4                TIM6_DAC_IRQHandler
                0x00000000080011d4                TIM8_UP_IRQHandler
                0x00000000080011d4                DMA2_Channel2_IRQHandler
                0x00000000080011d4                DMA1_Channel4_IRQHandler
                0x00000000080011d4                SAI2_IRQHandler
                0x00000000080011d4                DFSDM1_FLT3_IRQHandler
                0x00000000080011d4                USART3_IRQHandler
                0x00000000080011d4                DMA1_Channel7_IRQHandler
                0x00000000080011d4                CAN1_RX1_IRQHandler
                0x00000000080011d4                UART5_IRQHandler
                0x00000000080011d4                ADC3_IRQHandler
                0x00000000080011d4                TIM4_IRQHandler
                0x00000000080011d4                DMA2_Channel1_IRQHandler
                0x00000000080011d4                QUADSPI_IRQHandler
                0x00000000080011d4                I2C1_EV_IRQHandler
                0x00000000080011d4                DMA1_Channel6_IRQHandler
                0x00000000080011d4                UART4_IRQHandler
                0x00000000080011d4                DMA2_Channel4_IRQHandler
                0x00000000080011d4                TIM3_IRQHandler
                0x00000000080011d4                RCC_IRQHandler
                0x00000000080011d4                DMA1_Channel1_IRQHandler
                0x00000000080011d4                Default_Handler
                0x00000000080011d4                DMA2_Channel7_IRQHandler
                0x00000000080011d4                EXTI15_10_IRQHandler
                0x00000000080011d4                TIM7_IRQHandler
                0x00000000080011d4                SDMMC1_IRQHandler
                0x00000000080011d4                TIM5_IRQHandler
                0x00000000080011d4                I2C3_EV_IRQHandler
                0x00000000080011d4                EXTI9_5_IRQHandler
                0x00000000080011d4                RTC_WKUP_IRQHandler
                0x00000000080011d4                PVD_PVM_IRQHandler
                0x00000000080011d4                SPI2_IRQHandler
                0x00000000080011d4                CAN1_TX_IRQHandler
                0x00000000080011d4                DMA2_Channel5_IRQHandler
                0x00000000080011d4                DMA1_Channel5_IRQHandler
                0x00000000080011d4                EXTI4_IRQHandler
                0x00000000080011d4                RNG_IRQHandler
                0x00000000080011d4                TIM1_TRG_COM_TIM17_IRQHandler
                0x00000000080011d4                DMA1_Channel3_IRQHandler
                0x00000000080011d4                COMP_IRQHandler
                0x00000000080011d4                WWDG_IRQHandler
                0x00000000080011d4                LPUART1_IRQHandler
                0x00000000080011d4                DMA2_Channel6_IRQHandler
                0x00000000080011d4                TIM2_IRQHandler
                0x00000000080011d4                EXTI1_IRQHandler
                0x00000000080011d4                USART2_IRQHandler
                0x00000000080011d4                DFSDM1_FLT0_IRQHandler
                0x00000000080011d4                I2C2_ER_IRQHandler
                0x00000000080011d4                DMA1_Channel2_IRQHandler
                0x00000000080011d4                TIM8_BRK_IRQHandler
                0x00000000080011d4                CAN1_SCE_IRQHandler
                0x00000000080011d4                FLASH_IRQHandler
                0x00000000080011d4                USART1_IRQHandler
                0x00000000080011d4                OTG_FS_IRQHandler
                0x00000000080011d4                SPI3_IRQHandler
                0x00000000080011d4                I2C1_ER_IRQHandler
                0x00000000080011d4                FMC_IRQHandler
                0x00000000080011d4                SWPMI1_IRQHandler
                0x00000000080011d4                LPTIM1_IRQHandler
                0x00000000080011d4                SAI1_IRQHandler
                0x00000000080011d4                DMA2_Channel3_IRQHandler
                0x00000000080011d4                RTC_Alarm_IRQHandler
 .text.HAL_Init
                0x00000000080011d6       0x30 ./Drivers/STM32L4xx_HAL_Driver/Src/stm32l4xx_hal.o
                0x00000000080011d6                HAL_Init
 *fill*         0x0000000008001206        0x2 
 .text.HAL_InitTick
                0x0000000008001208       0x78 ./Drivers/STM32L4xx_HAL_Driver/Src/stm32l4xx_hal.o
                0x0000000008001208                HAL_InitTick
 .text.HAL_IncTick
                0x0000000008001280       0x28 ./Drivers/STM32L4xx_HAL_Driver/Src/stm32l4xx_hal.o
                0x0000000008001280                HAL_IncTick
 .text.HAL_GetTick
                0x00000000080012a8       0x18 ./Drivers/STM32L4xx_HAL_Driver/Src/stm32l4xx_hal.o
                0x00000000080012a8                HAL_GetTick
 .text.HAL_Delay
                0x00000000080012c0       0x48 ./Drivers/STM32L4xx_HAL_Driver/Src/stm32l4xx_hal.o
                0x00000000080012c0                HAL_Delay
 .text.__NVIC_SetPriorityGrouping
                0x0000000008001308       0x48 ./Drivers/STM32L4xx_HAL_Driver/Src/stm32l4xx_hal_cortex.o
 .text.__NVIC_GetPriorityGrouping
                0x0000000008001350       0x1c ./Drivers/STM32L4xx_HAL_Driver/Src/stm32l4xx_hal_cortex.o
 .text.__NVIC_SetPriority
                0x000000000800136c       0x54 ./Drivers/STM32L4xx_HAL_Driver/Src/stm32l4xx_hal_cortex.o
 .text.NVIC_EncodePriority
                0x00000000080013c0       0x66 ./Drivers/STM32L4xx_HAL_Driver/Src/stm32l4xx_hal_cortex.o
 *fill*         0x0000000008001426        0x2 
 .text.SysTick_Config
                0x0000000008001428       0x44 ./Drivers/STM32L4xx_HAL_Driver/Src/stm32l4xx_hal_cortex.o
 .text.HAL_NVIC_SetPriorityGrouping
                0x000000000800146c       0x16 ./Drivers/STM32L4xx_HAL_Driver/Src/stm32l4xx_hal_cortex.o
                0x000000000800146c                HAL_NVIC_SetPriorityGrouping
 .text.HAL_NVIC_SetPriority
                0x0000000008001482       0x38 ./Drivers/STM32L4xx_HAL_Driver/Src/stm32l4xx_hal_cortex.o
                0x0000000008001482                HAL_NVIC_SetPriority
 .text.HAL_SYSTICK_Config
                0x00000000080014ba       0x18 ./Drivers/STM32L4xx_HAL_Driver/Src/stm32l4xx_hal_cortex.o
                0x00000000080014ba                HAL_SYSTICK_Config
 *fill*         0x00000000080014d2        0x2 
 .text.HAL_CRC_Init
                0x00000000080014d4       0xc8 ./Drivers/STM32L4xx_HAL_Driver/Src/stm32l4xx_hal_crc.o
                0x00000000080014d4                HAL_CRC_Init
 .text.HAL_CRCEx_Polynomial_Set
                0x000000000800159c      0x10c ./Drivers/STM32L4xx_HAL_Driver/Src/stm32l4xx_hal_crc_ex.o
                0x000000000800159c                HAL_CRCEx_Polynomial_Set
 .text.HAL_GPIO_Init
                0x00000000080016a8      0x354 ./Drivers/STM32L4xx_HAL_Driver/Src/stm32l4xx_hal_gpio.o
                0x00000000080016a8                HAL_GPIO_Init
 .text.HAL_PWREx_GetVoltageRange
                0x00000000080019fc       0x1c ./Drivers/STM32L4xx_HAL_Driver/Src/stm32l4xx_hal_pwr_ex.o
                0x00000000080019fc                HAL_PWREx_GetVoltageRange
 .text.HAL_PWREx_ControlVoltageScaling
                0x0000000008001a18       0xac ./Drivers/STM32L4xx_HAL_Driver/Src/stm32l4xx_hal_pwr_ex.o
                0x0000000008001a18                HAL_PWREx_ControlVoltageScaling
 .text.HAL_RCC_OscConfig
                0x0000000008001ac4      0x7b8 ./Drivers/STM32L4xx_HAL_Driver/Src/stm32l4xx_hal_rcc.o
                0x0000000008001ac4                HAL_RCC_OscConfig
 .text.HAL_RCC_ClockConfig
                0x000000000800227c      0x200 ./Drivers/STM32L4xx_HAL_Driver/Src/stm32l4xx_hal_rcc.o
                0x000000000800227c                HAL_RCC_ClockConfig
 .text.HAL_RCC_GetSysClockFreq
                0x000000000800247c      0x118 ./Drivers/STM32L4xx_HAL_Driver/Src/stm32l4xx_hal_rcc.o
                0x000000000800247c                HAL_RCC_GetSysClockFreq
 .text.HAL_RCC_GetHCLKFreq
                0x0000000008002594       0x18 ./Drivers/STM32L4xx_HAL_Driver/Src/stm32l4xx_hal_rcc.o
                0x0000000008002594                HAL_RCC_GetHCLKFreq
 .text.HAL_RCC_GetPCLK1Freq
                0x00000000080025ac       0x2c ./Drivers/STM32L4xx_HAL_Driver/Src/stm32l4xx_hal_rcc.o
                0x00000000080025ac                HAL_RCC_GetPCLK1Freq
 .text.HAL_RCC_GetPCLK2Freq
                0x00000000080025d8       0x2c ./Drivers/STM32L4xx_HAL_Driver/Src/stm32l4xx_hal_rcc.o
                0x00000000080025d8                HAL_RCC_GetPCLK2Freq
 .text.RCC_SetFlashLatencyFromMSIRange
                0x0000000008002604       0xc0 ./Drivers/STM32L4xx_HAL_Driver/Src/stm32l4xx_hal_rcc.o
 .text.HAL_RCCEx_PeriphCLKConfig
                0x00000000080026c4      0x5d4 ./Drivers/STM32L4xx_HAL_Driver/Src/stm32l4xx_hal_rcc_ex.o
                0x00000000080026c4                HAL_RCCEx_PeriphCLKConfig
 .text.RCCEx_PLLSAI1_Config
                0x0000000008002c98      0x1e8 ./Drivers/STM32L4xx_HAL_Driver/Src/stm32l4xx_hal_rcc_ex.o
 .text.RCCEx_PLLSAI2_Config
                0x0000000008002e80      0x1bc ./Drivers/STM32L4xx_HAL_Driver/Src/stm32l4xx_hal_rcc_ex.o
 .text.HAL_UART_Init
                0x000000000800303c       0x9c ./Drivers/STM32L4xx_HAL_Driver/Src/stm32l4xx_hal_uart.o
                0x000000000800303c                HAL_UART_Init
 .text.HAL_UART_Transmit
                0x00000000080030d8      0x128 ./Drivers/STM32L4xx_HAL_Driver/Src/stm32l4xx_hal_uart.o
                0x00000000080030d8                HAL_UART_Transmit
 .text.HAL_UART_Receive
                0x0000000008003200      0x1a2 ./Drivers/STM32L4xx_HAL_Driver/Src/stm32l4xx_hal_uart.o
                0x0000000008003200                HAL_UART_Receive
 *fill*         0x00000000080033a2        0x2 
 .text.UART_SetConfig
                0x00000000080033a4      0x570 ./Drivers/STM32L4xx_HAL_Driver/Src/stm32l4xx_hal_uart.o
                0x00000000080033a4                UART_SetConfig
 .text.UART_AdvFeatureConfig
                0x0000000008003914      0x144 ./Drivers/STM32L4xx_HAL_Driver/Src/stm32l4xx_hal_uart.o
                0x0000000008003914                UART_AdvFeatureConfig
 .text.UART_CheckIdleState
                0x0000000008003a58       0x92 ./Drivers/STM32L4xx_HAL_Driver/Src/stm32l4xx_hal_uart.o
                0x0000000008003a58                UART_CheckIdleState
 .text.UART_WaitOnFlagUntilTimeout
                0x0000000008003aea      0x188 ./Drivers/STM32L4xx_HAL_Driver/Src/stm32l4xx_hal_uart.o
                0x0000000008003aea                UART_WaitOnFlagUntilTimeout
 *fill*         0x0000000008003c72        0x2 
 .text.ai_log_err
                0x0000000008003c74       0x40 ./X-CUBE-AI/App/app_x-cube-ai.o
 .text.ai_boostrap
                0x0000000008003cb4       0xc8 ./X-CUBE-AI/App/app_x-cube-ai.o
 .text.ai_run   0x0000000008003d7c       0x54 ./X-CUBE-AI/App/app_x-cube-ai.o
 .text.acquire_and_process_data
                0x0000000008003dd0       0x54 ./X-CUBE-AI/App/app_x-cube-ai.o
                0x0000000008003dd0                acquire_and_process_data
 .text.post_process
                0x0000000008003e24       0x2c ./X-CUBE-AI/App/app_x-cube-ai.o
                0x0000000008003e24                post_process
 .text.MX_X_CUBE_AI_Init
                0x0000000008003e50       0x1c ./X-CUBE-AI/App/app_x-cube-ai.o
                0x0000000008003e50                MX_X_CUBE_AI_Init
 .text.MX_X_CUBE_AI_Process
                0x0000000008003e6c       0x7c ./X-CUBE-AI/App/app_x-cube-ai.o
                0x0000000008003e6c                MX_X_CUBE_AI_Process
 .text.network_configure_activations
                0x0000000008003ee8      0x57c ./X-CUBE-AI/App/network.o
 .text.network_configure_weights
                0x0000000008004464      0x590 ./X-CUBE-AI/App/network.o
 .text.ai_network_get_error
                0x00000000080049f4       0x18 ./X-CUBE-AI/App/network.o
                0x00000000080049f4                ai_network_get_error
 .text.ai_network_create
                0x0000000008004a0c       0x2c ./X-CUBE-AI/App/network.o
                0x0000000008004a0c                ai_network_create
 .text.ai_network_create_and_init
                0x0000000008004a38       0xe8 ./X-CUBE-AI/App/network.o
                0x0000000008004a38                ai_network_create_and_init
 .text.ai_network_inputs_get
                0x0000000008004b20       0x34 ./X-CUBE-AI/App/network.o
                0x0000000008004b20                ai_network_inputs_get
 .text.ai_network_outputs_get
                0x0000000008004b54       0x34 ./X-CUBE-AI/App/network.o
                0x0000000008004b54                ai_network_outputs_get
 .text.ai_network_init
                0x0000000008004b88       0x78 ./X-CUBE-AI/App/network.o
                0x0000000008004b88                ai_network_init
 .text.ai_network_run
                0x0000000008004c00       0x20 ./X-CUBE-AI/App/network.o
                0x0000000008004c00                ai_network_run
 .text.ai_network_data_params_get
                0x0000000008004c20       0x50 ./X-CUBE-AI/App/network_data.o
                0x0000000008004c20                ai_network_data_params_get
 .text.ai_buffer_get_size
                0x0000000008004c70       0x68 ../Middlewares/ST/AI/Lib/NetworkRuntime800_CM4_GCC.a(ai_platform.o)
                0x0000000008004c70                ai_buffer_get_size
 .text.ai_buffer_array_sane
                0x0000000008004cd8       0x14 ../Middlewares/ST/AI/Lib/NetworkRuntime800_CM4_GCC.a(ai_platform.o)
                0x0000000008004cd8                ai_buffer_array_sane
 .text.ai_buffer_array_item_set_address
                0x0000000008004cec       0x20 ../Middlewares/ST/AI/Lib/NetworkRuntime800_CM4_GCC.a(ai_platform.o)
                0x0000000008004cec                ai_buffer_array_item_set_address
 .text._ai_platform_acquire_crc
                0x0000000008004d0c        0x4 ../Middlewares/ST/AI/Lib/NetworkRuntime800_CM4_GCC.a(ai_platform_interface.o)
                0x0000000008004d0c                _ai_platform_acquire_crc
 .text._ai_platform_release_crc
                0x0000000008004d10        0x4 ../Middlewares/ST/AI/Lib/NetworkRuntime800_CM4_GCC.a(ai_platform_interface.o)
                0x0000000008004d10                _ai_platform_release_crc
 .text.ai_platform_get_weights_map
                0x0000000008004d14       0xa8 ../Middlewares/ST/AI/Lib/NetworkRuntime800_CM4_GCC.a(ai_platform_interface.o)
                0x0000000008004d14                ai_platform_get_weights_map
 .text.ai_platform_get_activations_map
                0x0000000008004dbc       0xa8 ../Middlewares/ST/AI/Lib/NetworkRuntime800_CM4_GCC.a(ai_platform_interface.o)
                0x0000000008004dbc                ai_platform_get_activations_map
 .text.ai_platform_bind_network_params
                0x0000000008004e64       0x44 ../Middlewares/ST/AI/Lib/NetworkRuntime800_CM4_GCC.a(ai_platform_interface.o)
                0x0000000008004e64                ai_platform_bind_network_params
 .text.ai_platform_network_get_error
                0x0000000008004ea8       0xdc ../Middlewares/ST/AI/Lib/NetworkRuntime800_CM4_GCC.a(ai_platform_interface.o)
                0x0000000008004ea8                ai_platform_network_get_error
 .text.ai_platform_network_set_error
                0x0000000008004f84        0xc ../Middlewares/ST/AI/Lib/NetworkRuntime800_CM4_GCC.a(ai_platform_interface.o)
                0x0000000008004f84                ai_platform_network_set_error
 .text.ai_platform_inputs_get
                0x0000000008004f90      0x1ac ../Middlewares/ST/AI/Lib/NetworkRuntime800_CM4_GCC.a(ai_platform_interface.o)
                0x0000000008004f90                ai_platform_inputs_get
 .text.ai_platform_outputs_get
                0x000000000800513c      0x1a0 ../Middlewares/ST/AI/Lib/NetworkRuntime800_CM4_GCC.a(ai_platform_interface.o)
                0x000000000800513c                ai_platform_outputs_get
 .text.ai_platform_network_create
                0x00000000080052dc      0x1ac ../Middlewares/ST/AI/Lib/NetworkRuntime800_CM4_GCC.a(ai_platform_interface.o)
                0x00000000080052dc                ai_platform_network_create
 .text.ai_platform_network_init
                0x0000000008005488      0x1dc ../Middlewares/ST/AI/Lib/NetworkRuntime800_CM4_GCC.a(ai_platform_interface.o)
                0x0000000008005488                ai_platform_network_init
 .text.ai_platform_network_post_init
                0x0000000008005664      0x110 ../Middlewares/ST/AI/Lib/NetworkRuntime800_CM4_GCC.a(ai_platform_interface.o)
                0x0000000008005664                ai_platform_network_post_init
 .text.ai_platform_network_process
                0x0000000008005774      0x50c ../Middlewares/ST/AI/Lib/NetworkRuntime800_CM4_GCC.a(ai_platform_interface.o)
                0x0000000008005774                ai_platform_network_process
 .text.node_convert
                0x0000000008005c80      0x29c ../Middlewares/ST/AI/Lib/NetworkRuntime800_CM4_GCC.a(core_convert.o)
                0x0000000008005c80                node_convert
 .text.node_convert_integer
                0x0000000008005f1c      0x228 ../Middlewares/ST/AI/Lib/NetworkRuntime800_CM4_GCC.a(core_convert.o)
                0x0000000008005f1c                node_convert_integer
 .text.core_init
                0x0000000008006144        0x4 ../Middlewares/ST/AI/Lib/NetworkRuntime800_CM4_GCC.a(core_common.o)
                0x0000000008006144                core_init
 .text.core_get_error
                0x0000000008006148        0xc ../Middlewares/ST/AI/Lib/NetworkRuntime800_CM4_GCC.a(core_common.o)
                0x0000000008006148                core_get_error
 .text.core_set_error
                0x0000000008006154       0x18 ../Middlewares/ST/AI/Lib/NetworkRuntime800_CM4_GCC.a(core_common.o)
                0x0000000008006154                core_set_error
 .text.forward_dense_integer_SSSA
                0x000000000800616c      0x2f4 ../Middlewares/ST/AI/Lib/NetworkRuntime800_CM4_GCC.a(layers_conv2d_stm32_integer.o)
                0x000000000800616c                forward_dense_integer_SSSA
 .text.forward_sm
                0x0000000008006460      0x11c ../Middlewares/ST/AI/Lib/NetworkRuntime800_CM4_GCC.a(layers_nl_generic_float.o)
                0x0000000008006460                forward_sm
 .text.forward_pad
                0x000000000800657c      0x3f8 ../Middlewares/ST/AI/Lib/NetworkRuntime800_CM4_GCC.a(layers_generic_float.o)
                0x000000000800657c                forward_pad
 .text.func_dummy
                0x0000000008006974        0x4 ../Middlewares/ST/AI/Lib/NetworkRuntime800_CM4_GCC.a(layers_conv2d_sssa8_ch.o)
 .text.forward_conv2d_deep_sssa8_ch
                0x0000000008006978      0x2b0 ../Middlewares/ST/AI/Lib/NetworkRuntime800_CM4_GCC.a(layers_conv2d_sssa8_ch.o)
                0x0000000008006978                forward_conv2d_deep_sssa8_ch
 .text.forward_conv2d_deep_sssa8_ch_nl_pool
                0x0000000008006c28      0x51c ../Middlewares/ST/AI/Lib/NetworkRuntime800_CM4_GCC.a(layers_conv2d_sssa8_ch.o)
                0x0000000008006c28                forward_conv2d_deep_sssa8_ch_nl_pool
 .text.ai_check_custom_types
                0x0000000008007144       0x54 ../Middlewares/ST/AI/Lib/NetworkRuntime800_CM4_GCC.a(layers.o)
                0x0000000008007144                ai_check_custom_types
 .text.ai_layers_init_all
                0x0000000008007198       0x1c ../Middlewares/ST/AI/Lib/NetworkRuntime800_CM4_GCC.a(layers.o)
                0x0000000008007198                ai_layers_init_all
 .text.ai_layers_post_init_all
                0x00000000080071b4       0x28 ../Middlewares/ST/AI/Lib/NetworkRuntime800_CM4_GCC.a(layers.o)
                0x00000000080071b4                ai_layers_post_init_all
 .text.ai_layers_forward_all
                0x00000000080071dc       0x94 ../Middlewares/ST/AI/Lib/NetworkRuntime800_CM4_GCC.a(layers.o)
                0x00000000080071dc                ai_layers_forward_all
 .text.func_dummy
                0x0000000008007270        0x4 ../Middlewares/ST/AI/Lib/NetworkRuntime800_CM4_GCC.a(layers_conv2d_rgb_sssa8_ch.o)
 .text.forward_conv2d_rgb_sssa8_ch
                0x0000000008007274      0x224 ../Middlewares/ST/AI/Lib/NetworkRuntime800_CM4_GCC.a(layers_conv2d_rgb_sssa8_ch.o)
                0x0000000008007274                forward_conv2d_rgb_sssa8_ch
 .text.pool_func_mp_array_integer_INT8
                0x0000000008007498      0x1a0 ../Middlewares/ST/AI/Lib/NetworkRuntime800_CM4_GCC.a(layers_pool_stm32_integer.o)
                0x0000000008007498                pool_func_mp_array_integer_INT8
 .text.forward_lite_node_convert_integer_iu8ou8
                0x0000000008007638       0x54 ../Middlewares/ST/AI/Lib/NetworkRuntime800_CM4_GCC.a(forward_lite_convert.o)
                0x0000000008007638                forward_lite_node_convert_integer_iu8ou8
 .text.forward_lite_node_convert_integer_iu8os8
                0x000000000800768c       0x80 ../Middlewares/ST/AI/Lib/NetworkRuntime800_CM4_GCC.a(forward_lite_convert.o)
                0x000000000800768c                forward_lite_node_convert_integer_iu8os8
 .text.forward_lite_node_convert_integer_iu8os8_fast
                0x000000000800770c       0x70 ../Middlewares/ST/AI/Lib/NetworkRuntime800_CM4_GCC.a(forward_lite_convert.o)
                0x000000000800770c                forward_lite_node_convert_integer_iu8os8_fast
 .text.forward_lite_node_convert_integer_is8ou8
                0x000000000800777c       0x54 ../Middlewares/ST/AI/Lib/NetworkRuntime800_CM4_GCC.a(forward_lite_convert.o)
                0x000000000800777c                forward_lite_node_convert_integer_is8ou8
 .text.forward_lite_node_convert_integer_is8ou8_fast
                0x00000000080077d0       0x68 ../Middlewares/ST/AI/Lib/NetworkRuntime800_CM4_GCC.a(forward_lite_convert.o)
                0x00000000080077d0                forward_lite_node_convert_integer_is8ou8_fast
 .text.forward_lite_conv2d_deep_sssa8_ch
                0x0000000008007838      0x18c ../Middlewares/ST/AI/Lib/NetworkRuntime800_CM4_GCC.a(forward_lite_conv2d_sssa8_ch.o)
                0x0000000008007838                forward_lite_conv2d_deep_sssa8_ch
 .text.forward_lite_conv2d_rgb_sssa8_ch
                0x00000000080079c4      0x520 ../Middlewares/ST/AI/Lib/NetworkRuntime800_CM4_GCC.a(forward_lite_conv2d_sssa8_ch.o)
                0x00000000080079c4                forward_lite_conv2d_rgb_sssa8_ch
 .text.align_factor
                0x0000000008007ee4       0xa8 ../Middlewares/ST/AI/Lib/NetworkRuntime800_CM4_GCC.a(st_convolve_reference.o)
                0x0000000008007ee4                align_factor
 .text.align_factor_ch
                0x0000000008007f8c       0xcc ../Middlewares/ST/AI/Lib/NetworkRuntime800_CM4_GCC.a(st_convolve_reference.o)
                0x0000000008007f8c                align_factor_ch
 .text.st_sssa8_ch_convolve_rank1upd
                0x0000000008008058      0x11c ../Middlewares/ST/AI/Lib/NetworkRuntime800_CM4_GCC.a(st_sssa8_ch_convolve.o)
                0x0000000008008058                st_sssa8_ch_convolve_rank1upd
 .text.st_sssa8_fully_connected
                0x0000000008008174      0x5f4 ../Middlewares/ST/AI/Lib/NetworkRuntime800_CM4_GCC.a(st_sssa8_dense.o)
                0x0000000008008174                st_sssa8_fully_connected
 .text.ai_padding_opt_init
                0x0000000008008768       0xb0 ../Middlewares/ST/AI/Lib/NetworkRuntime800_CM4_GCC.a(st_padding_opt.o)
                0x0000000008008768                ai_padding_opt_init
 .text.ai_padding_opt_phase1
                0x0000000008008818       0x34 ../Middlewares/ST/AI/Lib/NetworkRuntime800_CM4_GCC.a(st_padding_opt.o)
                0x0000000008008818                ai_padding_opt_phase1
 .text.st_int8_to16_dual
                0x000000000800884c      0x1d4 ../Middlewares/ST/AI/Lib/NetworkRuntime800_CM4_GCC.a(st_int8_to16_no_shift.o)
                0x000000000800884c                st_int8_to16_dual
 .text.weights_2channels_prefetch
                0x0000000008008a20      0x1d4 ../Middlewares/ST/AI/Lib/NetworkRuntime800_CM4_GCC.a(st_sssa8_ch_nn_mat_mult_nt_t.o)
                0x0000000008008a20                weights_2channels_prefetch
 .text.st_sssa8_ch_fullW_prefetch
                0x0000000008008bf4       0x80 ../Middlewares/ST/AI/Lib/NetworkRuntime800_CM4_GCC.a(st_sssa8_ch_nn_mat_mult_nt_t.o)
                0x0000000008008bf4                st_sssa8_ch_fullW_prefetch
 .text.st_sssa8_ch_nn_mat_mult_conv2d_nt_t
                0x0000000008008c74      0xbc4 ../Middlewares/ST/AI/Lib/NetworkRuntime800_CM4_GCC.a(st_sssa8_ch_nn_mat_mult_nt_t.o)
                0x0000000008008c74                st_sssa8_ch_nn_mat_mult_conv2d_nt_t
 .text.st_int8_fill
                0x0000000008009838       0xc4 ../Middlewares/ST/AI/Lib/NetworkRuntime800_CM4_GCC.a(st_int8_fill.o)
                0x0000000008009838                st_int8_fill
 .text.st_int8_copy
                0x00000000080098fc       0xf0 ../Middlewares/ST/AI/Lib/NetworkRuntime800_CM4_GCC.a(st_int8_fill.o)
                0x00000000080098fc                st_int8_copy
 .text.st_int8_reordered_no_shift_zero
                0x00000000080099ec       0x6c ../Middlewares/ST/AI/Lib/NetworkRuntime800_CM4_GCC.a(st_int8_reordered_no_shift.o)
                0x00000000080099ec                st_int8_reordered_no_shift_zero
 .text.st_sssa8_ch_nn_mat_mult_kernel_opt
                0x0000000008009a58      0x63c ../Middlewares/ST/AI/Lib/NetworkRuntime800_CM4_GCC.a(st_sssa8_ch_nn_mat_mult_kernel_opt.o)
                0x0000000008009a58                st_sssa8_ch_nn_mat_mult_kernel_opt
 .text.st_sssa8_ch_nn_mat_mult_kernel_single_opt
                0x000000000800a094      0x418 ../Middlewares/ST/AI/Lib/NetworkRuntime800_CM4_GCC.a(st_sssa8_ch_nn_mat_mult_kernel_opt.o)
                0x000000000800a094                st_sssa8_ch_nn_mat_mult_kernel_single_opt
 .text.st_int8_maxpool
                0x000000000800a4ac      0x5c0 ../Middlewares/ST/AI/Lib/NetworkRuntime800_CM4_GCC.a(st_int8_pool.o)
                0x000000000800a4ac                st_int8_maxpool
 .text.arm_float_to_q15
                0x000000000800aa6c      0x18c ../Middlewares/ST/AI/Lib/NetworkRuntime800_CM4_GCC.a(arm_float_to_q15.o)
                0x000000000800aa6c                arm_float_to_q15
 .text.arm_float_to_q7
                0x000000000800abf8      0x1bc ../Middlewares/ST/AI/Lib/NetworkRuntime800_CM4_GCC.a(arm_float_to_q7.o)
                0x000000000800abf8                arm_float_to_q7
 .text.arm_q15_to_float
                0x000000000800adb4       0xcc ../Middlewares/ST/AI/Lib/NetworkRuntime800_CM4_GCC.a(arm_q15_to_float.o)
                0x000000000800adb4                arm_q15_to_float
 .text.arm_q7_to_float
                0x000000000800ae80       0xcc ../Middlewares/ST/AI/Lib/NetworkRuntime800_CM4_GCC.a(arm_q7_to_float.o)
                0x000000000800ae80                arm_q7_to_float
 .text.ai_version_get
                0x000000000800af4c        0xc ../Middlewares/ST/AI/Lib/NetworkRuntime800_CM4_GCC.a(ai_datatypes_internal.o)
                0x000000000800af4c                ai_version_get
 .text.get_tensor_byte_size
                0x000000000800af58       0x30 ../Middlewares/ST/AI/Lib/NetworkRuntime800_CM4_GCC.a(ai_datatypes_internal.o)
                0x000000000800af58                get_tensor_byte_size
 .text.ai_array_to_buffer_fmt
                0x000000000800af88       0xd8 ../Middlewares/ST/AI/Lib/NetworkRuntime800_CM4_GCC.a(ai_datatypes_format.o)
                0x000000000800af88                ai_array_to_buffer_fmt
 .text.ai_array_get_byte_size
                0x000000000800b060       0x50 ../Middlewares/ST/AI/Lib/NetworkRuntime800_CM4_GCC.a(ai_datatypes_format.o)
                0x000000000800b060                ai_array_get_byte_size
 .text.ai_array_get_data_byte_size
                0x000000000800b0b0       0x24 ../Middlewares/ST/AI/Lib/NetworkRuntime800_CM4_GCC.a(ai_datatypes_format.o)
                0x000000000800b0b0                ai_array_get_data_byte_size
 .text.core_tensor_clone
                0x000000000800b0d4       0x64 ../Middlewares/ST/AI/Lib/NetworkRuntime800_CM4_GCC.a(core_utils.o)
                0x000000000800b0d4                core_tensor_clone
 .text.core_array_clone
                0x000000000800b138        0xc ../Middlewares/ST/AI/Lib/NetworkRuntime800_CM4_GCC.a(core_utils.o)
                0x000000000800b138                core_array_clone
 .text.fabsf    0x000000000800b144        0xe /Applications/STM32CubeIDE.app/Contents/Eclipse/plugins/com.st.stm32cube.ide.mcu.externaltools.gnu-tools-for-stm32.10.3-2021.10.macos64_1.0.100.202210260954/tools/bin/../lib/gcc/arm-none-eabi/10.3.1/../../../../arm-none-eabi/lib/thumb/v7e-m+fp/hard/libm.a(lib_a-sf_fabs.o)
                0x000000000800b144                fabsf
 *fill*         0x000000000800b152        0x2 
 .text.expf     0x000000000800b154       0x6c /Applications/STM32CubeIDE.app/Contents/Eclipse/plugins/com.st.stm32cube.ide.mcu.externaltools.gnu-tools-for-stm32.10.3-2021.10.macos64_1.0.100.202210260954/tools/bin/../lib/gcc/arm-none-eabi/10.3.1/../../../../arm-none-eabi/lib/thumb/v7e-m+fp/hard/libm.a(lib_a-wf_exp.o)
                0x000000000800b154                expf
 .text.powf     0x000000000800b1c0       0xae /Applications/STM32CubeIDE.app/Contents/Eclipse/plugins/com.st.stm32cube.ide.mcu.externaltools.gnu-tools-for-stm32.10.3-2021.10.macos64_1.0.100.202210260954/tools/bin/../lib/gcc/arm-none-eabi/10.3.1/../../../../arm-none-eabi/lib/thumb/v7e-m+fp/hard/libm.a(lib_a-wf_pow.o)
                0x000000000800b1c0                powf
 *fill*         0x000000000800b26e        0x2 
 .text.__ieee754_expf
                0x000000000800b270      0x19c /Applications/STM32CubeIDE.app/Contents/Eclipse/plugins/com.st.stm32cube.ide.mcu.externaltools.gnu-tools-for-stm32.10.3-2021.10.macos64_1.0.100.202210260954/tools/bin/../lib/gcc/arm-none-eabi/10.3.1/../../../../arm-none-eabi/lib/thumb/v7e-m+fp/hard/libm.a(lib_a-ef_exp.o)
                0x000000000800b270                __ieee754_expf
 .text.__ieee754_powf
                0x000000000800b40c      0x59c /Applications/STM32CubeIDE.app/Contents/Eclipse/plugins/com.st.stm32cube.ide.mcu.externaltools.gnu-tools-for-stm32.10.3-2021.10.macos64_1.0.100.202210260954/tools/bin/../lib/gcc/arm-none-eabi/10.3.1/../../../../arm-none-eabi/lib/thumb/v7e-m+fp/hard/libm.a(lib_a-ef_pow.o)
                0x000000000800b40c                __ieee754_powf
 .text.__ieee754_sqrtf
                0x000000000800b9a8        0x6 /Applications/STM32CubeIDE.app/Contents/Eclipse/plugins/com.st.stm32cube.ide.mcu.externaltools.gnu-tools-for-stm32.10.3-2021.10.macos64_1.0.100.202210260954/tools/bin/../lib/gcc/arm-none-eabi/10.3.1/../../../../arm-none-eabi/lib/thumb/v7e-m+fp/hard/libm.a(lib_a-ef_sqrt.o)
                0x000000000800b9a8                __ieee754_sqrtf
 .text.with_errnof
                0x000000000800b9ae       0x16 /Applications/STM32CubeIDE.app/Contents/Eclipse/plugins/com.st.stm32cube.ide.mcu.externaltools.gnu-tools-for-stm32.10.3-2021.10.macos64_1.0.100.202210260954/tools/bin/../lib/gcc/arm-none-eabi/10.3.1/../../../../arm-none-eabi/lib/thumb/v7e-m+fp/hard/libm.a(lib_a-math_errf.o)
 .text.xflowf   0x000000000800b9c4       0x16 /Applications/STM32CubeIDE.app/Contents/Eclipse/plugins/com.st.stm32cube.ide.mcu.externaltools.gnu-tools-for-stm32.10.3-2021.10.macos64_1.0.100.202210260954/tools/bin/../lib/gcc/arm-none-eabi/10.3.1/../../../../arm-none-eabi/lib/thumb/v7e-m+fp/hard/libm.a(lib_a-math_errf.o)
 *fill*         0x000000000800b9da        0x2 
 .text.__math_uflowf
                0x000000000800b9dc        0xc /Applications/STM32CubeIDE.app/Contents/Eclipse/plugins/com.st.stm32cube.ide.mcu.externaltools.gnu-tools-for-stm32.10.3-2021.10.macos64_1.0.100.202210260954/tools/bin/../lib/gcc/arm-none-eabi/10.3.1/../../../../arm-none-eabi/lib/thumb/v7e-m+fp/hard/libm.a(lib_a-math_errf.o)
                0x000000000800b9dc                __math_uflowf
 .text.__math_oflowf
                0x000000000800b9e8        0xc /Applications/STM32CubeIDE.app/Contents/Eclipse/plugins/com.st.stm32cube.ide.mcu.externaltools.gnu-tools-for-stm32.10.3-2021.10.macos64_1.0.100.202210260954/tools/bin/../lib/gcc/arm-none-eabi/10.3.1/../../../../arm-none-eabi/lib/thumb/v7e-m+fp/hard/libm.a(lib_a-math_errf.o)
                0x000000000800b9e8                __math_oflowf
 .text.finitef  0x000000000800b9f4       0x1a /Applications/STM32CubeIDE.app/Contents/Eclipse/plugins/com.st.stm32cube.ide.mcu.externaltools.gnu-tools-for-stm32.10.3-2021.10.macos64_1.0.100.202210260954/tools/bin/../lib/gcc/arm-none-eabi/10.3.1/../../../../arm-none-eabi/lib/thumb/v7e-m+fp/hard/libm.a(lib_a-sf_finite.o)
                0x000000000800b9f4                finitef
 *fill*         0x000000000800ba0e        0x2 
 .text.scalbnf  0x000000000800ba10       0xe4 /Applications/STM32CubeIDE.app/Contents/Eclipse/plugins/com.st.stm32cube.ide.mcu.externaltools.gnu-tools-for-stm32.10.3-2021.10.macos64_1.0.100.202210260954/tools/bin/../lib/gcc/arm-none-eabi/10.3.1/../../../../arm-none-eabi/lib/thumb/v7e-m+fp/hard/libm.a(lib_a-sf_scalbn.o)
                0x000000000800ba10                scalbnf
 .text.__errno  0x000000000800baf4        0xc /Applications/STM32CubeIDE.app/Contents/Eclipse/plugins/com.st.stm32cube.ide.mcu.externaltools.gnu-tools-for-stm32.10.3-2021.10.macos64_1.0.100.202210260954/tools/bin/../lib/gcc/arm-none-eabi/10.3.1/../../../../arm-none-eabi/lib/thumb/v7e-m+fp/hard/libc_nano.a(lib_a-errno.o)
                0x000000000800baf4                __errno
 .text.__libc_init_array
                0x000000000800bb00       0x48 /Applications/STM32CubeIDE.app/Contents/Eclipse/plugins/com.st.stm32cube.ide.mcu.externaltools.gnu-tools-for-stm32.10.3-2021.10.macos64_1.0.100.202210260954/tools/bin/../lib/gcc/arm-none-eabi/10.3.1/../../../../arm-none-eabi/lib/thumb/v7e-m+fp/hard/libc_nano.a(lib_a-init.o)
                0x000000000800bb00                __libc_init_array
 .text.memcpy   0x000000000800bb48       0x1c /Applications/STM32CubeIDE.app/Contents/Eclipse/plugins/com.st.stm32cube.ide.mcu.externaltools.gnu-tools-for-stm32.10.3-2021.10.macos64_1.0.100.202210260954/tools/bin/../lib/gcc/arm-none-eabi/10.3.1/../../../../arm-none-eabi/lib/thumb/v7e-m+fp/hard/libc_nano.a(lib_a-memcpy-stub.o)
                0x000000000800bb48                memcpy
 .text.memset   0x000000000800bb64       0x10 /Applications/STM32CubeIDE.app/Contents/Eclipse/plugins/com.st.stm32cube.ide.mcu.externaltools.gnu-tools-for-stm32.10.3-2021.10.macos64_1.0.100.202210260954/tools/bin/../lib/gcc/arm-none-eabi/10.3.1/../../../../arm-none-eabi/lib/thumb/v7e-m+fp/hard/libc_nano.a(lib_a-memset.o)
                0x000000000800bb64                memset
 .text._free_r  0x000000000800bb74       0x98 /Applications/STM32CubeIDE.app/Contents/Eclipse/plugins/com.st.stm32cube.ide.mcu.externaltools.gnu-tools-for-stm32.10.3-2021.10.macos64_1.0.100.202210260954/tools/bin/../lib/gcc/arm-none-eabi/10.3.1/../../../../arm-none-eabi/lib/thumb/v7e-m+fp/hard/libc_nano.a(lib_a-nano-freer.o)
                0x000000000800bb74                _free_r
 .text.sbrk_aligned
                0x000000000800bc0c       0x40 /Applications/STM32CubeIDE.app/Contents/Eclipse/plugins/com.st.stm32cube.ide.mcu.externaltools.gnu-tools-for-stm32.10.3-2021.10.macos64_1.0.100.202210260954/tools/bin/../lib/gcc/arm-none-eabi/10.3.1/../../../../arm-none-eabi/lib/thumb/v7e-m+fp/hard/libc_nano.a(lib_a-nano-mallocr.o)
 .text._malloc_r
                0x000000000800bc4c       0xe8 /Applications/STM32CubeIDE.app/Contents/Eclipse/plugins/com.st.stm32cube.ide.mcu.externaltools.gnu-tools-for-stm32.10.3-2021.10.macos64_1.0.100.202210260954/tools/bin/../lib/gcc/arm-none-eabi/10.3.1/../../../../arm-none-eabi/lib/thumb/v7e-m+fp/hard/libc_nano.a(lib_a-nano-mallocr.o)
                0x000000000800bc4c                _malloc_r
 .text.printf   0x000000000800bd34       0x30 /Applications/STM32CubeIDE.app/Contents/Eclipse/plugins/com.st.stm32cube.ide.mcu.externaltools.gnu-tools-for-stm32.10.3-2021.10.macos64_1.0.100.202210260954/tools/bin/../lib/gcc/arm-none-eabi/10.3.1/../../../../arm-none-eabi/lib/thumb/v7e-m+fp/hard/libc_nano.a(lib_a-printf.o)
                0x000000000800bd34                printf
                0x000000000800bd34                iprintf
 .text._puts_r  0x000000000800bd64       0xdc /Applications/STM32CubeIDE.app/Contents/Eclipse/plugins/com.st.stm32cube.ide.mcu.externaltools.gnu-tools-for-stm32.10.3-2021.10.macos64_1.0.100.202210260954/tools/bin/../lib/gcc/arm-none-eabi/10.3.1/../../../../arm-none-eabi/lib/thumb/v7e-m+fp/hard/libc_nano.a(lib_a-puts.o)
                0x000000000800bd64                _puts_r
 .text.puts     0x000000000800be40       0x10 /Applications/STM32CubeIDE.app/Contents/Eclipse/plugins/com.st.stm32cube.ide.mcu.externaltools.gnu-tools-for-stm32.10.3-2021.10.macos64_1.0.100.202210260954/tools/bin/../lib/gcc/arm-none-eabi/10.3.1/../../../../arm-none-eabi/lib/thumb/v7e-m+fp/hard/libc_nano.a(lib_a-puts.o)
                0x000000000800be40                puts
 .text._sbrk_r  0x000000000800be50       0x20 /Applications/STM32CubeIDE.app/Contents/Eclipse/plugins/com.st.stm32cube.ide.mcu.externaltools.gnu-tools-for-stm32.10.3-2021.10.macos64_1.0.100.202210260954/tools/bin/../lib/gcc/arm-none-eabi/10.3.1/../../../../arm-none-eabi/lib/thumb/v7e-m+fp/hard/libc_nano.a(lib_a-sbrkr.o)
                0x000000000800be50                _sbrk_r
 .text.__swbuf_r
                0x000000000800be70       0xa4 /Applications/STM32CubeIDE.app/Contents/Eclipse/plugins/com.st.stm32cube.ide.mcu.externaltools.gnu-tools-for-stm32.10.3-2021.10.macos64_1.0.100.202210260954/tools/bin/../lib/gcc/arm-none-eabi/10.3.1/../../../../arm-none-eabi/lib/thumb/v7e-m+fp/hard/libc_nano.a(lib_a-wbuf.o)
                0x000000000800be70                __swbuf_r
 .text.__swsetup_r
                0x000000000800bf14       0xdc /Applications/STM32CubeIDE.app/Contents/Eclipse/plugins/com.st.stm32cube.ide.mcu.externaltools.gnu-tools-for-stm32.10.3-2021.10.macos64_1.0.100.202210260954/tools/bin/../lib/gcc/arm-none-eabi/10.3.1/../../../../arm-none-eabi/lib/thumb/v7e-m+fp/hard/libc_nano.a(lib_a-wsetup.o)
                0x000000000800bf14                __swsetup_r
 .text.__sflush_r
                0x000000000800bff0      0x10c /Applications/STM32CubeIDE.app/Contents/Eclipse/plugins/com.st.stm32cube.ide.mcu.externaltools.gnu-tools-for-stm32.10.3-2021.10.macos64_1.0.100.202210260954/tools/bin/../lib/gcc/arm-none-eabi/10.3.1/../../../../arm-none-eabi/lib/thumb/v7e-m+fp/hard/libc_nano.a(lib_a-fflush.o)
                0x000000000800bff0                __sflush_r
 .text._fflush_r
                0x000000000800c0fc       0x78 /Applications/STM32CubeIDE.app/Contents/Eclipse/plugins/com.st.stm32cube.ide.mcu.externaltools.gnu-tools-for-stm32.10.3-2021.10.macos64_1.0.100.202210260954/tools/bin/../lib/gcc/arm-none-eabi/10.3.1/../../../../arm-none-eabi/lib/thumb/v7e-m+fp/hard/libc_nano.a(lib_a-fflush.o)
                0x000000000800c0fc                _fflush_r
 .text.std      0x000000000800c174       0x48 /Applications/STM32CubeIDE.app/Contents/Eclipse/plugins/com.st.stm32cube.ide.mcu.externaltools.gnu-tools-for-stm32.10.3-2021.10.macos64_1.0.100.202210260954/tools/bin/../lib/gcc/arm-none-eabi/10.3.1/../../../../arm-none-eabi/lib/thumb/v7e-m+fp/hard/libc_nano.a(lib_a-findfp.o)
 .text._cleanup_r
                0x000000000800c1bc        0xc /Applications/STM32CubeIDE.app/Contents/Eclipse/plugins/com.st.stm32cube.ide.mcu.externaltools.gnu-tools-for-stm32.10.3-2021.10.macos64_1.0.100.202210260954/tools/bin/../lib/gcc/arm-none-eabi/10.3.1/../../../../arm-none-eabi/lib/thumb/v7e-m+fp/hard/libc_nano.a(lib_a-findfp.o)
                0x000000000800c1bc                _cleanup_r
 .text.__sfmoreglue
                0x000000000800c1c8       0x2c /Applications/STM32CubeIDE.app/Contents/Eclipse/plugins/com.st.stm32cube.ide.mcu.externaltools.gnu-tools-for-stm32.10.3-2021.10.macos64_1.0.100.202210260954/tools/bin/../lib/gcc/arm-none-eabi/10.3.1/../../../../arm-none-eabi/lib/thumb/v7e-m+fp/hard/libc_nano.a(lib_a-findfp.o)
                0x000000000800c1c8                __sfmoreglue
 .text.__sfp_lock_acquire
                0x000000000800c1f4        0xc /Applications/STM32CubeIDE.app/Contents/Eclipse/plugins/com.st.stm32cube.ide.mcu.externaltools.gnu-tools-for-stm32.10.3-2021.10.macos64_1.0.100.202210260954/tools/bin/../lib/gcc/arm-none-eabi/10.3.1/../../../../arm-none-eabi/lib/thumb/v7e-m+fp/hard/libc_nano.a(lib_a-findfp.o)
                0x000000000800c1f4                __sfp_lock_acquire
 .text.__sfp_lock_release
                0x000000000800c200        0xc /Applications/STM32CubeIDE.app/Contents/Eclipse/plugins/com.st.stm32cube.ide.mcu.externaltools.gnu-tools-for-stm32.10.3-2021.10.macos64_1.0.100.202210260954/tools/bin/../lib/gcc/arm-none-eabi/10.3.1/../../../../arm-none-eabi/lib/thumb/v7e-m+fp/hard/libc_nano.a(lib_a-findfp.o)
                0x000000000800c200                __sfp_lock_release
 .text.__sinit_lock_acquire
                0x000000000800c20c        0xc /Applications/STM32CubeIDE.app/Contents/Eclipse/plugins/com.st.stm32cube.ide.mcu.externaltools.gnu-tools-for-stm32.10.3-2021.10.macos64_1.0.100.202210260954/tools/bin/../lib/gcc/arm-none-eabi/10.3.1/../../../../arm-none-eabi/lib/thumb/v7e-m+fp/hard/libc_nano.a(lib_a-findfp.o)
                0x000000000800c20c                __sinit_lock_acquire
 .text.__sinit_lock_release
                0x000000000800c218        0xc /Applications/STM32CubeIDE.app/Contents/Eclipse/plugins/com.st.stm32cube.ide.mcu.externaltools.gnu-tools-for-stm32.10.3-2021.10.macos64_1.0.100.202210260954/tools/bin/../lib/gcc/arm-none-eabi/10.3.1/../../../../arm-none-eabi/lib/thumb/v7e-m+fp/hard/libc_nano.a(lib_a-findfp.o)
                0x000000000800c218                __sinit_lock_release
 .text.__sinit  0x000000000800c224       0x70 /Applications/STM32CubeIDE.app/Contents/Eclipse/plugins/com.st.stm32cube.ide.mcu.externaltools.gnu-tools-for-stm32.10.3-2021.10.macos64_1.0.100.202210260954/tools/bin/../lib/gcc/arm-none-eabi/10.3.1/../../../../arm-none-eabi/lib/thumb/v7e-m+fp/hard/libc_nano.a(lib_a-findfp.o)
                0x000000000800c224                __sinit
 .text.__sfp    0x000000000800c294       0x8c /Applications/STM32CubeIDE.app/Contents/Eclipse/plugins/com.st.stm32cube.ide.mcu.externaltools.gnu-tools-for-stm32.10.3-2021.10.macos64_1.0.100.202210260954/tools/bin/../lib/gcc/arm-none-eabi/10.3.1/../../../../arm-none-eabi/lib/thumb/v7e-m+fp/hard/libc_nano.a(lib_a-findfp.o)
                0x000000000800c294                __sfp
 .text._fwalk_reent
                0x000000000800c320       0x3e /Applications/STM32CubeIDE.app/Contents/Eclipse/plugins/com.st.stm32cube.ide.mcu.externaltools.gnu-tools-for-stm32.10.3-2021.10.macos64_1.0.100.202210260954/tools/bin/../lib/gcc/arm-none-eabi/10.3.1/../../../../arm-none-eabi/lib/thumb/v7e-m+fp/hard/libc_nano.a(lib_a-fwalk.o)
                0x000000000800c320                _fwalk_reent
 .text.__retarget_lock_init_recursive
                0x000000000800c35e        0x2 /Applications/STM32CubeIDE.app/Contents/Eclipse/plugins/com.st.stm32cube.ide.mcu.externaltools.gnu-tools-for-stm32.10.3-2021.10.macos64_1.0.100.202210260954/tools/bin/../lib/gcc/arm-none-eabi/10.3.1/../../../../arm-none-eabi/lib/thumb/v7e-m+fp/hard/libc_nano.a(lib_a-lock.o)
                0x000000000800c35e                __retarget_lock_init_recursive
 .text.__retarget_lock_acquire_recursive
                0x000000000800c360        0x2 /Applications/STM32CubeIDE.app/Contents/Eclipse/plugins/com.st.stm32cube.ide.mcu.externaltools.gnu-tools-for-stm32.10.3-2021.10.macos64_1.0.100.202210260954/tools/bin/../lib/gcc/arm-none-eabi/10.3.1/../../../../arm-none-eabi/lib/thumb/v7e-m+fp/hard/libc_nano.a(lib_a-lock.o)
                0x000000000800c360                __retarget_lock_acquire_recursive
 .text.__retarget_lock_release_recursive
                0x000000000800c362        0x2 /Applications/STM32CubeIDE.app/Contents/Eclipse/plugins/com.st.stm32cube.ide.mcu.externaltools.gnu-tools-for-stm32.10.3-2021.10.macos64_1.0.100.202210260954/tools/bin/../lib/gcc/arm-none-eabi/10.3.1/../../../../arm-none-eabi/lib/thumb/v7e-m+fp/hard/libc_nano.a(lib_a-lock.o)
                0x000000000800c362                __retarget_lock_release_recursive
 .text.__swhatbuf_r
                0x000000000800c364       0x4a /Applications/STM32CubeIDE.app/Contents/Eclipse/plugins/com.st.stm32cube.ide.mcu.externaltools.gnu-tools-for-stm32.10.3-2021.10.macos64_1.0.100.202210260954/tools/bin/../lib/gcc/arm-none-eabi/10.3.1/../../../../arm-none-eabi/lib/thumb/v7e-m+fp/hard/libc_nano.a(lib_a-makebuf.o)
                0x000000000800c364                __swhatbuf_r
 *fill*         0x000000000800c3ae        0x2 
 .text.__smakebuf_r
                0x000000000800c3b0       0x80 /Applications/STM32CubeIDE.app/Contents/Eclipse/plugins/com.st.stm32cube.ide.mcu.externaltools.gnu-tools-for-stm32.10.3-2021.10.macos64_1.0.100.202210260954/tools/bin/../lib/gcc/arm-none-eabi/10.3.1/../../../../arm-none-eabi/lib/thumb/v7e-m+fp/hard/libc_nano.a(lib_a-makebuf.o)
                0x000000000800c3b0                __smakebuf_r
 .text.__malloc_lock
                0x000000000800c430        0xc /Applications/STM32CubeIDE.app/Contents/Eclipse/plugins/com.st.stm32cube.ide.mcu.externaltools.gnu-tools-for-stm32.10.3-2021.10.macos64_1.0.100.202210260954/tools/bin/../lib/gcc/arm-none-eabi/10.3.1/../../../../arm-none-eabi/lib/thumb/v7e-m+fp/hard/libc_nano.a(lib_a-mlock.o)
                0x000000000800c430                __malloc_lock
 .text.__malloc_unlock
                0x000000000800c43c        0xc /Applications/STM32CubeIDE.app/Contents/Eclipse/plugins/com.st.stm32cube.ide.mcu.externaltools.gnu-tools-for-stm32.10.3-2021.10.macos64_1.0.100.202210260954/tools/bin/../lib/gcc/arm-none-eabi/10.3.1/../../../../arm-none-eabi/lib/thumb/v7e-m+fp/hard/libc_nano.a(lib_a-mlock.o)
                0x000000000800c43c                __malloc_unlock
 .text.__sfputc_r
                0x000000000800c448       0x2e /Applications/STM32CubeIDE.app/Contents/Eclipse/plugins/com.st.stm32cube.ide.mcu.externaltools.gnu-tools-for-stm32.10.3-2021.10.macos64_1.0.100.202210260954/tools/bin/../lib/gcc/arm-none-eabi/10.3.1/../../../../arm-none-eabi/lib/thumb/v7e-m+fp/hard/libc_nano.a(lib_a-nano-vfprintf.o)
 .text.__sfputs_r
                0x000000000800c476       0x24 /Applications/STM32CubeIDE.app/Contents/Eclipse/plugins/com.st.stm32cube.ide.mcu.externaltools.gnu-tools-for-stm32.10.3-2021.10.macos64_1.0.100.202210260954/tools/bin/../lib/gcc/arm-none-eabi/10.3.1/../../../../arm-none-eabi/lib/thumb/v7e-m+fp/hard/libc_nano.a(lib_a-nano-vfprintf.o)
                0x000000000800c476                __sfputs_r
 *fill*         0x000000000800c49a        0x2 
 .text._vfprintf_r
                0x000000000800c49c      0x260 /Applications/STM32CubeIDE.app/Contents/Eclipse/plugins/com.st.stm32cube.ide.mcu.externaltools.gnu-tools-for-stm32.10.3-2021.10.macos64_1.0.100.202210260954/tools/bin/../lib/gcc/arm-none-eabi/10.3.1/../../../../arm-none-eabi/lib/thumb/v7e-m+fp/hard/libc_nano.a(lib_a-nano-vfprintf.o)
                0x000000000800c49c                _vfiprintf_r
                0x000000000800c49c                _vfprintf_r
 .text._printf_common
                0x000000000800c6fc       0xda /Applications/STM32CubeIDE.app/Contents/Eclipse/plugins/com.st.stm32cube.ide.mcu.externaltools.gnu-tools-for-stm32.10.3-2021.10.macos64_1.0.100.202210260954/tools/bin/../lib/gcc/arm-none-eabi/10.3.1/../../../../arm-none-eabi/lib/thumb/v7e-m+fp/hard/libc_nano.a(lib_a-nano-vfprintf_i.o)
                0x000000000800c6fc                _printf_common
 *fill*         0x000000000800c7d6        0x2 
 .text._printf_i
                0x000000000800c7d8      0x24c /Applications/STM32CubeIDE.app/Contents/Eclipse/plugins/com.st.stm32cube.ide.mcu.externaltools.gnu-tools-for-stm32.10.3-2021.10.macos64_1.0.100.202210260954/tools/bin/../lib/gcc/arm-none-eabi/10.3.1/../../../../arm-none-eabi/lib/thumb/v7e-m+fp/hard/libc_nano.a(lib_a-nano-vfprintf_i.o)
                0x000000000800c7d8                _printf_i
 .text.__sread  0x000000000800ca24       0x22 /Applications/STM32CubeIDE.app/Contents/Eclipse/plugins/com.st.stm32cube.ide.mcu.externaltools.gnu-tools-for-stm32.10.3-2021.10.macos64_1.0.100.202210260954/tools/bin/../lib/gcc/arm-none-eabi/10.3.1/../../../../arm-none-eabi/lib/thumb/v7e-m+fp/hard/libc_nano.a(lib_a-stdio.o)
                0x000000000800ca24                __sread
 .text.__swrite
                0x000000000800ca46       0x38 /Applications/STM32CubeIDE.app/Contents/Eclipse/plugins/com.st.stm32cube.ide.mcu.externaltools.gnu-tools-for-stm32.10.3-2021.10.macos64_1.0.100.202210260954/tools/bin/../lib/gcc/arm-none-eabi/10.3.1/../../../../arm-none-eabi/lib/thumb/v7e-m+fp/hard/libc_nano.a(lib_a-stdio.o)
                0x000000000800ca46                __swrite
 .text.__sseek  0x000000000800ca7e       0x24 /Applications/STM32CubeIDE.app/Contents/Eclipse/plugins/com.st.stm32cube.ide.mcu.externaltools.gnu-tools-for-stm32.10.3-2021.10.macos64_1.0.100.202210260954/tools/bin/../lib/gcc/arm-none-eabi/10.3.1/../../../../arm-none-eabi/lib/thumb/v7e-m+fp/hard/libc_nano.a(lib_a-stdio.o)
                0x000000000800ca7e                __sseek
 .text.__sclose
                0x000000000800caa2        0x8 /Applications/STM32CubeIDE.app/Contents/Eclipse/plugins/com.st.stm32cube.ide.mcu.externaltools.gnu-tools-for-stm32.10.3-2021.10.macos64_1.0.100.202210260954/tools/bin/../lib/gcc/arm-none-eabi/10.3.1/../../../../arm-none-eabi/lib/thumb/v7e-m+fp/hard/libc_nano.a(lib_a-stdio.o)
                0x000000000800caa2                __sclose
 *fill*         0x000000000800caaa        0x2 
 .text._write_r
                0x000000000800caac       0x24 /Applications/STM32CubeIDE.app/Contents/Eclipse/plugins/com.st.stm32cube.ide.mcu.externaltools.gnu-tools-for-stm32.10.3-2021.10.macos64_1.0.100.202210260954/tools/bin/../lib/gcc/arm-none-eabi/10.3.1/../../../../arm-none-eabi/lib/thumb/v7e-m+fp/hard/libc_nano.a(lib_a-writer.o)
                0x000000000800caac                _write_r
 .text._close_r
                0x000000000800cad0       0x20 /Applications/STM32CubeIDE.app/Contents/Eclipse/plugins/com.st.stm32cube.ide.mcu.externaltools.gnu-tools-for-stm32.10.3-2021.10.macos64_1.0.100.202210260954/tools/bin/../lib/gcc/arm-none-eabi/10.3.1/../../../../arm-none-eabi/lib/thumb/v7e-m+fp/hard/libc_nano.a(lib_a-closer.o)
                0x000000000800cad0                _close_r
 .text._fstat_r
                0x000000000800caf0       0x24 /Applications/STM32CubeIDE.app/Contents/Eclipse/plugins/com.st.stm32cube.ide.mcu.externaltools.gnu-tools-for-stm32.10.3-2021.10.macos64_1.0.100.202210260954/tools/bin/../lib/gcc/arm-none-eabi/10.3.1/../../../../arm-none-eabi/lib/thumb/v7e-m+fp/hard/libc_nano.a(lib_a-fstatr.o)
                0x000000000800caf0                _fstat_r
 .text._isatty_r
                0x000000000800cb14       0x20 /Applications/STM32CubeIDE.app/Contents/Eclipse/plugins/com.st.stm32cube.ide.mcu.externaltools.gnu-tools-for-stm32.10.3-2021.10.macos64_1.0.100.202210260954/tools/bin/../lib/gcc/arm-none-eabi/10.3.1/../../../../arm-none-eabi/lib/thumb/v7e-m+fp/hard/libc_nano.a(lib_a-isattyr.o)
                0x000000000800cb14                _isatty_r
 .text._lseek_r
                0x000000000800cb34       0x24 /Applications/STM32CubeIDE.app/Contents/Eclipse/plugins/com.st.stm32cube.ide.mcu.externaltools.gnu-tools-for-stm32.10.3-2021.10.macos64_1.0.100.202210260954/tools/bin/../lib/gcc/arm-none-eabi/10.3.1/../../../../arm-none-eabi/lib/thumb/v7e-m+fp/hard/libc_nano.a(lib_a-lseekr.o)
                0x000000000800cb34                _lseek_r
 .text._read_r  0x000000000800cb58       0x24 /Applications/STM32CubeIDE.app/Contents/Eclipse/plugins/com.st.stm32cube.ide.mcu.externaltools.gnu-tools-for-stm32.10.3-2021.10.macos64_1.0.100.202210260954/tools/bin/../lib/gcc/arm-none-eabi/10.3.1/../../../../arm-none-eabi/lib/thumb/v7e-m+fp/hard/libc_nano.a(lib_a-readr.o)
                0x000000000800cb58                _read_r
 .text._close   0x000000000800cb7c       0x10 /Applications/STM32CubeIDE.app/Contents/Eclipse/plugins/com.st.stm32cube.ide.mcu.externaltools.gnu-tools-for-stm32.10.3-2021.10.macos64_1.0.100.202210260954/tools/bin/../lib/gcc/arm-none-eabi/10.3.1/../../../../arm-none-eabi/lib/thumb/v7e-m+fp/hard/libnosys.a(close.o)
                0x000000000800cb7c                _close
 .text._fstat   0x000000000800cb8c       0x10 /Applications/STM32CubeIDE.app/Contents/Eclipse/plugins/com.st.stm32cube.ide.mcu.externaltools.gnu-tools-for-stm32.10.3-2021.10.macos64_1.0.100.202210260954/tools/bin/../lib/gcc/arm-none-eabi/10.3.1/../../../../arm-none-eabi/lib/thumb/v7e-m+fp/hard/libnosys.a(fstat.o)
                0x000000000800cb8c                _fstat
 .text._isatty  0x000000000800cb9c       0x10 /Applications/STM32CubeIDE.app/Contents/Eclipse/plugins/com.st.stm32cube.ide.mcu.externaltools.gnu-tools-for-stm32.10.3-2021.10.macos64_1.0.100.202210260954/tools/bin/../lib/gcc/arm-none-eabi/10.3.1/../../../../arm-none-eabi/lib/thumb/v7e-m+fp/hard/libnosys.a(isatty.o)
                0x000000000800cb9c                _isatty
 .text._lseek   0x000000000800cbac       0x10 /Applications/STM32CubeIDE.app/Contents/Eclipse/plugins/com.st.stm32cube.ide.mcu.externaltools.gnu-tools-for-stm32.10.3-2021.10.macos64_1.0.100.202210260954/tools/bin/../lib/gcc/arm-none-eabi/10.3.1/../../../../arm-none-eabi/lib/thumb/v7e-m+fp/hard/libnosys.a(lseek.o)
                0x000000000800cbac                _lseek
 .text._read    0x000000000800cbbc       0x10 /Applications/STM32CubeIDE.app/Contents/Eclipse/plugins/com.st.stm32cube.ide.mcu.externaltools.gnu-tools-for-stm32.10.3-2021.10.macos64_1.0.100.202210260954/tools/bin/../lib/gcc/arm-none-eabi/10.3.1/../../../../arm-none-eabi/lib/thumb/v7e-m+fp/hard/libnosys.a(read.o)
                0x000000000800cbbc                _read
 .text._write   0x000000000800cbcc       0x10 /Applications/STM32CubeIDE.app/Contents/Eclipse/plugins/com.st.stm32cube.ide.mcu.externaltools.gnu-tools-for-stm32.10.3-2021.10.macos64_1.0.100.202210260954/tools/bin/../lib/gcc/arm-none-eabi/10.3.1/../../../../arm-none-eabi/lib/thumb/v7e-m+fp/hard/libnosys.a(write.o)
                0x000000000800cbcc                _write
 *(.glue_7)
 .glue_7        0x000000000800cbdc        0x0 linker stubs
 *(.glue_7t)
 .glue_7t       0x000000000800cbdc        0x0 linker stubs
 *(.eh_frame)
 .eh_frame      0x000000000800cbdc        0x0 /Applications/STM32CubeIDE.app/Contents/Eclipse/plugins/com.st.stm32cube.ide.mcu.externaltools.gnu-tools-for-stm32.10.3-2021.10.macos64_1.0.100.202210260954/tools/bin/../lib/gcc/arm-none-eabi/10.3.1/thumb/v7e-m+fp/hard/crtbegin.o
 *(.init)
 .init          0x000000000800cbdc        0x4 /Applications/STM32CubeIDE.app/Contents/Eclipse/plugins/com.st.stm32cube.ide.mcu.externaltools.gnu-tools-for-stm32.10.3-2021.10.macos64_1.0.100.202210260954/tools/bin/../lib/gcc/arm-none-eabi/10.3.1/thumb/v7e-m+fp/hard/crti.o
                0x000000000800cbdc                _init
 .init          0x000000000800cbe0        0x8 /Applications/STM32CubeIDE.app/Contents/Eclipse/plugins/com.st.stm32cube.ide.mcu.externaltools.gnu-tools-for-stm32.10.3-2021.10.macos64_1.0.100.202210260954/tools/bin/../lib/gcc/arm-none-eabi/10.3.1/thumb/v7e-m+fp/hard/crtn.o
 *(.fini)
 .fini          0x000000000800cbe8        0x4 /Applications/STM32CubeIDE.app/Contents/Eclipse/plugins/com.st.stm32cube.ide.mcu.externaltools.gnu-tools-for-stm32.10.3-2021.10.macos64_1.0.100.202210260954/tools/bin/../lib/gcc/arm-none-eabi/10.3.1/thumb/v7e-m+fp/hard/crti.o
                0x000000000800cbe8                _fini
 .fini          0x000000000800cbec        0x8 /Applications/STM32CubeIDE.app/Contents/Eclipse/plugins/com.st.stm32cube.ide.mcu.externaltools.gnu-tools-for-stm32.10.3-2021.10.macos64_1.0.100.202210260954/tools/bin/../lib/gcc/arm-none-eabi/10.3.1/thumb/v7e-m+fp/hard/crtn.o
                0x000000000800cbf4                . = ALIGN (0x4)
                0x000000000800cbf4                _etext = .

.vfp11_veneer   0x000000000800cbf4        0x0
 .vfp11_veneer  0x000000000800cbf4        0x0 linker stubs

.v4_bx          0x000000000800cbf4        0x0
 .v4_bx         0x000000000800cbf4        0x0 linker stubs

.iplt           0x000000000800cbf4        0x0
 .iplt          0x000000000800cbf4        0x0 /Applications/STM32CubeIDE.app/Contents/Eclipse/plugins/com.st.stm32cube.ide.mcu.externaltools.gnu-tools-for-stm32.10.3-2021.10.macos64_1.0.100.202210260954/tools/bin/../lib/gcc/arm-none-eabi/10.3.1/thumb/v7e-m+fp/hard/crtbegin.o

.rodata         0x000000000800cc00    0xf3d40
                0x000000000800cc00                . = ALIGN (0x4)
 *(.rodata)
 .rodata        0x000000000800cc00       0xdf ./X-CUBE-AI/App/app_x-cube-ai.o
 *fill*         0x000000000800ccdf        0x1 
 .rodata        0x000000000800cce0       0x30 ./X-CUBE-AI/App/network_data.o
 *(.rodata*)
 .rodata.AHBPrescTable
                0x000000000800cd10       0x10 ./Core/Src/system_stm32l4xx.o
                0x000000000800cd10                AHBPrescTable
 .rodata.APBPrescTable
                0x000000000800cd20        0x8 ./Core/Src/system_stm32l4xx.o
                0x000000000800cd20                APBPrescTable
 .rodata.MSIRangeTable
                0x000000000800cd28       0x30 ./Core/Src/system_stm32l4xx.o
                0x000000000800cd28                MSIRangeTable
 .rodata.__compound_literal.0
                0x000000000800cd58        0x4 ./X-CUBE-AI/App/network.o
 .rodata.__compound_literal.1
                0x000000000800cd5c        0x1 ./X-CUBE-AI/App/network.o
 *fill*         0x000000000800cd5d        0x3 
 .rodata.__compound_literal.2
                0x000000000800cd60        0x8 ./X-CUBE-AI/App/network.o
 .rodata.conv2d_12_scratch1_array_intq
                0x000000000800cd68        0x8 ./X-CUBE-AI/App/network.o
 .rodata.__compound_literal.3
                0x000000000800cd70        0x4 ./X-CUBE-AI/App/network.o
 .rodata.__compound_literal.4
                0x000000000800cd74        0x1 ./X-CUBE-AI/App/network.o
 *fill*         0x000000000800cd75        0x3 
 .rodata.__compound_literal.5
                0x000000000800cd78        0x8 ./X-CUBE-AI/App/network.o
 .rodata.conv2d_16_scratch1_array_intq
                0x000000000800cd80        0x8 ./X-CUBE-AI/App/network.o
 .rodata.__compound_literal.6
                0x000000000800cd88        0x4 ./X-CUBE-AI/App/network.o
 .rodata.__compound_literal.7
                0x000000000800cd8c        0x1 ./X-CUBE-AI/App/network.o
 *fill*         0x000000000800cd8d        0x3 
 .rodata.__compound_literal.8
                0x000000000800cd90        0x8 ./X-CUBE-AI/App/network.o
 .rodata.serving_default_conv2d_39_input0_output_array_intq
                0x000000000800cd98        0x8 ./X-CUBE-AI/App/network.o
 .rodata.__compound_literal.9
                0x000000000800cda0        0x4 ./X-CUBE-AI/App/network.o
 .rodata.__compound_literal.10
                0x000000000800cda4        0x1 ./X-CUBE-AI/App/network.o
 *fill*         0x000000000800cda5        0x3 
 .rodata.__compound_literal.11
                0x000000000800cda8        0x8 ./X-CUBE-AI/App/network.o
 .rodata.conversion_0_output_array_intq
                0x000000000800cdb0        0x8 ./X-CUBE-AI/App/network.o
 .rodata.__compound_literal.12
                0x000000000800cdb8        0x4 ./X-CUBE-AI/App/network.o
 .rodata.__compound_literal.13
                0x000000000800cdbc        0x1 ./X-CUBE-AI/App/network.o
 *fill*         0x000000000800cdbd        0x3 
 .rodata.__compound_literal.14
                0x000000000800cdc0        0x8 ./X-CUBE-AI/App/network.o
 .rodata.conv2d_1_output_array_intq
                0x000000000800cdc8        0x8 ./X-CUBE-AI/App/network.o
 .rodata.__compound_literal.15
                0x000000000800cdd0        0x4 ./X-CUBE-AI/App/network.o
 .rodata.__compound_literal.16
                0x000000000800cdd4        0x1 ./X-CUBE-AI/App/network.o
 *fill*         0x000000000800cdd5        0x3 
 .rodata.__compound_literal.17
                0x000000000800cdd8        0x8 ./X-CUBE-AI/App/network.o
 .rodata.conv2d_2_pad_before_output_array_intq
                0x000000000800cde0        0x8 ./X-CUBE-AI/App/network.o
 .rodata.__compound_literal.18
                0x000000000800cde8        0x4 ./X-CUBE-AI/App/network.o
 .rodata.__compound_literal.19
                0x000000000800cdec        0x1 ./X-CUBE-AI/App/network.o
 *fill*         0x000000000800cded        0x3 
 .rodata.__compound_literal.20
                0x000000000800cdf0        0x8 ./X-CUBE-AI/App/network.o
 .rodata.conv2d_2_output_array_intq
                0x000000000800cdf8        0x8 ./X-CUBE-AI/App/network.o
 .rodata.__compound_literal.21
                0x000000000800ce00        0x4 ./X-CUBE-AI/App/network.o
 .rodata.__compound_literal.22
                0x000000000800ce04        0x1 ./X-CUBE-AI/App/network.o
 *fill*         0x000000000800ce05        0x3 
 .rodata.__compound_literal.23
                0x000000000800ce08        0x8 ./X-CUBE-AI/App/network.o
 .rodata.conv2d_3_pad_before_output_array_intq
                0x000000000800ce10        0x8 ./X-CUBE-AI/App/network.o
 .rodata.__compound_literal.24
                0x000000000800ce18        0x4 ./X-CUBE-AI/App/network.o
 .rodata.__compound_literal.25
                0x000000000800ce1c        0x1 ./X-CUBE-AI/App/network.o
 *fill*         0x000000000800ce1d        0x3 
 .rodata.__compound_literal.26
                0x000000000800ce20        0x8 ./X-CUBE-AI/App/network.o
 .rodata.conv2d_3_output_array_intq
                0x000000000800ce28        0x8 ./X-CUBE-AI/App/network.o
 .rodata.__compound_literal.27
                0x000000000800ce30        0x4 ./X-CUBE-AI/App/network.o
 .rodata.__compound_literal.28
                0x000000000800ce34        0x1 ./X-CUBE-AI/App/network.o
 *fill*         0x000000000800ce35        0x3 
 .rodata.__compound_literal.29
                0x000000000800ce38        0x8 ./X-CUBE-AI/App/network.o
 .rodata.conv2d_4_pad_before_output_array_intq
                0x000000000800ce40        0x8 ./X-CUBE-AI/App/network.o
 .rodata.__compound_literal.30
                0x000000000800ce48        0x4 ./X-CUBE-AI/App/network.o
 .rodata.__compound_literal.31
                0x000000000800ce4c        0x1 ./X-CUBE-AI/App/network.o
 *fill*         0x000000000800ce4d        0x3 
 .rodata.__compound_literal.32
                0x000000000800ce50        0x8 ./X-CUBE-AI/App/network.o
 .rodata.conv2d_4_output_array_intq
                0x000000000800ce58        0x8 ./X-CUBE-AI/App/network.o
 .rodata.__compound_literal.33
                0x000000000800ce60        0x4 ./X-CUBE-AI/App/network.o
 .rodata.__compound_literal.34
                0x000000000800ce64        0x1 ./X-CUBE-AI/App/network.o
 *fill*         0x000000000800ce65        0x3 
 .rodata.__compound_literal.35
                0x000000000800ce68        0x8 ./X-CUBE-AI/App/network.o
 .rodata.conv2d_6_pad_before_output_array_intq
                0x000000000800ce70        0x8 ./X-CUBE-AI/App/network.o
 .rodata.__compound_literal.36
                0x000000000800ce78        0x4 ./X-CUBE-AI/App/network.o
 .rodata.__compound_literal.37
                0x000000000800ce7c        0x1 ./X-CUBE-AI/App/network.o
 *fill*         0x000000000800ce7d        0x3 
 .rodata.__compound_literal.38
                0x000000000800ce80        0x8 ./X-CUBE-AI/App/network.o
 .rodata.conv2d_6_output_array_intq
                0x000000000800ce88        0x8 ./X-CUBE-AI/App/network.o
 .rodata.__compound_literal.39
                0x000000000800ce90        0x4 ./X-CUBE-AI/App/network.o
 .rodata.__compound_literal.40
                0x000000000800ce94        0x1 ./X-CUBE-AI/App/network.o
 *fill*         0x000000000800ce95        0x3 
 .rodata.__compound_literal.41
                0x000000000800ce98        0x8 ./X-CUBE-AI/App/network.o
 .rodata.conv2d_7_pad_before_output_array_intq
                0x000000000800cea0        0x8 ./X-CUBE-AI/App/network.o
 .rodata.__compound_literal.42
                0x000000000800cea8        0x4 ./X-CUBE-AI/App/network.o
 .rodata.__compound_literal.43
                0x000000000800ceac        0x1 ./X-CUBE-AI/App/network.o
 *fill*         0x000000000800cead        0x3 
 .rodata.__compound_literal.44
                0x000000000800ceb0        0x8 ./X-CUBE-AI/App/network.o
 .rodata.conv2d_7_output_array_intq
                0x000000000800ceb8        0x8 ./X-CUBE-AI/App/network.o
 .rodata.__compound_literal.45
                0x000000000800cec0        0x4 ./X-CUBE-AI/App/network.o
 .rodata.__compound_literal.46
                0x000000000800cec4        0x1 ./X-CUBE-AI/App/network.o
 *fill*         0x000000000800cec5        0x3 
 .rodata.__compound_literal.47
                0x000000000800cec8        0x8 ./X-CUBE-AI/App/network.o
 .rodata.conv2d_8_pad_before_output_array_intq
                0x000000000800ced0        0x8 ./X-CUBE-AI/App/network.o
 .rodata.__compound_literal.48
                0x000000000800ced8        0x4 ./X-CUBE-AI/App/network.o
 .rodata.__compound_literal.49
                0x000000000800cedc        0x1 ./X-CUBE-AI/App/network.o
 *fill*         0x000000000800cedd        0x3 
 .rodata.__compound_literal.50
                0x000000000800cee0        0x8 ./X-CUBE-AI/App/network.o
 .rodata.conv2d_8_output_array_intq
                0x000000000800cee8        0x8 ./X-CUBE-AI/App/network.o
 .rodata.__compound_literal.51
                0x000000000800cef0        0x4 ./X-CUBE-AI/App/network.o
 .rodata.__compound_literal.52
                0x000000000800cef4        0x1 ./X-CUBE-AI/App/network.o
 *fill*         0x000000000800cef5        0x3 
 .rodata.__compound_literal.53
                0x000000000800cef8        0x8 ./X-CUBE-AI/App/network.o
 .rodata.conv2d_10_pad_before_output_array_intq
                0x000000000800cf00        0x8 ./X-CUBE-AI/App/network.o
 .rodata.__compound_literal.54
                0x000000000800cf08        0x4 ./X-CUBE-AI/App/network.o
 .rodata.__compound_literal.55
                0x000000000800cf0c        0x1 ./X-CUBE-AI/App/network.o
 *fill*         0x000000000800cf0d        0x3 
 .rodata.__compound_literal.56
                0x000000000800cf10        0x8 ./X-CUBE-AI/App/network.o
 .rodata.conv2d_10_output_array_intq
                0x000000000800cf18        0x8 ./X-CUBE-AI/App/network.o
 .rodata.__compound_literal.57
                0x000000000800cf20        0x4 ./X-CUBE-AI/App/network.o
 .rodata.__compound_literal.58
                0x000000000800cf24        0x1 ./X-CUBE-AI/App/network.o
 *fill*         0x000000000800cf25        0x3 
 .rodata.__compound_literal.59
                0x000000000800cf28        0x8 ./X-CUBE-AI/App/network.o
 .rodata.conv2d_11_pad_before_output_array_intq
                0x000000000800cf30        0x8 ./X-CUBE-AI/App/network.o
 .rodata.__compound_literal.60
                0x000000000800cf38        0x4 ./X-CUBE-AI/App/network.o
 .rodata.__compound_literal.61
                0x000000000800cf3c        0x1 ./X-CUBE-AI/App/network.o
 *fill*         0x000000000800cf3d        0x3 
 .rodata.__compound_literal.62
                0x000000000800cf40        0x8 ./X-CUBE-AI/App/network.o
 .rodata.conv2d_11_output_array_intq
                0x000000000800cf48        0x8 ./X-CUBE-AI/App/network.o
 .rodata.__compound_literal.63
                0x000000000800cf50        0x4 ./X-CUBE-AI/App/network.o
 .rodata.__compound_literal.64
                0x000000000800cf54        0x1 ./X-CUBE-AI/App/network.o
 *fill*         0x000000000800cf55        0x3 
 .rodata.__compound_literal.65
                0x000000000800cf58        0x8 ./X-CUBE-AI/App/network.o
 .rodata.conv2d_12_pad_before_output_array_intq
                0x000000000800cf60        0x8 ./X-CUBE-AI/App/network.o
 .rodata.__compound_literal.66
                0x000000000800cf68        0x4 ./X-CUBE-AI/App/network.o
 .rodata.__compound_literal.67
                0x000000000800cf6c        0x1 ./X-CUBE-AI/App/network.o
 *fill*         0x000000000800cf6d        0x3 
 .rodata.__compound_literal.68
                0x000000000800cf70        0x8 ./X-CUBE-AI/App/network.o
 .rodata.conv2d_12_output_array_intq
                0x000000000800cf78        0x8 ./X-CUBE-AI/App/network.o
 .rodata.__compound_literal.69
                0x000000000800cf80        0x4 ./X-CUBE-AI/App/network.o
 .rodata.__compound_literal.70
                0x000000000800cf84        0x1 ./X-CUBE-AI/App/network.o
 *fill*         0x000000000800cf85        0x3 
 .rodata.__compound_literal.71
                0x000000000800cf88        0x8 ./X-CUBE-AI/App/network.o
 .rodata.conv2d_14_pad_before_output_array_intq
                0x000000000800cf90        0x8 ./X-CUBE-AI/App/network.o
 .rodata.__compound_literal.72
                0x000000000800cf98        0x4 ./X-CUBE-AI/App/network.o
 .rodata.__compound_literal.73
                0x000000000800cf9c        0x1 ./X-CUBE-AI/App/network.o
 *fill*         0x000000000800cf9d        0x3 
 .rodata.__compound_literal.74
                0x000000000800cfa0        0x8 ./X-CUBE-AI/App/network.o
 .rodata.conv2d_14_output_array_intq
                0x000000000800cfa8        0x8 ./X-CUBE-AI/App/network.o
 .rodata.__compound_literal.75
                0x000000000800cfb0        0x4 ./X-CUBE-AI/App/network.o
 .rodata.__compound_literal.76
                0x000000000800cfb4        0x1 ./X-CUBE-AI/App/network.o
 *fill*         0x000000000800cfb5        0x3 
 .rodata.__compound_literal.77
                0x000000000800cfb8        0x8 ./X-CUBE-AI/App/network.o
 .rodata.conv2d_15_pad_before_output_array_intq
                0x000000000800cfc0        0x8 ./X-CUBE-AI/App/network.o
 .rodata.__compound_literal.78
                0x000000000800cfc8        0x4 ./X-CUBE-AI/App/network.o
 .rodata.__compound_literal.79
                0x000000000800cfcc        0x1 ./X-CUBE-AI/App/network.o
 *fill*         0x000000000800cfcd        0x3 
 .rodata.__compound_literal.80
                0x000000000800cfd0        0x8 ./X-CUBE-AI/App/network.o
 .rodata.conv2d_15_output_array_intq
                0x000000000800cfd8        0x8 ./X-CUBE-AI/App/network.o
 .rodata.__compound_literal.81
                0x000000000800cfe0        0x4 ./X-CUBE-AI/App/network.o
 .rodata.__compound_literal.82
                0x000000000800cfe4        0x1 ./X-CUBE-AI/App/network.o
 *fill*         0x000000000800cfe5        0x3 
 .rodata.__compound_literal.83
                0x000000000800cfe8        0x8 ./X-CUBE-AI/App/network.o
 .rodata.conv2d_16_pad_before_output_array_intq
                0x000000000800cff0        0x8 ./X-CUBE-AI/App/network.o
 .rodata.__compound_literal.84
                0x000000000800cff8        0x4 ./X-CUBE-AI/App/network.o
 .rodata.__compound_literal.85
                0x000000000800cffc        0x1 ./X-CUBE-AI/App/network.o
 *fill*         0x000000000800cffd        0x3 
 .rodata.__compound_literal.86
                0x000000000800d000        0x8 ./X-CUBE-AI/App/network.o
 .rodata.conv2d_16_output_array_intq
                0x000000000800d008        0x8 ./X-CUBE-AI/App/network.o
 .rodata.__compound_literal.87
                0x000000000800d010        0x4 ./X-CUBE-AI/App/network.o
 .rodata.__compound_literal.88
                0x000000000800d014        0x1 ./X-CUBE-AI/App/network.o
 *fill*         0x000000000800d015        0x3 
 .rodata.__compound_literal.89
                0x000000000800d018        0x8 ./X-CUBE-AI/App/network.o
 .rodata.dense_19_output_array_intq
                0x000000000800d020        0x8 ./X-CUBE-AI/App/network.o
 .rodata.__compound_literal.90
                0x000000000800d028        0x4 ./X-CUBE-AI/App/network.o
 .rodata.__compound_literal.91
                0x000000000800d02c        0x1 ./X-CUBE-AI/App/network.o
 *fill*         0x000000000800d02d        0x3 
 .rodata.__compound_literal.92
                0x000000000800d030        0x8 ./X-CUBE-AI/App/network.o
 .rodata.dense_20_output_array_intq
                0x000000000800d038        0x8 ./X-CUBE-AI/App/network.o
 .rodata.__compound_literal.93
                0x000000000800d040        0x4 ./X-CUBE-AI/App/network.o
 .rodata.__compound_literal.94
                0x000000000800d044        0x1 ./X-CUBE-AI/App/network.o
 *fill*         0x000000000800d045        0x3 
 .rodata.__compound_literal.95
                0x000000000800d048        0x8 ./X-CUBE-AI/App/network.o
 .rodata.nl_21_0_conversion_output_array_intq
                0x000000000800d050        0x8 ./X-CUBE-AI/App/network.o
 .rodata.__compound_literal.96
                0x000000000800d058       0x40 ./X-CUBE-AI/App/network.o
 .rodata.__compound_literal.97
                0x000000000800d098       0x10 ./X-CUBE-AI/App/network.o
 .rodata.__compound_literal.98
                0x000000000800d0a8        0x8 ./X-CUBE-AI/App/network.o
 .rodata.conv2d_1_weights_array_intq
                0x000000000800d0b0        0x8 ./X-CUBE-AI/App/network.o
 .rodata.__compound_literal.99
                0x000000000800d0b8       0x40 ./X-CUBE-AI/App/network.o
 .rodata.__compound_literal.100
                0x000000000800d0f8       0x10 ./X-CUBE-AI/App/network.o
 .rodata.__compound_literal.101
                0x000000000800d108        0x8 ./X-CUBE-AI/App/network.o
 .rodata.conv2d_2_weights_array_intq
                0x000000000800d110        0x8 ./X-CUBE-AI/App/network.o
 .rodata.__compound_literal.102
                0x000000000800d118       0x80 ./X-CUBE-AI/App/network.o
 .rodata.__compound_literal.103
                0x000000000800d198       0x20 ./X-CUBE-AI/App/network.o
 .rodata.__compound_literal.104
                0x000000000800d1b8        0x8 ./X-CUBE-AI/App/network.o
 .rodata.conv2d_3_weights_array_intq
                0x000000000800d1c0        0x8 ./X-CUBE-AI/App/network.o
 .rodata.__compound_literal.105
                0x000000000800d1c8       0x80 ./X-CUBE-AI/App/network.o
 .rodata.__compound_literal.106
                0x000000000800d248       0x20 ./X-CUBE-AI/App/network.o
 .rodata.__compound_literal.107
                0x000000000800d268        0x8 ./X-CUBE-AI/App/network.o
 .rodata.conv2d_4_weights_array_intq
                0x000000000800d270        0x8 ./X-CUBE-AI/App/network.o
 .rodata.__compound_literal.108
                0x000000000800d278      0x100 ./X-CUBE-AI/App/network.o
 .rodata.__compound_literal.109
                0x000000000800d378       0x40 ./X-CUBE-AI/App/network.o
 .rodata.__compound_literal.110
                0x000000000800d3b8        0x8 ./X-CUBE-AI/App/network.o
 .rodata.conv2d_6_weights_array_intq
                0x000000000800d3c0        0x8 ./X-CUBE-AI/App/network.o
 .rodata.__compound_literal.111
                0x000000000800d3c8      0x100 ./X-CUBE-AI/App/network.o
 .rodata.__compound_literal.112
                0x000000000800d4c8       0x40 ./X-CUBE-AI/App/network.o
 .rodata.__compound_literal.113
                0x000000000800d508        0x8 ./X-CUBE-AI/App/network.o
 .rodata.conv2d_7_weights_array_intq
                0x000000000800d510        0x8 ./X-CUBE-AI/App/network.o
 .rodata.__compound_literal.114
                0x000000000800d518      0x100 ./X-CUBE-AI/App/network.o
 .rodata.__compound_literal.115
                0x000000000800d618       0x40 ./X-CUBE-AI/App/network.o
 .rodata.__compound_literal.116
                0x000000000800d658        0x8 ./X-CUBE-AI/App/network.o
 .rodata.conv2d_8_weights_array_intq
                0x000000000800d660        0x8 ./X-CUBE-AI/App/network.o
 .rodata.__compound_literal.117
                0x000000000800d668      0x200 ./X-CUBE-AI/App/network.o
 .rodata.__compound_literal.118
                0x000000000800d868       0x80 ./X-CUBE-AI/App/network.o
 .rodata.__compound_literal.119
                0x000000000800d8e8        0x8 ./X-CUBE-AI/App/network.o
 .rodata.conv2d_10_weights_array_intq
                0x000000000800d8f0        0x8 ./X-CUBE-AI/App/network.o
 .rodata.__compound_literal.120
                0x000000000800d8f8      0x200 ./X-CUBE-AI/App/network.o
 .rodata.__compound_literal.121
                0x000000000800daf8       0x80 ./X-CUBE-AI/App/network.o
 .rodata.__compound_literal.122
                0x000000000800db78        0x8 ./X-CUBE-AI/App/network.o
 .rodata.conv2d_11_weights_array_intq
                0x000000000800db80        0x8 ./X-CUBE-AI/App/network.o
 .rodata.__compound_literal.123
                0x000000000800db88      0x200 ./X-CUBE-AI/App/network.o
 .rodata.__compound_literal.124
                0x000000000800dd88       0x80 ./X-CUBE-AI/App/network.o
 .rodata.__compound_literal.125
                0x000000000800de08        0x8 ./X-CUBE-AI/App/network.o
 .rodata.conv2d_12_weights_array_intq
                0x000000000800de10        0x8 ./X-CUBE-AI/App/network.o
 .rodata.__compound_literal.126
                0x000000000800de18      0x200 ./X-CUBE-AI/App/network.o
 .rodata.__compound_literal.127
                0x000000000800e018       0x80 ./X-CUBE-AI/App/network.o
 .rodata.__compound_literal.128
                0x000000000800e098        0x8 ./X-CUBE-AI/App/network.o
 .rodata.conv2d_14_weights_array_intq
                0x000000000800e0a0        0x8 ./X-CUBE-AI/App/network.o
 .rodata.__compound_literal.129
                0x000000000800e0a8      0x200 ./X-CUBE-AI/App/network.o
 .rodata.__compound_literal.130
                0x000000000800e2a8       0x80 ./X-CUBE-AI/App/network.o
 .rodata.__compound_literal.131
                0x000000000800e328        0x8 ./X-CUBE-AI/App/network.o
 .rodata.conv2d_15_weights_array_intq