../tensorflow_lite/tensorflow/lite/c/common.cc:30:8:size_t TfLiteIntArrayGetSizeInBytes(int)	0	static
../tensorflow_lite/tensorflow/lite/c/common.cc:47:5:int TfLiteIntArrayEqualsArray(const TfLiteIntArray*, int, const int*)	12	static
../tensorflow_lite/tensorflow/lite/c/common.cc:41:5:int TfLiteIntArrayEqual(const TfLiteIntArray*, const TfLiteIntArray*)	0	static
../tensorflow_lite/tensorflow/lite/c/common.cc:59:17:TfLiteIntArray* TfLiteIntArrayCreate(int)	8	static
../tensorflow_lite/tensorflow/lite/c/common.cc:68:17:TfLiteIntArray* TfLiteIntArrayCopy(const TfLiteIntArray*)	16	static
../tensorflow_lite/tensorflow/lite/c/common.cc:77:6:void TfLiteIntArrayFree(TfLiteIntArray*)	0	static
../tensorflow_lite/tensorflow/lite/c/common.cc:81:5:int TfLiteFloatArrayGetSizeInBytes(int)	0	static
../tensorflow_lite/tensorflow/lite/c/common.cc:94:19:TfLiteFloatArray* TfLiteFloatArrayCreate(int)	8	static
../tensorflow_lite/tensorflow/lite/c/common.cc:101:6:void TfLiteFloatArrayFree(TfLiteFloatArray*)	0	static
../tensorflow_lite/tensorflow/lite/c/common.cc:103:6:void TfLiteTensorDataFree(TfLiteTensor*)	8	static
../tensorflow_lite/tensorflow/lite/c/common.cc:116:6:void TfLiteQuantizationFree(TfLiteQuantization*)	16	static
../tensorflow_lite/tensorflow/lite/c/common.cc:134:6:void TfLiteSparsityFree(TfLiteSparsity*)	16	static
../tensorflow_lite/tensorflow/lite/c/common.cc:167:6:void TfLiteTensorFree(TfLiteTensor*)	16	static
../tensorflow_lite/tensorflow/lite/c/common.cc:182:6:void TfLiteTensorReset(TfLiteType, const char*, TfLiteIntArray*, TfLiteQuantizationParams, char*, size_t, TfLiteAllocationType, const void*, bool, TfLiteTensor*)	24	static
../tensorflow_lite/tensorflow/lite/c/common.cc:202:14:TfLiteStatus TfLiteTensorCopy(const TfLiteTensor*, TfLiteTensor*)	16	static
../tensorflow_lite/tensorflow/lite/c/common.cc:218:6:void TfLiteTensorRealloc(size_t, TfLiteTensor*)	16	static
../tensorflow_lite/tensorflow/lite/c/common.cc:242:13:const char* TfLiteTypeGetName(TfLiteType)	0	static
../tensorflow_lite/tensorflow/lite/c/common.cc:284:16:TfLiteDelegate TfLiteDelegateCreate()	8	static
