/Users/mnadalorian/STM32CubeIDE/workspace_1.11.2/Exercise7/tensorflow_lite/tensorflow/lite/core/api/error_reporter.h:37:11:tflite::ErrorReporter::~ErrorReporter()	16	static
/Users/mnadalorian/STM32CubeIDE/workspace_1.11.2/Exercise7/tensorflow_lite/tensorflow/lite/core/api/error_reporter.h:37:11:virtual tflite::ErrorReporter::~ErrorReporter()	16	static
/Applications/STM32CubeIDE.app/Contents/Eclipse/plugins/com.st.stm32cube.ide.mcu.externaltools.gnu-tools-for-stm32.10.3-2021.10.macos64_1.0.100.202210260954/tools/arm-none-eabi/include/c++/10.3.1/arm-none-eabi/thumb/v7e-m+fp/hard/bits/gthr-default.h:229:1:int __gthread_key_delete(__gthread_key_t)	16	static
/Users/mnadalorian/STM32CubeIDE/workspace_1.11.2/Exercise7/tensorflow_lite/third_party/flatbuffers/include/flatbuffers/flatbuffers.h:75:13:void flatbuffers::EndianCheck()	16	static
/Users/mnadalorian/STM32CubeIDE/workspace_1.11.2/Exercise7/tensorflow_lite/third_party/flatbuffers/include/flatbuffers/flatbuffers.h:2436:18:const uint8_t* flatbuffers::Table::GetVTable() const	24	static
/Users/mnadalorian/STM32CubeIDE/workspace_1.11.2/Exercise7/tensorflow_lite/third_party/flatbuffers/include/flatbuffers/flatbuffers.h:2442:13:flatbuffers::voffset_t flatbuffers::Table::GetOptionalFieldOffset(flatbuffers::voffset_t) const	24	static
/Users/mnadalorian/STM32CubeIDE/workspace_1.11.2/Exercise7/tensorflow_lite/tensorflow/lite/schema/schema_generated.h:13070:12:uint32_t tflite::Model::version() const	16	static
/Users/mnadalorian/STM32CubeIDE/workspace_1.11.2/Exercise7/tensorflow_lite/tensorflow/lite/schema/schema_generated.h:19846:29:const tflite::Model* tflite::GetModel(const void*)	16	static
/Users/mnadalorian/STM32CubeIDE/workspace_1.11.2/Exercise7/tensorflow_lite/tensorflow/lite/micro/micro_error_reporter.h:47:3:tflite::MicroErrorReporter::~MicroErrorReporter()	16	static
/Users/mnadalorian/STM32CubeIDE/workspace_1.11.2/Exercise7/tensorflow_lite/tensorflow/lite/micro/micro_error_reporter.h:47:3:virtual tflite::MicroErrorReporter::~MicroErrorReporter()	16	static
/Applications/STM32CubeIDE.app/Contents/Eclipse/plugins/com.st.stm32cube.ide.mcu.externaltools.gnu-tools-for-stm32.10.3-2021.10.macos64_1.0.100.202210260954/tools/arm-none-eabi/include/c++/10.3.1/bits/stl_vector.h:288:7:std::_Vector_base<_Tp, _Alloc>::_Vector_base() [with _Tp = std::unique_ptr<TfLiteDelegate, void (*)(TfLiteDelegate*)>; _Alloc = std::allocator<std::unique_ptr<TfLiteDelegate, void (*)(TfLiteDelegate*)> >]	16	static
/Applications/STM32CubeIDE.app/Contents/Eclipse/plugins/com.st.stm32cube.ide.mcu.externaltools.gnu-tools-for-stm32.10.3-2021.10.macos64_1.0.100.202210260954/tools/arm-none-eabi/include/c++/10.3.1/bits/stl_vector.h:487:7:std::vector<_Tp, _Alloc>::vector() [with _Tp = std::unique_ptr<TfLiteDelegate, void (*)(TfLiteDelegate*)>; _Alloc = std::allocator<std::unique_ptr<TfLiteDelegate, void (*)(TfLiteDelegate*)> >]	16	static
/Users/mnadalorian/STM32CubeIDE/workspace_1.11.2/Exercise7/tensorflow_lite/tensorflow/lite/core/api/op_resolver.h:58:35:virtual tflite::OpResolver::TfLiteDelegatePtrVector tflite::OpResolver::GetDelegates(int) const	24	static
/Applications/STM32CubeIDE.app/Contents/Eclipse/plugins/com.st.stm32cube.ide.mcu.externaltools.gnu-tools-for-stm32.10.3-2021.10.macos64_1.0.100.202210260954/tools/arm-none-eabi/include/c++/10.3.1/bits/stl_vector.h:288:7:std::_Vector_base<_Tp, _Alloc>::_Vector_base() [with _Tp = std::function<std::unique_ptr<TfLiteDelegate, void (*)(TfLiteDelegate*)>(int)>; _Alloc = std::allocator<std::function<std::unique_ptr<TfLiteDelegate, void (*)(TfLiteDelegate*)>(int)> >]	16	static
/Applications/STM32CubeIDE.app/Contents/Eclipse/plugins/com.st.stm32cube.ide.mcu.externaltools.gnu-tools-for-stm32.10.3-2021.10.macos64_1.0.100.202210260954/tools/arm-none-eabi/include/c++/10.3.1/bits/stl_vector.h:487:7:std::vector<_Tp, _Alloc>::vector() [with _Tp = std::function<std::unique_ptr<TfLiteDelegate, void (*)(TfLiteDelegate*)>(int)>; _Alloc = std::allocator<std::function<std::unique_ptr<TfLiteDelegate, void (*)(TfLiteDelegate*)>(int)> >]	16	static
/Users/mnadalorian/STM32CubeIDE/workspace_1.11.2/Exercise7/tensorflow_lite/tensorflow/lite/core/api/op_resolver.h:77:34:virtual tflite::OpResolver::TfLiteDelegateCreators tflite::OpResolver::GetDelegateCreators() const	16	static
/Applications/STM32CubeIDE.app/Contents/Eclipse/plugins/com.st.stm32cube.ide.mcu.externaltools.gnu-tools-for-stm32.10.3-2021.10.macos64_1.0.100.202210260954/tools/arm-none-eabi/include/c++/10.3.1/bits/stl_vector.h:288:7:std::_Vector_base<_Tp, _Alloc>::_Vector_base() [with _Tp = std::function<std::unique_ptr<TfLiteOpaqueDelegateStruct, void (*)(TfLiteOpaqueDelegateStruct*)>(int)>; _Alloc = std::allocator<std::function<std::unique_ptr<TfLiteOpaqueDelegateStruct, void (*)(TfLiteOpaqueDelegateStruct*)>(int)> >]	16	static
/Applications/STM32CubeIDE.app/Contents/Eclipse/plugins/com.st.stm32cube.ide.mcu.externaltools.gnu-tools-for-stm32.10.3-2021.10.macos64_1.0.100.202210260954/tools/arm-none-eabi/include/c++/10.3.1/bits/stl_vector.h:487:7:std::vector<_Tp, _Alloc>::vector() [with _Tp = std::function<std::unique_ptr<TfLiteOpaqueDelegateStruct, void (*)(TfLiteOpaqueDelegateStruct*)>(int)>; _Alloc = std::allocator<std::function<std::unique_ptr<TfLiteOpaqueDelegateStruct, void (*)(TfLiteOpaqueDelegateStruct*)>(int)> >]	16	static
/Users/mnadalorian/STM32CubeIDE/workspace_1.11.2/Exercise7/tensorflow_lite/tensorflow/lite/core/api/op_resolver.h:107:40:virtual tflite::OpResolver::TfLiteOpaqueDelegateCreators tflite::OpResolver::GetOpaqueDelegateCreators() const	16	static
/Users/mnadalorian/STM32CubeIDE/workspace_1.11.2/Exercise7/tensorflow_lite/tensorflow/lite/core/api/op_resolver.h:111:11:tflite::OpResolver::~OpResolver()	16	static
/Users/mnadalorian/STM32CubeIDE/workspace_1.11.2/Exercise7/tensorflow_lite/tensorflow/lite/core/api/op_resolver.h:111:11:virtual tflite::OpResolver::~OpResolver()	16	static
/Users/mnadalorian/STM32CubeIDE/workspace_1.11.2/Exercise7/tensorflow_lite/tensorflow/lite/core/api/op_resolver.h:125:16:virtual bool tflite::OpResolver::MayContainUserDefinedOps() const	16	static
/Users/mnadalorian/STM32CubeIDE/workspace_1.11.2/Exercise7/tensorflow_lite/tensorflow/lite/micro/micro_op_resolver.h:53:29:virtual const TfLiteRegistration* tflite::MicroOpResolver::FindOp(tflite::BuiltinOperator, int) const	24	static
/Users/mnadalorian/STM32CubeIDE/workspace_1.11.2/Exercise7/tensorflow_lite/tensorflow/lite/micro/micro_op_resolver.h:60:29:virtual const TfLiteRegistration* tflite::MicroOpResolver::FindOp(const char*, int) const	24	static
/Users/mnadalorian/STM32CubeIDE/workspace_1.11.2/Exercise7/tensorflow_lite/tensorflow/lite/micro/micro_op_resolver.h:68:3:tflite::MicroOpResolver::~MicroOpResolver()	16	static
/Users/mnadalorian/STM32CubeIDE/workspace_1.11.2/Exercise7/tensorflow_lite/tensorflow/lite/micro/micro_op_resolver.h:68:3:virtual tflite::MicroOpResolver::~MicroOpResolver()	16	static
../Core/Src/app.cpp:30:36:void __tcf_0()	8	static
../Core/Src/app.cpp:40:32:void __tcf_1()	8	static
../Core/Src/app.cpp:46:58:void __tcf_2()	8	static
../Core/Src/app.cpp:23:5:int application()	40	static
../Core/Src/app.cpp:72:6:void DebugLog(const char*)	16	static
/Users/mnadalorian/STM32CubeIDE/workspace_1.11.2/Exercise7/tensorflow_lite/third_party/flatbuffers/include/flatbuffers/base.h:380:24:T flatbuffers::EndianScalar(T) [with T = long unsigned int]	16	static
/Users/mnadalorian/STM32CubeIDE/workspace_1.11.2/Exercise7/tensorflow_lite/third_party/flatbuffers/include/flatbuffers/base.h:391:3:T flatbuffers::ReadScalar(const void*) [with T = short unsigned int]	16	static
/Users/mnadalorian/STM32CubeIDE/workspace_1.11.2/Exercise7/tensorflow_lite/third_party/flatbuffers/include/flatbuffers/base.h:391:3:T flatbuffers::ReadScalar(const void*) [with T = long unsigned int]	16	static
/Users/mnadalorian/STM32CubeIDE/workspace_1.11.2/Exercise7/tensorflow_lite/third_party/flatbuffers/include/flatbuffers/base.h:391:3:T flatbuffers::ReadScalar(const void*) [with T = long int]	16	static
/Users/mnadalorian/STM32CubeIDE/workspace_1.11.2/Exercise7/tensorflow_lite/third_party/flatbuffers/include/flatbuffers/flatbuffers.h:2452:26:T flatbuffers::Table::GetField(flatbuffers::voffset_t, T) const [with T = long unsigned int]	32	static
/Users/mnadalorian/STM32CubeIDE/workspace_1.11.2/Exercise7/tensorflow_lite/third_party/flatbuffers/include/flatbuffers/flatbuffers.h:2104:31:const T* flatbuffers::GetRoot(const void*) [with T = tflite::Model]	16	static
/Applications/STM32CubeIDE.app/Contents/Eclipse/plugins/com.st.stm32cube.ide.mcu.externaltools.gnu-tools-for-stm32.10.3-2021.10.macos64_1.0.100.202210260954/tools/arm-none-eabi/include/c++/10.3.1/bits/stl_vector.h:131:2:std::_Vector_base<_Tp, _Alloc>::_Vector_impl::_Vector_impl() [with _Tp = std::unique_ptr<TfLiteDelegate, void (*)(TfLiteDelegate*)>; _Alloc = std::allocator<std::unique_ptr<TfLiteDelegate, void (*)(TfLiteDelegate*)> >]	16	static
/Applications/STM32CubeIDE.app/Contents/Eclipse/plugins/com.st.stm32cube.ide.mcu.externaltools.gnu-tools-for-stm32.10.3-2021.10.macos64_1.0.100.202210260954/tools/arm-none-eabi/include/c++/10.3.1/bits/stl_vector.h:131:2:std::_Vector_base<_Tp, _Alloc>::_Vector_impl::_Vector_impl() [with _Tp = std::function<std::unique_ptr<TfLiteDelegate, void (*)(TfLiteDelegate*)>(int)>; _Alloc = std::allocator<std::function<std::unique_ptr<TfLiteDelegate, void (*)(TfLiteDelegate*)>(int)> >]	16	static
/Applications/STM32CubeIDE.app/Contents/Eclipse/plugins/com.st.stm32cube.ide.mcu.externaltools.gnu-tools-for-stm32.10.3-2021.10.macos64_1.0.100.202210260954/tools/arm-none-eabi/include/c++/10.3.1/bits/stl_vector.h:131:2:std::_Vector_base<_Tp, _Alloc>::_Vector_impl::_Vector_impl() [with _Tp = std::function<std::unique_ptr<TfLiteOpaqueDelegateStruct, void (*)(TfLiteOpaqueDelegateStruct*)>(int)>; _Alloc = std::allocator<std::function<std::unique_ptr<TfLiteOpaqueDelegateStruct, void (*)(TfLiteOpaqueDelegateStruct*)>(int)> >]	16	static
/Users/mnadalorian/STM32CubeIDE/workspace_1.11.2/Exercise7/tensorflow_lite/third_party/flatbuffers/include/flatbuffers/base.h:380:24:T flatbuffers::EndianScalar(T) [with T = long int]	16	static
/Users/mnadalorian/STM32CubeIDE/workspace_1.11.2/Exercise7/tensorflow_lite/third_party/flatbuffers/include/flatbuffers/base.h:380:24:T flatbuffers::EndianScalar(T) [with T = short unsigned int]	16	static
/Users/mnadalorian/STM32CubeIDE/workspace_1.11.2/Exercise7/tensorflow_lite/third_party/flatbuffers/include/flatbuffers/flatbuffers.h:2097:25:T* flatbuffers::GetMutableRoot(void*) [with T = tflite::Model]	16	static
/Applications/STM32CubeIDE.app/Contents/Eclipse/plugins/com.st.stm32cube.ide.mcu.externaltools.gnu-tools-for-stm32.10.3-2021.10.macos64_1.0.100.202210260954/tools/arm-none-eabi/include/c++/10.3.1/bits/allocator.h:164:7:std::allocator< <template-parameter-1-1> >::allocator() [with _Tp = std::unique_ptr<TfLiteDelegate, void (*)(TfLiteDelegate*)>]	16	static
/Applications/STM32CubeIDE.app/Contents/Eclipse/plugins/com.st.stm32cube.ide.mcu.externaltools.gnu-tools-for-stm32.10.3-2021.10.macos64_1.0.100.202210260954/tools/arm-none-eabi/include/c++/10.3.1/bits/stl_vector.h:97:2:std::_Vector_base<_Tp, _Alloc>::_Vector_impl_data::_Vector_impl_data() [with _Tp = std::unique_ptr<TfLiteDelegate, void (*)(TfLiteDelegate*)>; _Alloc = std::allocator<std::unique_ptr<TfLiteDelegate, void (*)(TfLiteDelegate*)> >]	16	static
/Applications/STM32CubeIDE.app/Contents/Eclipse/plugins/com.st.stm32cube.ide.mcu.externaltools.gnu-tools-for-stm32.10.3-2021.10.macos64_1.0.100.202210260954/tools/arm-none-eabi/include/c++/10.3.1/bits/allocator.h:164:7:std::allocator< <template-parameter-1-1> >::allocator() [with _Tp = std::function<std::unique_ptr<TfLiteDelegate, void (*)(TfLiteDelegate*)>(int)>]	16	static
/Applications/STM32CubeIDE.app/Contents/Eclipse/plugins/com.st.stm32cube.ide.mcu.externaltools.gnu-tools-for-stm32.10.3-2021.10.macos64_1.0.100.202210260954/tools/arm-none-eabi/include/c++/10.3.1/bits/stl_vector.h:97:2:std::_Vector_base<_Tp, _Alloc>::_Vector_impl_data::_Vector_impl_data() [with _Tp = std::function<std::unique_ptr<TfLiteDelegate, void (*)(TfLiteDelegate*)>(int)>; _Alloc = std::allocator<std::function<std::unique_ptr<TfLiteDelegate, void (*)(TfLiteDelegate*)>(int)> >]	16	static
/Applications/STM32CubeIDE.app/Contents/Eclipse/plugins/com.st.stm32cube.ide.mcu.externaltools.gnu-tools-for-stm32.10.3-2021.10.macos64_1.0.100.202210260954/tools/arm-none-eabi/include/c++/10.3.1/bits/allocator.h:164:7:std::allocator< <template-parameter-1-1> >::allocator() [with _Tp = std::function<std::unique_ptr<TfLiteOpaqueDelegateStruct, void (*)(TfLiteOpaqueDelegateStruct*)>(int)>]	16	static
/Applications/STM32CubeIDE.app/Contents/Eclipse/plugins/com.st.stm32cube.ide.mcu.externaltools.gnu-tools-for-stm32.10.3-2021.10.macos64_1.0.100.202210260954/tools/arm-none-eabi/include/c++/10.3.1/bits/stl_vector.h:97:2:std::_Vector_base<_Tp, _Alloc>::_Vector_impl_data::_Vector_impl_data() [with _Tp = std::function<std::unique_ptr<TfLiteOpaqueDelegateStruct, void (*)(TfLiteOpaqueDelegateStruct*)>(int)>; _Alloc = std::allocator<std::function<std::unique_ptr<TfLiteOpaqueDelegateStruct, void (*)(TfLiteOpaqueDelegateStruct*)>(int)> >]	16	static
/Applications/STM32CubeIDE.app/Contents/Eclipse/plugins/com.st.stm32cube.ide.mcu.externaltools.gnu-tools-for-stm32.10.3-2021.10.macos64_1.0.100.202210260954/tools/arm-none-eabi/include/c++/10.3.1/ext/new_allocator.h:79:7:__gnu_cxx::new_allocator<_Tp>::new_allocator() [with _Tp = std::unique_ptr<TfLiteDelegate, void (*)(TfLiteDelegate*)>]	16	static
/Applications/STM32CubeIDE.app/Contents/Eclipse/plugins/com.st.stm32cube.ide.mcu.externaltools.gnu-tools-for-stm32.10.3-2021.10.macos64_1.0.100.202210260954/tools/arm-none-eabi/include/c++/10.3.1/ext/new_allocator.h:79:7:__gnu_cxx::new_allocator<_Tp>::new_allocator() [with _Tp = std::function<std::unique_ptr<TfLiteDelegate, void (*)(TfLiteDelegate*)>(int)>]	16	static
/Applications/STM32CubeIDE.app/Contents/Eclipse/plugins/com.st.stm32cube.ide.mcu.externaltools.gnu-tools-for-stm32.10.3-2021.10.macos64_1.0.100.202210260954/tools/arm-none-eabi/include/c++/10.3.1/ext/new_allocator.h:79:7:__gnu_cxx::new_allocator<_Tp>::new_allocator() [with _Tp = std::function<std::unique_ptr<TfLiteOpaqueDelegateStruct, void (*)(TfLiteOpaqueDelegateStruct*)>(int)>]	16	static
/Users/mnadalorian/STM32CubeIDE/workspace_1.11.2/Exercise7/tensorflow_lite/tensorflow/lite/micro/micro_mutable_op_resolver.h:42:7:tflite::MicroMutableOpResolver<128>::~MicroMutableOpResolver()	16	static
/Users/mnadalorian/STM32CubeIDE/workspace_1.11.2/Exercise7/tensorflow_lite/tensorflow/lite/micro/micro_mutable_op_resolver.h:42:7:virtual tflite::MicroMutableOpResolver<128>::~MicroMutableOpResolver()	16	static
/Users/mnadalorian/STM32CubeIDE/workspace_1.11.2/Exercise7/tensorflow_lite/tensorflow/lite/micro/all_ops_resolver.h:28:7:tflite::AllOpsResolver::~AllOpsResolver()	16	static
/Users/mnadalorian/STM32CubeIDE/workspace_1.11.2/Exercise7/tensorflow_lite/tensorflow/lite/micro/all_ops_resolver.h:28:7:virtual tflite::AllOpsResolver::~AllOpsResolver()	16	static
/Users/mnadalorian/STM32CubeIDE/workspace_1.11.2/Exercise7/tensorflow_lite/tensorflow/lite/micro/micro_mutable_op_resolver.h:49:29:const TfLiteRegistration* tflite::MicroMutableOpResolver<tOpCount>::FindOp(tflite::BuiltinOperator) const [with unsigned int tOpCount = 128]	24	static
/Users/mnadalorian/STM32CubeIDE/workspace_1.11.2/Exercise7/tensorflow_lite/tensorflow/lite/micro/micro_mutable_op_resolver.h:61:29:const TfLiteRegistration* tflite::MicroMutableOpResolver<tOpCount>::FindOp(const char*) const [with unsigned int tOpCount = 128]	24	static
/Users/mnadalorian/STM32CubeIDE/workspace_1.11.2/Exercise7/tensorflow_lite/tensorflow/lite/micro/micro_mutable_op_resolver.h:72:41:TfLiteStatus (* tflite::MicroMutableOpResolver<tOpCount>::GetOpDataParser(tflite::BuiltinOperator) const)(const tflite::Operator*, tflite::ErrorReporter*, tflite::BuiltinDataAllocator*, void**) [with unsigned int tOpCount = 128]	24	static
