../tensorflow_lite/tensorflow/lite/micro/arena_allocator/single_arena_buffer_allocator.cc:67:1:tflite::SingleArenaBufferAllocator::~SingleArenaBufferAllocator()	0	static
../tensorflow_lite/tensorflow/lite/micro/arena_allocator/single_arena_buffer_allocator.cc:79:14:virtual TfLiteStatus tflite::SingleArenaBufferAllocator::DeallocateResizableBuffer(uint8_t*)	4	static
../tensorflow_lite/tensorflow/lite/micro/arena_allocator/single_arena_buffer_allocator.cc:152:6:virtual void tflite::SingleArenaBufferAllocator::DeallocateTemp(uint8_t*)	0	static
../tensorflow_lite/tensorflow/lite/micro/arena_allocator/single_arena_buffer_allocator.cc:179:10:virtual uint8_t* tflite::SingleArenaBufferAllocator::GetOverlayMemoryAddress() const	0	static
../tensorflow_lite/tensorflow/lite/micro/arena_allocator/single_arena_buffer_allocator.cc:183:8:virtual size_t tflite::SingleArenaBufferAllocator::GetNonPersistentUsedBytes() const	0	static
../tensorflow_lite/tensorflow/lite/micro/arena_allocator/single_arena_buffer_allocator.cc:187:8:virtual size_t tflite::SingleArenaBufferAllocator::GetPersistentUsedBytes() const	0	static
../tensorflow_lite/tensorflow/lite/micro/arena_allocator/single_arena_buffer_allocator.cc:67:1:virtual tflite::SingleArenaBufferAllocator::~SingleArenaBufferAllocator()	8	static
../tensorflow_lite/tensorflow/lite/micro/arena_allocator/single_arena_buffer_allocator.cc:69:10:virtual uint8_t* tflite::SingleArenaBufferAllocator::AllocateResizableBuffer(size_t, size_t)	32	static
../tensorflow_lite/tensorflow/lite/micro/arena_allocator/single_arena_buffer_allocator.cc:84:14:virtual TfLiteStatus tflite::SingleArenaBufferAllocator::ReserveNonPersistentOverlayMemory(size_t, size_t)	24	static
../tensorflow_lite/tensorflow/lite/micro/arena_allocator/single_arena_buffer_allocator.cc:135:10:virtual uint8_t* tflite::SingleArenaBufferAllocator::AllocateTemp(size_t, size_t)	24	static
../tensorflow_lite/tensorflow/lite/micro/arena_allocator/single_arena_buffer_allocator.cc:118:10:virtual uint8_t* tflite::SingleArenaBufferAllocator::AllocatePersistentBuffer(size_t, size_t)	24	static
../tensorflow_lite/tensorflow/lite/micro/arena_allocator/single_arena_buffer_allocator.cc:191:8:virtual size_t tflite::SingleArenaBufferAllocator::GetAvailableMemory(size_t) const	16	static
../tensorflow_lite/tensorflow/lite/micro/arena_allocator/single_arena_buffer_allocator.cc:157:6:virtual bool tflite::SingleArenaBufferAllocator::IsAllTempDeallocated()	8	static
../tensorflow_lite/tensorflow/lite/micro/arena_allocator/single_arena_buffer_allocator.cc:167:14:virtual TfLiteStatus tflite::SingleArenaBufferAllocator::ResetTempAllocations()	8	static
../tensorflow_lite/tensorflow/lite/micro/arena_allocator/single_arena_buffer_allocator.cc:90:14:virtual TfLiteStatus tflite::SingleArenaBufferAllocator::ResizeBuffer(uint8_t*, size_t, size_t)	32	static
/Users/mnadalorian/STM32CubeIDE/workspace_1.11.2/Exercise7/tensorflow_lite/tensorflow/lite/micro/arena_allocator/single_arena_buffer_allocator.h:41:11:virtual void* tflite::SingleArenaBufferAllocator::_ZThn4_N6tflite26SingleArenaBufferAllocatorD1Ev()	0	static
../tensorflow_lite/tensorflow/lite/micro/arena_allocator/single_arena_buffer_allocator.cc:32:1:tflite::SingleArenaBufferAllocator::SingleArenaBufferAllocator(tflite::ErrorReporter*, uint8_t*, uint8_t*)	16	static
../tensorflow_lite/tensorflow/lite/micro/arena_allocator/single_arena_buffer_allocator.cc:45:1:tflite::SingleArenaBufferAllocator::SingleArenaBufferAllocator(tflite::ErrorReporter*, uint8_t*, size_t)	16	static
../tensorflow_lite/tensorflow/lite/micro/arena_allocator/single_arena_buffer_allocator.cc:51:29:static tflite::SingleArenaBufferAllocator* tflite::SingleArenaBufferAllocator::Create(tflite::ErrorReporter*, uint8_t*, size_t)	48	static
../tensorflow_lite/tensorflow/lite/micro/arena_allocator/single_arena_buffer_allocator.cc:197:8:size_t tflite::SingleArenaBufferAllocator::GetUsedBytes() const	16	static
../tensorflow_lite/tensorflow/lite/micro/arena_allocator/single_arena_buffer_allocator.cc:201:8:size_t tflite::SingleArenaBufferAllocator::GetBufferSize() const	0	static
../tensorflow_lite/tensorflow/lite/micro/arena_allocator/single_arena_buffer_allocator.cc:205:10:uint8_t* tflite::SingleArenaBufferAllocator::head() const	0	static
../tensorflow_lite/tensorflow/lite/micro/arena_allocator/single_arena_buffer_allocator.cc:207:10:uint8_t* tflite::SingleArenaBufferAllocator::tail() const	0	static
