../tensorflow_lite/tensorflow/lite/micro/kernels/cmsis_nn/depthwise_conv.cc:53:7:void* tflite::{anonymous}::Init(TfLiteContext*, const char*, size_t)	8	static
/Users/mnadalorian/STM32CubeIDE/workspace_1.11.2/Exercise7/tensorflow_lite/tensorflow/lite/kernels/internal/runtime_shape.h:59:11:int32_t tflite::RuntimeShape::Dims(int) const	8	static
/Users/mnadalorian/STM32CubeIDE/workspace_1.11.2/Exercise7/tensorflow_lite/tensorflow/lite/kernels/internal/runtime_shape.h:86:7:int tflite::RuntimeShape::FlatSize() const	8	static
/Users/mnadalorian/STM32CubeIDE/workspace_1.11.2/Exercise7/tensorflow_lite/tensorflow/lite/kernels/internal/runtime_shape.h:123:12:int tflite::Offset(const tflite::RuntimeShape&, int, int, int, int)	16	static
/Users/mnadalorian/STM32CubeIDE/workspace_1.11.2/Exercise7/tensorflow_lite/tensorflow/lite/kernels/internal/types.h:263:12:int tflite::MatchingDim(const tflite::RuntimeShape&, int, const tflite::RuntimeShape&, int)	16	static
../tensorflow_lite/tensorflow/lite/micro/kernels/cmsis_nn/depthwise_conv.cc:274:6:void tflite::{anonymous}::EvalQuantizedPerChannel16x8(TfLiteContext*, TfLiteNode*, const TfLiteDepthwiseConvParams&, const tflite::{anonymous}::OpData&, const TfLiteEvalTensor*, const TfLiteEvalTensor*, const TfLiteEvalTensor*, TfLiteEvalTensor*)	288	static
../tensorflow_lite/tensorflow/lite/micro/kernels/cmsis_nn/depthwise_conv.cc:380:14:TfLiteStatus tflite::{anonymous}::EvalInt16x8(TfLiteContext*, TfLiteNode*)	48	static
../tensorflow_lite/tensorflow/lite/micro/kernels/cmsis_nn/depthwise_conv.cc:238:6:void tflite::{anonymous}::EvalQuantizedPerChannel(TfLiteContext*, TfLiteNode*, const TfLiteDepthwiseConvParams&, const tflite::{anonymous}::OpData&, const TfLiteEvalTensor*, const TfLiteEvalTensor*, const TfLiteEvalTensor*, TfLiteEvalTensor*)	296	static
../tensorflow_lite/tensorflow/lite/micro/kernels/cmsis_nn/depthwise_conv.cc:356:14:TfLiteStatus tflite::{anonymous}::EvalInt8(TfLiteContext*, TfLiteNode*)	48	static
/Users/mnadalorian/STM32CubeIDE/workspace_1.11.2/Exercise7/tensorflow_lite/tensorflow/lite/kernels/internal/reference/depthwiseconv_float.h:25:13:void tflite::reference_ops::DepthwiseConv(const tflite::DepthwiseParams&, const tflite::RuntimeShape&, const float*, const tflite::RuntimeShape&, const float*, const tflite::RuntimeShape&, const float*, const tflite::RuntimeShape&, float*)	168	static
../tensorflow_lite/tensorflow/lite/micro/kernels/cmsis_nn/depthwise_conv.cc:307:14:TfLiteStatus tflite::{anonymous}::Eval(TfLiteContext*, TfLiteNode*)	224	static
/Users/mnadalorian/STM32CubeIDE/workspace_1.11.2/Exercise7/tensorflow_lite/tensorflow/lite/kernels/internal/tensor_ctypes.h:34:21:tflite::RuntimeShape tflite::GetTensorShape(const TfLiteTensor*)	8	static
../tensorflow_lite/tensorflow/lite/micro/kernels/cmsis_nn/depthwise_conv.cc:58:14:TfLiteStatus tflite::{anonymous}::Prepare(TfLiteContext*, TfLiteNode*)	280	static
../tensorflow_lite/tensorflow/lite/micro/kernels/cmsis_nn/depthwise_conv.cc:406:20:TfLiteRegistration tflite::Register_DEPTHWISE_CONV_2D()	16	static
../tensorflow_lite/tensorflow/lite/micro/kernels/cmsis_nn/depthwise_conv.cc:410:20:TfLiteRegistration tflite::Register_DEPTHWISE_CONV_2D_INT8()	16	static
../tensorflow_lite/tensorflow/lite/micro/kernels/cmsis_nn/depthwise_conv.cc:414:20:TfLiteRegistration tflite::Register_DEPTHWISE_CONV_2D_INT16()	16	static
