../tensorflow_lite/tensorflow/lite/micro/kernels/cmsis_nn/fully_connected.cc:48:7:void* tflite::{anonymous}::Init(TfLiteContext*, const char*, size_t)	8	static
/Users/mnadalorian/STM32CubeIDE/workspace_1.11.2/Exercise7/tensorflow_lite/tensorflow/lite/kernels/internal/runtime_shape.h:59:11:int32_t tflite::RuntimeShape::Dims(int) const	8	static
/Users/mnadalorian/STM32CubeIDE/workspace_1.11.2/Exercise7/tensorflow_lite/tensorflow/lite/kernels/internal/types.h:518:12:int tflite::FlatSizeSkipDim(const tflite::RuntimeShape&, int)	16	static
/Users/mnadalorian/STM32CubeIDE/workspace_1.11.2/Exercise7/tensorflow_lite/tensorflow/lite/kernels/internal/tensor_ctypes.h:34:21:tflite::RuntimeShape tflite::GetTensorShape(const TfLiteTensor*)	8	static
../tensorflow_lite/tensorflow/lite/micro/kernels/cmsis_nn/fully_connected.cc:53:14:TfLiteStatus tflite::{anonymous}::Prepare(TfLiteContext*, TfLiteNode*)	176	static
../tensorflow_lite/tensorflow/lite/micro/kernels/cmsis_nn/fully_connected.cc:395:20:TfLiteRegistration tflite::Register_FULLY_CONNECTED()	16	static
../tensorflow_lite/tensorflow/lite/micro/kernels/cmsis_nn/fully_connected.cc:399:20:TfLiteRegistration tflite::Register_FULLY_CONNECTED_INT8()	16	static
../tensorflow_lite/tensorflow/lite/micro/kernels/cmsis_nn/fully_connected.cc:403:20:TfLiteRegistration tflite::Register_FULLY_CONNECTED_INT16()	16	static
/Users/mnadalorian/STM32CubeIDE/workspace_1.11.2/Exercise7/tensorflow_lite/tensorflow/lite/micro/kernels/kernel_util.h:72:10:const T* tflite::micro::GetTensorData(const TfLiteEvalTensor*) [with T = signed char]	8	static
../tensorflow_lite/tensorflow/lite/micro/kernels/cmsis_nn/fully_connected.cc:252:14:TfLiteStatus tflite::{anonymous}::EvalQuantizedInt16(TfLiteContext*, TfLiteNode*, const tflite::{anonymous}::OpData&, const TfLiteEvalTensor*, const TfLiteEvalTensor*, const TfLiteEvalTensor*, TfLiteEvalTensor*)	176	static
../tensorflow_lite/tensorflow/lite/micro/kernels/cmsis_nn/fully_connected.cc:370:14:TfLiteStatus tflite::{anonymous}::EvalInt16(TfLiteContext*, TfLiteNode*)	40	static
../tensorflow_lite/tensorflow/lite/micro/kernels/cmsis_nn/fully_connected.cc:176:14:TfLiteStatus tflite::{anonymous}::EvalQuantizedInt8(TfLiteContext*, TfLiteNode*, const tflite::{anonymous}::OpData&, const TfLiteEvalTensor*, const TfLiteEvalTensor*, const TfLiteEvalTensor*, TfLiteEvalTensor*)	256	static
../tensorflow_lite/tensorflow/lite/micro/kernels/cmsis_nn/fully_connected.cc:290:14:TfLiteStatus tflite::{anonymous}::Eval(TfLiteContext*, TfLiteNode*)	208	static
../tensorflow_lite/tensorflow/lite/micro/kernels/cmsis_nn/fully_connected.cc:347:14:TfLiteStatus tflite::{anonymous}::EvalInt8(TfLiteContext*, TfLiteNode*)	40	static
