/Users/mnadalorian/STM32CubeIDE/workspace_1.11.2/Exercise7/tensorflow_lite/tensorflow/lite/kernels/internal/runtime_shape.h:59:11:int32_t tflite::RuntimeShape::Dims(int) const	8	static
/Users/mnadalorian/STM32CubeIDE/workspace_1.11.2/Exercise7/tensorflow_lite/tensorflow/lite/kernels/internal/runtime_shape.h:86:7:int tflite::RuntimeShape::FlatSize() const	8	static
/Users/mnadalorian/STM32CubeIDE/workspace_1.11.2/Exercise7/tensorflow_lite/tensorflow/lite/kernels/internal/runtime_shape.h:99:3:tflite::RuntimeShape::RuntimeShape(int, const tflite::RuntimeShape&, int)	24	static
/Users/mnadalorian/STM32CubeIDE/workspace_1.11.2/Exercise7/tensorflow_lite/tensorflow/lite/kernels/internal/common.h:868:12:int tflite::SubscriptToIndex(const tflite::NdArrayDesc<4>&, int, int, int, int)	16	static
/Users/mnadalorian/STM32CubeIDE/workspace_1.11.2/Exercise7/tensorflow_lite/tensorflow/lite/kernels/internal/reference/process_broadcast_shapes.h:40:13:bool tflite::reference_ops::ProcessBroadcastShapes(const tflite::RuntimeShape&, const tflite::RuntimeShape&, tflite::ArithmeticParams*)	72	static
../tensorflow_lite/tensorflow/lite/micro/kernels/cmsis_nn/mul.cc:106:20:TfLiteRegistration tflite::Register_MUL()	16	static
/Users/mnadalorian/STM32CubeIDE/workspace_1.11.2/Exercise7/tensorflow_lite/tensorflow/lite/kernels/internal/common.h:950:13:void tflite::CopyDimsToDesc(const tflite::RuntimeShape&, tflite::NdArrayDesc<N>*) [with int N = 4]	24	static
/Users/mnadalorian/STM32CubeIDE/workspace_1.11.2/Exercise7/tensorflow_lite/tensorflow/lite/kernels/internal/reference/integer_ops/mul.h:91:13:void tflite::reference_integer_ops::BroadcastMul4DSlow(const tflite::ArithmeticParams&, const tflite::RuntimeShape&, const T*, const tflite::RuntimeShape&, const T*, const tflite::RuntimeShape&, T*) [with T = signed char]	232	static
../tensorflow_lite/tensorflow/lite/micro/kernels/cmsis_nn/mul.cc:31:6:void tflite::{anonymous}::EvalQuantized(TfLiteContext*, TfLiteNode*, const tflite::OpDataMul*, const TfLiteEvalTensor*, const TfLiteEvalTensor*, TfLiteEvalTensor*)	344	static
../tensorflow_lite/tensorflow/lite/micro/kernels/cmsis_nn/mul.cc:72:14:TfLiteStatus tflite::Eval(TfLiteContext*, TfLiteNode*)	48	static
