../tensorflow_lite/tensorflow/lite/micro/kernels/cmsis_nn/softmax.cc:37:7:void* tflite::{anonymous}::Init(TfLiteContext*, const char*, size_t)	8	static
../tensorflow_lite/tensorflow/lite/micro/kernels/cmsis_nn/softmax.cc:133:14:TfLiteStatus tflite::{anonymous}::SoftmaxEvalInt8(TfLiteContext*, TfLiteNode*)	40	static
../tensorflow_lite/tensorflow/lite/micro/kernels/cmsis_nn/softmax.cc:167:14:TfLiteStatus tflite::{anonymous}::SoftmaxEvalInt16(TfLiteContext*, TfLiteNode*)	48	static
../tensorflow_lite/tensorflow/lite/micro/kernels/cmsis_nn/softmax.cc:150:14:TfLiteStatus tflite::{anonymous}::SoftmaxEvalInt8_Int16(TfLiteContext*, TfLiteNode*)	40	static
/Users/mnadalorian/STM32CubeIDE/workspace_1.11.2/Exercise7/tensorflow_lite/tensorflow/lite/kernels/internal/runtime_shape.h:59:11:int32_t tflite::RuntimeShape::Dims(int) const	8	static
/Users/mnadalorian/STM32CubeIDE/workspace_1.11.2/Exercise7/tensorflow_lite/tensorflow/lite/kernels/internal/types.h:263:12:int tflite::MatchingDim(const tflite::RuntimeShape&, int, const tflite::RuntimeShape&, int)	16	static
/Users/mnadalorian/STM32CubeIDE/workspace_1.11.2/Exercise7/tensorflow_lite/tensorflow/lite/kernels/internal/types.h:530:12:int tflite::MatchingFlatSizeSkipDim(const tflite::RuntimeShape&, int, const tflite::RuntimeShape&)	32	static
../tensorflow_lite/tensorflow/lite/micro/kernels/cmsis_nn/softmax.cc:43:14:TfLiteStatus tflite::{anonymous}::Prepare(TfLiteContext*, TfLiteNode*)	104	static
/Users/mnadalorian/STM32CubeIDE/workspace_1.11.2/Exercise7/tensorflow_lite/tensorflow/lite/kernels/internal/reference/softmax.h:31:13:void tflite::reference_ops::Softmax(const tflite::SoftmaxParams&, const tflite::RuntimeShape&, const float*, const tflite::RuntimeShape&, float*)	80	static
../tensorflow_lite/tensorflow/lite/micro/kernels/cmsis_nn/softmax.cc:77:14:TfLiteStatus tflite::{anonymous}::SoftmaxEval(TfLiteContext*, TfLiteNode*)	168	static
../tensorflow_lite/tensorflow/lite/micro/kernels/cmsis_nn/softmax.cc:192:20:TfLiteRegistration tflite::Register_SOFTMAX()	16	static
../tensorflow_lite/tensorflow/lite/micro/kernels/cmsis_nn/softmax.cc:196:20:TfLiteRegistration tflite::Register_SOFTMAX_INT8()	16	static
../tensorflow_lite/tensorflow/lite/micro/kernels/cmsis_nn/softmax.cc:200:20:TfLiteRegistration tflite::Register_SOFTMAX_INT8_INT16()	16	static
../tensorflow_lite/tensorflow/lite/micro/kernels/cmsis_nn/softmax.cc:204:20:TfLiteRegistration tflite::Register_SOFTMAX_INT16()	16	static
